12:16:56 **** Build of configuration TriCore Debug (GCC) for project 02_STM ****
make --output-sync -j24 all 
Building file: ../Libraries/iLLD/TC27D/Tricore/_PinMap/IfxAsclin_PinMap.c
Invoking: AURIX GCC Compiler
tricore-elf-gcc -std=c99 "@C:/Users/FM23/AURIX-v1.10.2-workspace/02_STM/02_STM/TriCore Debug (GCC)/AURIX_GCC_Compiler-Include_paths__-I_.opt" -Og -g3 -gdwarf-3 -Wall -c -fmessage-length=0 -fno-common -fstrict-volatile-bitfields -fdata-sections -ffunction-sections -mtc161 -MMD -MP -MF"Libraries/iLLD/TC27D/Tricore/_PinMap/IfxAsclin_PinMap.d" -MT"Libraries/iLLD/TC27D/Tricore/_PinMap/IfxAsclin_PinMap.o" -o "Libraries/iLLD/TC27D/Tricore/_PinMap/IfxAsclin_PinMap.o" "../Libraries/iLLD/TC27D/Tricore/_PinMap/IfxAsclin_PinMap.c"
Finished building: ../Libraries/iLLD/TC27D/Tricore/_PinMap/IfxAsclin_PinMap.c
 
Building file: ../Libraries/iLLD/TC27D/Tricore/_PinMap/IfxCcu6_PinMap.c
Invoking: AURIX GCC Compiler
tricore-elf-gcc -std=c99 "@C:/Users/FM23/AURIX-v1.10.2-workspace/02_STM/02_STM/TriCore Debug (GCC)/AURIX_GCC_Compiler-Include_paths__-I_.opt" -Og -g3 -gdwarf-3 -Wall -c -fmessage-length=0 -fno-common -fstrict-volatile-bitfields -fdata-sections -ffunction-sections -mtc161 -MMD -MP -MF"Libraries/iLLD/TC27D/Tricore/_PinMap/IfxCcu6_PinMap.d" -MT"Libraries/iLLD/TC27D/Tricore/_PinMap/IfxCcu6_PinMap.o" -o "Libraries/iLLD/TC27D/Tricore/_PinMap/IfxCcu6_PinMap.o" "../Libraries/iLLD/TC27D/Tricore/_PinMap/IfxCcu6_PinMap.c"
Finished building: ../Libraries/iLLD/TC27D/Tricore/_PinMap/IfxCcu6_PinMap.c
 
Building file: ../Libraries/iLLD/TC27D/Tricore/_PinMap/IfxCif_PinMap.c
Invoking: AURIX GCC Compiler
tricore-elf-gcc -std=c99 "@C:/Users/FM23/AURIX-v1.10.2-workspace/02_STM/02_STM/TriCore Debug (GCC)/AURIX_GCC_Compiler-Include_paths__-I_.opt" -Og -g3 -gdwarf-3 -Wall -c -fmessage-length=0 -fno-common -fstrict-volatile-bitfields -fdata-sections -ffunction-sections -mtc161 -MMD -MP -MF"Libraries/iLLD/TC27D/Tricore/_PinMap/IfxCif_PinMap.d" -MT"Libraries/iLLD/TC27D/Tricore/_PinMap/IfxCif_PinMap.o" -o "Libraries/iLLD/TC27D/Tricore/_PinMap/IfxCif_PinMap.o" "../Libraries/iLLD/TC27D/Tricore/_PinMap/IfxCif_PinMap.c"
Finished building: ../Libraries/iLLD/TC27D/Tricore/_PinMap/IfxCif_PinMap.c
 
Building file: ../STM/STM.c
Invoking: AURIX GCC Compiler
tricore-elf-gcc -std=c99 "@C:/Users/FM23/AURIX-v1.10.2-workspace/02_STM/02_STM/TriCore Debug (GCC)/AURIX_GCC_Compiler-Include_paths__-I_.opt" -Og -g3 -gdwarf-3 -Wall -c -fmessage-length=0 -fno-common -fstrict-volatile-bitfields -fdata-sections -ffunction-sections -mtc161 -MMD -MP -MF"STM/STM.d" -MT"STM/STM.o" -o "STM/STM.o" "../STM/STM.c"
Finished building: ../STM/STM.c
 
Building file: ../Libraries/iLLD/TC27D/Tricore/_PinMap/IfxDsadc_PinMap.c
Invoking: AURIX GCC Compiler
tricore-elf-gcc -std=c99 "@C:/Users/FM23/AURIX-v1.10.2-workspace/02_STM/02_STM/TriCore Debug (GCC)/AURIX_GCC_Compiler-Include_paths__-I_.opt" -Og -g3 -gdwarf-3 -Wall -c -fmessage-length=0 -fno-common -fstrict-volatile-bitfields -fdata-sections -ffunction-sections -mtc161 -MMD -MP -MF"Libraries/iLLD/TC27D/Tricore/_PinMap/IfxDsadc_PinMap.d" -MT"Libraries/iLLD/TC27D/Tricore/_PinMap/IfxDsadc_PinMap.o" -o "Libraries/iLLD/TC27D/Tricore/_PinMap/IfxDsadc_PinMap.o" "../Libraries/iLLD/TC27D/Tricore/_PinMap/IfxDsadc_PinMap.c"
Finished building: ../Libraries/iLLD/TC27D/Tricore/_PinMap/IfxDsadc_PinMap.c
 
Building file: ../Libraries/iLLD/TC27D/Tricore/_PinMap/IfxEth_PinMap.c
Invoking: AURIX GCC Compiler
tricore-elf-gcc -std=c99 "@C:/Users/FM23/AURIX-v1.10.2-workspace/02_STM/02_STM/TriCore Debug (GCC)/AURIX_GCC_Compiler-Include_paths__-I_.opt" -Og -g3 -gdwarf-3 -Wall -c -fmessage-length=0 -fno-common -fstrict-volatile-bitfields -fdata-sections -ffunction-sections -mtc161 -MMD -MP -MF"Libraries/iLLD/TC27D/Tricore/_PinMap/IfxEth_PinMap.d" -MT"Libraries/iLLD/TC27D/Tricore/_PinMap/IfxEth_PinMap.o" -o "Libraries/iLLD/TC27D/Tricore/_PinMap/IfxEth_PinMap.o" "../Libraries/iLLD/TC27D/Tricore/_PinMap/IfxEth_PinMap.c"
Finished building: ../Libraries/iLLD/TC27D/Tricore/_PinMap/IfxEth_PinMap.c
 
Building file: ../Libraries/iLLD/TC27D/Tricore/_PinMap/IfxEray_PinMap.c
Invoking: AURIX GCC Compiler
tricore-elf-gcc -std=c99 "@C:/Users/FM23/AURIX-v1.10.2-workspace/02_STM/02_STM/TriCore Debug (GCC)/AURIX_GCC_Compiler-Include_paths__-I_.opt" -Og -g3 -gdwarf-3 -Wall -c -fmessage-length=0 -fno-common -fstrict-volatile-bitfields -fdata-sections -ffunction-sections -mtc161 -MMD -MP -MF"Libraries/iLLD/TC27D/Tricore/_PinMap/IfxEray_PinMap.d" -MT"Libraries/iLLD/TC27D/Tricore/_PinMap/IfxEray_PinMap.o" -o "Libraries/iLLD/TC27D/Tricore/_PinMap/IfxEray_PinMap.o" "../Libraries/iLLD/TC27D/Tricore/_PinMap/IfxEray_PinMap.c"
Finished building: ../Libraries/iLLD/TC27D/Tricore/_PinMap/IfxEray_PinMap.c
 
Building file: ../Libraries/iLLD/TC27D/Tricore/_PinMap/IfxGpt12_PinMap.c
Invoking: AURIX GCC Compiler
tricore-elf-gcc -std=c99 "@C:/Users/FM23/AURIX-v1.10.2-workspace/02_STM/02_STM/TriCore Debug (GCC)/AURIX_GCC_Compiler-Include_paths__-I_.opt" -Og -g3 -gdwarf-3 -Wall -c -fmessage-length=0 -fno-common -fstrict-volatile-bitfields -fdata-sections -ffunction-sections -mtc161 -MMD -MP -MF"Libraries/iLLD/TC27D/Tricore/_PinMap/IfxGpt12_PinMap.d" -MT"Libraries/iLLD/TC27D/Tricore/_PinMap/IfxGpt12_PinMap.o" -o "Libraries/iLLD/TC27D/Tricore/_PinMap/IfxGpt12_PinMap.o" "../Libraries/iLLD/TC27D/Tricore/_PinMap/IfxGpt12_PinMap.c"
Finished building: ../Libraries/iLLD/TC27D/Tricore/_PinMap/IfxGpt12_PinMap.c
 
Building file: ../Libraries/iLLD/TC27D/Tricore/_PinMap/IfxI2c_PinMap.c
Invoking: AURIX GCC Compiler
tricore-elf-gcc -std=c99 "@C:/Users/FM23/AURIX-v1.10.2-workspace/02_STM/02_STM/TriCore Debug (GCC)/AURIX_GCC_Compiler-Include_paths__-I_.opt" -Og -g3 -gdwarf-3 -Wall -c -fmessage-length=0 -fno-common -fstrict-volatile-bitfields -fdata-sections -ffunction-sections -mtc161 -MMD -MP -MF"Libraries/iLLD/TC27D/Tricore/_PinMap/IfxI2c_PinMap.d" -MT"Libraries/iLLD/TC27D/Tricore/_PinMap/IfxI2c_PinMap.o" -o "Libraries/iLLD/TC27D/Tricore/_PinMap/IfxI2c_PinMap.o" "../Libraries/iLLD/TC27D/Tricore/_PinMap/IfxI2c_PinMap.c"
Finished building: ../Libraries/iLLD/TC27D/Tricore/_PinMap/IfxI2c_PinMap.c
 
Building file: ../Libraries/iLLD/TC27D/Tricore/_PinMap/IfxMsc_PinMap.c
Invoking: AURIX GCC Compiler
tricore-elf-gcc -std=c99 "@C:/Users/FM23/AURIX-v1.10.2-workspace/02_STM/02_STM/TriCore Debug (GCC)/AURIX_GCC_Compiler-Include_paths__-I_.opt" -Og -g3 -gdwarf-3 -Wall -c -fmessage-length=0 -fno-common -fstrict-volatile-bitfields -fdata-sections -ffunction-sections -mtc161 -MMD -MP -MF"Libraries/iLLD/TC27D/Tricore/_PinMap/IfxMsc_PinMap.d" -MT"Libraries/iLLD/TC27D/Tricore/_PinMap/IfxMsc_PinMap.o" -o "Libraries/iLLD/TC27D/Tricore/_PinMap/IfxMsc_PinMap.o" "../Libraries/iLLD/TC27D/Tricore/_PinMap/IfxMsc_PinMap.c"
Finished building: ../Libraries/iLLD/TC27D/Tricore/_PinMap/IfxMsc_PinMap.c
 
Building file: ../Libraries/iLLD/TC27D/Tricore/_PinMap/IfxMultican_PinMap.c
Invoking: AURIX GCC Compiler
tricore-elf-gcc -std=c99 "@C:/Users/FM23/AURIX-v1.10.2-workspace/02_STM/02_STM/TriCore Debug (GCC)/AURIX_GCC_Compiler-Include_paths__-I_.opt" -Og -g3 -gdwarf-3 -Wall -c -fmessage-length=0 -fno-common -fstrict-volatile-bitfields -fdata-sections -ffunction-sections -mtc161 -MMD -MP -MF"Libraries/iLLD/TC27D/Tricore/_PinMap/IfxMultican_PinMap.d" -MT"Libraries/iLLD/TC27D/Tricore/_PinMap/IfxMultican_PinMap.o" -o "Libraries/iLLD/TC27D/Tricore/_PinMap/IfxMultican_PinMap.o" "../Libraries/iLLD/TC27D/Tricore/_PinMap/IfxMultican_PinMap.c"
Finished building: ../Libraries/iLLD/TC27D/Tricore/_PinMap/IfxMultican_PinMap.c
 
Building file: ../Libraries/iLLD/TC27D/Tricore/_PinMap/IfxPort_PinMap.c
Invoking: AURIX GCC Compiler
tricore-elf-gcc -std=c99 "@C:/Users/FM23/AURIX-v1.10.2-workspace/02_STM/02_STM/TriCore Debug (GCC)/AURIX_GCC_Compiler-Include_paths__-I_.opt" -Og -g3 -gdwarf-3 -Wall -c -fmessage-length=0 -fno-common -fstrict-volatile-bitfields -fdata-sections -ffunction-sections -mtc161 -MMD -MP -MF"Libraries/iLLD/TC27D/Tricore/_PinMap/IfxPort_PinMap.d" -MT"Libraries/iLLD/TC27D/Tricore/_PinMap/IfxPort_PinMap.o" -o "Libraries/iLLD/TC27D/Tricore/_PinMap/IfxPort_PinMap.o" "../Libraries/iLLD/TC27D/Tricore/_PinMap/IfxPort_PinMap.c"
Finished building: ../Libraries/iLLD/TC27D/Tricore/_PinMap/IfxPort_PinMap.c
 
Building file: ../Libraries/iLLD/TC27D/Tricore/_PinMap/IfxGtm_PinMap.c
Invoking: AURIX GCC Compiler
tricore-elf-gcc -std=c99 "@C:/Users/FM23/AURIX-v1.10.2-workspace/02_STM/02_STM/TriCore Debug (GCC)/AURIX_GCC_Compiler-Include_paths__-I_.opt" -Og -g3 -gdwarf-3 -Wall -c -fmessage-length=0 -fno-common -fstrict-volatile-bitfields -fdata-sections -ffunction-sections -mtc161 -MMD -MP -MF"Libraries/iLLD/TC27D/Tricore/_PinMap/IfxGtm_PinMap.d" -MT"Libraries/iLLD/TC27D/Tricore/_PinMap/IfxGtm_PinMap.o" -o "Libraries/iLLD/TC27D/Tricore/_PinMap/IfxGtm_PinMap.o" "../Libraries/iLLD/TC27D/Tricore/_PinMap/IfxGtm_PinMap.c"
Finished building: ../Libraries/iLLD/TC27D/Tricore/_PinMap/IfxGtm_PinMap.c
 
Building file: ../Libraries/iLLD/TC27D/Tricore/_PinMap/IfxPsi5s_PinMap.c
Invoking: AURIX GCC Compiler
tricore-elf-gcc -std=c99 "@C:/Users/FM23/AURIX-v1.10.2-workspace/02_STM/02_STM/TriCore Debug (GCC)/AURIX_GCC_Compiler-Include_paths__-I_.opt" -Og -g3 -gdwarf-3 -Wall -c -fmessage-length=0 -fno-common -fstrict-volatile-bitfields -fdata-sections -ffunction-sections -mtc161 -MMD -MP -MF"Libraries/iLLD/TC27D/Tricore/_PinMap/IfxPsi5s_PinMap.d" -MT"Libraries/iLLD/TC27D/Tricore/_PinMap/IfxPsi5s_PinMap.o" -o "Libraries/iLLD/TC27D/Tricore/_PinMap/IfxPsi5s_PinMap.o" "../Libraries/iLLD/TC27D/Tricore/_PinMap/IfxPsi5s_PinMap.c"
Finished building: ../Libraries/iLLD/TC27D/Tricore/_PinMap/IfxPsi5s_PinMap.c
 
Building file: ../Libraries/iLLD/TC27D/Tricore/_PinMap/IfxPsi5_PinMap.c
Invoking: AURIX GCC Compiler
tricore-elf-gcc -std=c99 "@C:/Users/FM23/AURIX-v1.10.2-workspace/02_STM/02_STM/TriCore Debug (GCC)/AURIX_GCC_Compiler-Include_paths__-I_.opt" -Og -g3 -gdwarf-3 -Wall -c -fmessage-length=0 -fno-common -fstrict-volatile-bitfields -fdata-sections -ffunction-sections -mtc161 -MMD -MP -MF"Libraries/iLLD/TC27D/Tricore/_PinMap/IfxPsi5_PinMap.d" -MT"Libraries/iLLD/TC27D/Tricore/_PinMap/IfxPsi5_PinMap.o" -o "Libraries/iLLD/TC27D/Tricore/_PinMap/IfxPsi5_PinMap.o" "../Libraries/iLLD/TC27D/Tricore/_PinMap/IfxPsi5_PinMap.c"
Finished building: ../Libraries/iLLD/TC27D/Tricore/_PinMap/IfxPsi5_PinMap.c
 
Building file: ../Libraries/iLLD/TC27D/Tricore/_PinMap/IfxQspi_PinMap.c
Invoking: AURIX GCC Compiler
tricore-elf-gcc -std=c99 "@C:/Users/FM23/AURIX-v1.10.2-workspace/02_STM/02_STM/TriCore Debug (GCC)/AURIX_GCC_Compiler-Include_paths__-I_.opt" -Og -g3 -gdwarf-3 -Wall -c -fmessage-length=0 -fno-common -fstrict-volatile-bitfields -fdata-sections -ffunction-sections -mtc161 -MMD -MP -MF"Libraries/iLLD/TC27D/Tricore/_PinMap/IfxQspi_PinMap.d" -MT"Libraries/iLLD/TC27D/Tricore/_PinMap/IfxQspi_PinMap.o" -o "Libraries/iLLD/TC27D/Tricore/_PinMap/IfxQspi_PinMap.o" "../Libraries/iLLD/TC27D/Tricore/_PinMap/IfxQspi_PinMap.c"
Finished building: ../Libraries/iLLD/TC27D/Tricore/_PinMap/IfxQspi_PinMap.c
 
Building file: ../Libraries/iLLD/TC27D/Tricore/_PinMap/IfxScu_PinMap.c
Invoking: AURIX GCC Compiler
tricore-elf-gcc -std=c99 "@C:/Users/FM23/AURIX-v1.10.2-workspace/02_STM/02_STM/TriCore Debug (GCC)/AURIX_GCC_Compiler-Include_paths__-I_.opt" -Og -g3 -gdwarf-3 -Wall -c -fmessage-length=0 -fno-common -fstrict-volatile-bitfields -fdata-sections -ffunction-sections -mtc161 -MMD -MP -MF"Libraries/iLLD/TC27D/Tricore/_PinMap/IfxScu_PinMap.d" -MT"Libraries/iLLD/TC27D/Tricore/_PinMap/IfxScu_PinMap.o" -o "Libraries/iLLD/TC27D/Tricore/_PinMap/IfxScu_PinMap.o" "../Libraries/iLLD/TC27D/Tricore/_PinMap/IfxScu_PinMap.c"
Finished building: ../Libraries/iLLD/TC27D/Tricore/_PinMap/IfxScu_PinMap.c
 
Building file: ../Libraries/iLLD/TC27D/Tricore/_PinMap/IfxSent_PinMap.c
Invoking: AURIX GCC Compiler
tricore-elf-gcc -std=c99 "@C:/Users/FM23/AURIX-v1.10.2-workspace/02_STM/02_STM/TriCore Debug (GCC)/AURIX_GCC_Compiler-Include_paths__-I_.opt" -Og -g3 -gdwarf-3 -Wall -c -fmessage-length=0 -fno-common -fstrict-volatile-bitfields -fdata-sections -ffunction-sections -mtc161 -MMD -MP -MF"Libraries/iLLD/TC27D/Tricore/_PinMap/IfxSent_PinMap.d" -MT"Libraries/iLLD/TC27D/Tricore/_PinMap/IfxSent_PinMap.o" -o "Libraries/iLLD/TC27D/Tricore/_PinMap/IfxSent_PinMap.o" "../Libraries/iLLD/TC27D/Tricore/_PinMap/IfxSent_PinMap.c"
Finished building: ../Libraries/iLLD/TC27D/Tricore/_PinMap/IfxSent_PinMap.c
 
Building file: ../Libraries/iLLD/TC27D/Tricore/_PinMap/IfxSmu_PinMap.c
Invoking: AURIX GCC Compiler
tricore-elf-gcc -std=c99 "@C:/Users/FM23/AURIX-v1.10.2-workspace/02_STM/02_STM/TriCore Debug (GCC)/AURIX_GCC_Compiler-Include_paths__-I_.opt" -Og -g3 -gdwarf-3 -Wall -c -fmessage-length=0 -fno-common -fstrict-volatile-bitfields -fdata-sections -ffunction-sections -mtc161 -MMD -MP -MF"Libraries/iLLD/TC27D/Tricore/_PinMap/IfxSmu_PinMap.d" -MT"Libraries/iLLD/TC27D/Tricore/_PinMap/IfxSmu_PinMap.o" -o "Libraries/iLLD/TC27D/Tricore/_PinMap/IfxSmu_PinMap.o" "../Libraries/iLLD/TC27D/Tricore/_PinMap/IfxSmu_PinMap.c"
Finished building: ../Libraries/iLLD/TC27D/Tricore/_PinMap/IfxSmu_PinMap.c
 
Building file: ../Libraries/iLLD/TC27D/Tricore/_PinMap/IfxVadc_PinMap.c
Invoking: AURIX GCC Compiler
tricore-elf-gcc -std=c99 "@C:/Users/FM23/AURIX-v1.10.2-workspace/02_STM/02_STM/TriCore Debug (GCC)/AURIX_GCC_Compiler-Include_paths__-I_.opt" -Og -g3 -gdwarf-3 -Wall -c -fmessage-length=0 -fno-common -fstrict-volatile-bitfields -fdata-sections -ffunction-sections -mtc161 -MMD -MP -MF"Libraries/iLLD/TC27D/Tricore/_PinMap/IfxVadc_PinMap.d" -MT"Libraries/iLLD/TC27D/Tricore/_PinMap/IfxVadc_PinMap.o" -o "Libraries/iLLD/TC27D/Tricore/_PinMap/IfxVadc_PinMap.o" "../Libraries/iLLD/TC27D/Tricore/_PinMap/IfxVadc_PinMap.c"
Finished building: ../Libraries/iLLD/TC27D/Tricore/_PinMap/IfxVadc_PinMap.c
 
Building file: ../Libraries/iLLD/TC27D/Tricore/_Impl/IfxAsclin_cfg.c
Invoking: AURIX GCC Compiler
tricore-elf-gcc -std=c99 "@C:/Users/FM23/AURIX-v1.10.2-workspace/02_STM/02_STM/TriCore Debug (GCC)/AURIX_GCC_Compiler-Include_paths__-I_.opt" -Og -g3 -gdwarf-3 -Wall -c -fmessage-length=0 -fno-common -fstrict-volatile-bitfields -fdata-sections -ffunction-sections -mtc161 -MMD -MP -MF"Libraries/iLLD/TC27D/Tricore/_Impl/IfxAsclin_cfg.d" -MT"Libraries/iLLD/TC27D/Tricore/_Impl/IfxAsclin_cfg.o" -o "Libraries/iLLD/TC27D/Tricore/_Impl/IfxAsclin_cfg.o" "../Libraries/iLLD/TC27D/Tricore/_Impl/IfxAsclin_cfg.c"
Finished building: ../Libraries/iLLD/TC27D/Tricore/_Impl/IfxAsclin_cfg.c
 
Building file: ../Libraries/iLLD/TC27D/Tricore/_Impl/IfxCcu6_cfg.c
Invoking: AURIX GCC Compiler
tricore-elf-gcc -std=c99 "@C:/Users/FM23/AURIX-v1.10.2-workspace/02_STM/02_STM/TriCore Debug (GCC)/AURIX_GCC_Compiler-Include_paths__-I_.opt" -Og -g3 -gdwarf-3 -Wall -c -fmessage-length=0 -fno-common -fstrict-volatile-bitfields -fdata-sections -ffunction-sections -mtc161 -MMD -MP -MF"Libraries/iLLD/TC27D/Tricore/_Impl/IfxCcu6_cfg.d" -MT"Libraries/iLLD/TC27D/Tricore/_Impl/IfxCcu6_cfg.o" -o "Libraries/iLLD/TC27D/Tricore/_Impl/IfxCcu6_cfg.o" "../Libraries/iLLD/TC27D/Tricore/_Impl/IfxCcu6_cfg.c"
Finished building: ../Libraries/iLLD/TC27D/Tricore/_Impl/IfxCcu6_cfg.c
 
Building file: ../Libraries/iLLD/TC27D/Tricore/_Impl/IfxCif_cfg.c
Invoking: AURIX GCC Compiler
tricore-elf-gcc -std=c99 "@C:/Users/FM23/AURIX-v1.10.2-workspace/02_STM/02_STM/TriCore Debug (GCC)/AURIX_GCC_Compiler-Include_paths__-I_.opt" -Og -g3 -gdwarf-3 -Wall -c -fmessage-length=0 -fno-common -fstrict-volatile-bitfields -fdata-sections -ffunction-sections -mtc161 -MMD -MP -MF"Libraries/iLLD/TC27D/Tricore/_Impl/IfxCif_cfg.d" -MT"Libraries/iLLD/TC27D/Tricore/_Impl/IfxCif_cfg.o" -o "Libraries/iLLD/TC27D/Tricore/_Impl/IfxCif_cfg.o" "../Libraries/iLLD/TC27D/Tricore/_Impl/IfxCif_cfg.c"
Finished building: ../Libraries/iLLD/TC27D/Tricore/_Impl/IfxCif_cfg.c
 
Building file: ../Libraries/iLLD/TC27D/Tricore/_Impl/IfxCpu_cfg.c
Invoking: AURIX GCC Compiler
tricore-elf-gcc -std=c99 "@C:/Users/FM23/AURIX-v1.10.2-workspace/02_STM/02_STM/TriCore Debug (GCC)/AURIX_GCC_Compiler-Include_paths__-I_.opt" -Og -g3 -gdwarf-3 -Wall -c -fmessage-length=0 -fno-common -fstrict-volatile-bitfields -fdata-sections -ffunction-sections -mtc161 -MMD -MP -MF"Libraries/iLLD/TC27D/Tricore/_Impl/IfxCpu_cfg.d" -MT"Libraries/iLLD/TC27D/Tricore/_Impl/IfxCpu_cfg.o" -o "Libraries/iLLD/TC27D/Tricore/_Impl/IfxCpu_cfg.o" "../Libraries/iLLD/TC27D/Tricore/_Impl/IfxCpu_cfg.c"
Finished building: ../Libraries/iLLD/TC27D/Tricore/_Impl/IfxCpu_cfg.c
 
Building file: ../Libraries/iLLD/TC27D/Tricore/_Impl/IfxDma_cfg.c
Invoking: AURIX GCC Compiler
tricore-elf-gcc -std=c99 "@C:/Users/FM23/AURIX-v1.10.2-workspace/02_STM/02_STM/TriCore Debug (GCC)/AURIX_GCC_Compiler-Include_paths__-I_.opt" -Og -g3 -gdwarf-3 -Wall -c -fmessage-length=0 -fno-common -fstrict-volatile-bitfields -fdata-sections -ffunction-sections -mtc161 -MMD -MP -MF"Libraries/iLLD/TC27D/Tricore/_Impl/IfxDma_cfg.d" -MT"Libraries/iLLD/TC27D/Tricore/_Impl/IfxDma_cfg.o" -o "Libraries/iLLD/TC27D/Tricore/_Impl/IfxDma_cfg.o" "../Libraries/iLLD/TC27D/Tricore/_Impl/IfxDma_cfg.c"
Finished building: ../Libraries/iLLD/TC27D/Tricore/_Impl/IfxDma_cfg.c
 
Building file: ../Libraries/iLLD/TC27D/Tricore/_Impl/IfxEmem_cfg.c
Invoking: AURIX GCC Compiler
tricore-elf-gcc -std=c99 "@C:/Users/FM23/AURIX-v1.10.2-workspace/02_STM/02_STM/TriCore Debug (GCC)/AURIX_GCC_Compiler-Include_paths__-I_.opt" -Og -g3 -gdwarf-3 -Wall -c -fmessage-length=0 -fno-common -fstrict-volatile-bitfields -fdata-sections -ffunction-sections -mtc161 -MMD -MP -MF"Libraries/iLLD/TC27D/Tricore/_Impl/IfxEmem_cfg.d" -MT"Libraries/iLLD/TC27D/Tricore/_Impl/IfxEmem_cfg.o" -o "Libraries/iLLD/TC27D/Tricore/_Impl/IfxEmem_cfg.o" "../Libraries/iLLD/TC27D/Tricore/_Impl/IfxEmem_cfg.c"
Finished building: ../Libraries/iLLD/TC27D/Tricore/_Impl/IfxEmem_cfg.c
 
Building file: ../Libraries/iLLD/TC27D/Tricore/_Impl/IfxEray_cfg.c
Invoking: AURIX GCC Compiler
tricore-elf-gcc -std=c99 "@C:/Users/FM23/AURIX-v1.10.2-workspace/02_STM/02_STM/TriCore Debug (GCC)/AURIX_GCC_Compiler-Include_paths__-I_.opt" -Og -g3 -gdwarf-3 -Wall -c -fmessage-length=0 -fno-common -fstrict-volatile-bitfields -fdata-sections -ffunction-sections -mtc161 -MMD -MP -MF"Libraries/iLLD/TC27D/Tricore/_Impl/IfxEray_cfg.d" -MT"Libraries/iLLD/TC27D/Tricore/_Impl/IfxEray_cfg.o" -o "Libraries/iLLD/TC27D/Tricore/_Impl/IfxEray_cfg.o" "../Libraries/iLLD/TC27D/Tricore/_Impl/IfxEray_cfg.c"
Finished building: ../Libraries/iLLD/TC27D/Tricore/_Impl/IfxEray_cfg.c
 
Building file: ../Libraries/iLLD/TC27D/Tricore/_Impl/IfxFlash_cfg.c
Invoking: AURIX GCC Compiler
tricore-elf-gcc -std=c99 "@C:/Users/FM23/AURIX-v1.10.2-workspace/02_STM/02_STM/TriCore Debug (GCC)/AURIX_GCC_Compiler-Include_paths__-I_.opt" -Og -g3 -gdwarf-3 -Wall -c -fmessage-length=0 -fno-common -fstrict-volatile-bitfields -fdata-sections -ffunction-sections -mtc161 -MMD -MP -MF"Libraries/iLLD/TC27D/Tricore/_Impl/IfxFlash_cfg.d" -MT"Libraries/iLLD/TC27D/Tricore/_Impl/IfxFlash_cfg.o" -o "Libraries/iLLD/TC27D/Tricore/_Impl/IfxFlash_cfg.o" "../Libraries/iLLD/TC27D/Tricore/_Impl/IfxFlash_cfg.c"
Finished building: ../Libraries/iLLD/TC27D/Tricore/_Impl/IfxFlash_cfg.c
 
Building file: ../Libraries/iLLD/TC27D/Tricore/_Impl/IfxHssl_cfg.c
Invoking: AURIX GCC Compiler
tricore-elf-gcc -std=c99 "@C:/Users/FM23/AURIX-v1.10.2-workspace/02_STM/02_STM/TriCore Debug (GCC)/AURIX_GCC_Compiler-Include_paths__-I_.opt" -Og -g3 -gdwarf-3 -Wall -c -fmessage-length=0 -fno-common -fstrict-volatile-bitfields -fdata-sections -ffunction-sections -mtc161 -MMD -MP -MF"Libraries/iLLD/TC27D/Tricore/_Impl/IfxHssl_cfg.d" -MT"Libraries/iLLD/TC27D/Tricore/_Impl/IfxHssl_cfg.o" -o "Libraries/iLLD/TC27D/Tricore/_Impl/IfxHssl_cfg.o" "../Libraries/iLLD/TC27D/Tricore/_Impl/IfxHssl_cfg.c"
Finished building: ../Libraries/iLLD/TC27D/Tricore/_Impl/IfxHssl_cfg.c
 
Building file: ../Libraries/iLLD/TC27D/Tricore/_Impl/IfxI2c_cfg.c
Invoking: AURIX GCC Compiler
tricore-elf-gcc -std=c99 "@C:/Users/FM23/AURIX-v1.10.2-workspace/02_STM/02_STM/TriCore Debug (GCC)/AURIX_GCC_Compiler-Include_paths__-I_.opt" -Og -g3 -gdwarf-3 -Wall -c -fmessage-length=0 -fno-common -fstrict-volatile-bitfields -fdata-sections -ffunction-sections -mtc161 -MMD -MP -MF"Libraries/iLLD/TC27D/Tricore/_Impl/IfxI2c_cfg.d" -MT"Libraries/iLLD/TC27D/Tricore/_Impl/IfxI2c_cfg.o" -o "Libraries/iLLD/TC27D/Tricore/_Impl/IfxI2c_cfg.o" "../Libraries/iLLD/TC27D/Tricore/_Impl/IfxI2c_cfg.c"
Finished building: ../Libraries/iLLD/TC27D/Tricore/_Impl/IfxI2c_cfg.c
 
Building file: ../Libraries/iLLD/TC27D/Tricore/_Impl/IfxMsc_cfg.c
Invoking: AURIX GCC Compiler
tricore-elf-gcc -std=c99 "@C:/Users/FM23/AURIX-v1.10.2-workspace/02_STM/02_STM/TriCore Debug (GCC)/AURIX_GCC_Compiler-Include_paths__-I_.opt" -Og -g3 -gdwarf-3 -Wall -c -fmessage-length=0 -fno-common -fstrict-volatile-bitfields -fdata-sections -ffunction-sections -mtc161 -MMD -MP -MF"Libraries/iLLD/TC27D/Tricore/_Impl/IfxMsc_cfg.d" -MT"Libraries/iLLD/TC27D/Tricore/_Impl/IfxMsc_cfg.o" -o "Libraries/iLLD/TC27D/Tricore/_Impl/IfxMsc_cfg.o" "../Libraries/iLLD/TC27D/Tricore/_Impl/IfxMsc_cfg.c"
Finished building: ../Libraries/iLLD/TC27D/Tricore/_Impl/IfxMsc_cfg.c
 
Building file: ../Libraries/iLLD/TC27D/Tricore/_Impl/IfxGtm_cfg.c
Invoking: AURIX GCC Compiler
tricore-elf-gcc -std=c99 "@C:/Users/FM23/AURIX-v1.10.2-workspace/02_STM/02_STM/TriCore Debug (GCC)/AURIX_GCC_Compiler-Include_paths__-I_.opt" -Og -g3 -gdwarf-3 -Wall -c -fmessage-length=0 -fno-common -fstrict-volatile-bitfields -fdata-sections -ffunction-sections -mtc161 -MMD -MP -MF"Libraries/iLLD/TC27D/Tricore/_Impl/IfxGtm_cfg.d" -MT"Libraries/iLLD/TC27D/Tricore/_Impl/IfxGtm_cfg.o" -o "Libraries/iLLD/TC27D/Tricore/_Impl/IfxGtm_cfg.o" "../Libraries/iLLD/TC27D/Tricore/_Impl/IfxGtm_cfg.c"
Finished building: ../Libraries/iLLD/TC27D/Tricore/_Impl/IfxGtm_cfg.c
 
Building file: ../Libraries/iLLD/TC27D/Tricore/_Impl/IfxPort_cfg.c
Invoking: AURIX GCC Compiler
tricore-elf-gcc -std=c99 "@C:/Users/FM23/AURIX-v1.10.2-workspace/02_STM/02_STM/TriCore Debug (GCC)/AURIX_GCC_Compiler-Include_paths__-I_.opt" -Og -g3 -gdwarf-3 -Wall -c -fmessage-length=0 -fno-common -fstrict-volatile-bitfields -fdata-sections -ffunction-sections -mtc161 -MMD -MP -MF"Libraries/iLLD/TC27D/Tricore/_Impl/IfxPort_cfg.d" -MT"Libraries/iLLD/TC27D/Tricore/_Impl/IfxPort_cfg.o" -o "Libraries/iLLD/TC27D/Tricore/_Impl/IfxPort_cfg.o" "../Libraries/iLLD/TC27D/Tricore/_Impl/IfxPort_cfg.c"
Finished building: ../Libraries/iLLD/TC27D/Tricore/_Impl/IfxPort_cfg.c
 
Building file: ../Libraries/iLLD/TC27D/Tricore/_Impl/IfxPsi5_cfg.c
Invoking: AURIX GCC Compiler
tricore-elf-gcc -std=c99 "@C:/Users/FM23/AURIX-v1.10.2-workspace/02_STM/02_STM/TriCore Debug (GCC)/AURIX_GCC_Compiler-Include_paths__-I_.opt" -Og -g3 -gdwarf-3 -Wall -c -fmessage-length=0 -fno-common -fstrict-volatile-bitfields -fdata-sections -ffunction-sections -mtc161 -MMD -MP -MF"Libraries/iLLD/TC27D/Tricore/_Impl/IfxPsi5_cfg.d" -MT"Libraries/iLLD/TC27D/Tricore/_Impl/IfxPsi5_cfg.o" -o "Libraries/iLLD/TC27D/Tricore/_Impl/IfxPsi5_cfg.o" "../Libraries/iLLD/TC27D/Tricore/_Impl/IfxPsi5_cfg.c"
Finished building: ../Libraries/iLLD/TC27D/Tricore/_Impl/IfxPsi5_cfg.c
 
Building file: ../Libraries/iLLD/TC27D/Tricore/_Impl/IfxMultican_cfg.c
Invoking: AURIX GCC Compiler
tricore-elf-gcc -std=c99 "@C:/Users/FM23/AURIX-v1.10.2-workspace/02_STM/02_STM/TriCore Debug (GCC)/AURIX_GCC_Compiler-Include_paths__-I_.opt" -Og -g3 -gdwarf-3 -Wall -c -fmessage-length=0 -fno-common -fstrict-volatile-bitfields -fdata-sections -ffunction-sections -mtc161 -MMD -MP -MF"Libraries/iLLD/TC27D/Tricore/_Impl/IfxMultican_cfg.d" -MT"Libraries/iLLD/TC27D/Tricore/_Impl/IfxMultican_cfg.o" -o "Libraries/iLLD/TC27D/Tricore/_Impl/IfxMultican_cfg.o" "../Libraries/iLLD/TC27D/Tricore/_Impl/IfxMultican_cfg.c"
Finished building: ../Libraries/iLLD/TC27D/Tricore/_Impl/IfxMultican_cfg.c
 
Building file: ../Libraries/iLLD/TC27D/Tricore/_Impl/IfxQspi_cfg.c
Invoking: AURIX GCC Compiler
tricore-elf-gcc -std=c99 "@C:/Users/FM23/AURIX-v1.10.2-workspace/02_STM/02_STM/TriCore Debug (GCC)/AURIX_GCC_Compiler-Include_paths__-I_.opt" -Og -g3 -gdwarf-3 -Wall -c -fmessage-length=0 -fno-common -fstrict-volatile-bitfields -fdata-sections -ffunction-sections -mtc161 -MMD -MP -MF"Libraries/iLLD/TC27D/Tricore/_Impl/IfxQspi_cfg.d" -MT"Libraries/iLLD/TC27D/Tricore/_Impl/IfxQspi_cfg.o" -o "Libraries/iLLD/TC27D/Tricore/_Impl/IfxQspi_cfg.o" "../Libraries/iLLD/TC27D/Tricore/_Impl/IfxQspi_cfg.c"
Finished building: ../Libraries/iLLD/TC27D/Tricore/_Impl/IfxQspi_cfg.c
 
Building file: ../Libraries/iLLD/TC27D/Tricore/_Impl/IfxScu_cfg.c
Invoking: AURIX GCC Compiler
tricore-elf-gcc -std=c99 "@C:/Users/FM23/AURIX-v1.10.2-workspace/02_STM/02_STM/TriCore Debug (GCC)/AURIX_GCC_Compiler-Include_paths__-I_.opt" -Og -g3 -gdwarf-3 -Wall -c -fmessage-length=0 -fno-common -fstrict-volatile-bitfields -fdata-sections -ffunction-sections -mtc161 -MMD -MP -MF"Libraries/iLLD/TC27D/Tricore/_Impl/IfxScu_cfg.d" -MT"Libraries/iLLD/TC27D/Tricore/_Impl/IfxScu_cfg.o" -o "Libraries/iLLD/TC27D/Tricore/_Impl/IfxScu_cfg.o" "../Libraries/iLLD/TC27D/Tricore/_Impl/IfxScu_cfg.c"
Finished building: ../Libraries/iLLD/TC27D/Tricore/_Impl/IfxScu_cfg.c
 
Building file: ../Libraries/iLLD/TC27D/Tricore/_Impl/IfxSent_cfg.c
Invoking: AURIX GCC Compiler
tricore-elf-gcc -std=c99 "@C:/Users/FM23/AURIX-v1.10.2-workspace/02_STM/02_STM/TriCore Debug (GCC)/AURIX_GCC_Compiler-Include_paths__-I_.opt" -Og -g3 -gdwarf-3 -Wall -c -fmessage-length=0 -fno-common -fstrict-volatile-bitfields -fdata-sections -ffunction-sections -mtc161 -MMD -MP -MF"Libraries/iLLD/TC27D/Tricore/_Impl/IfxSent_cfg.d" -MT"Libraries/iLLD/TC27D/Tricore/_Impl/IfxSent_cfg.o" -o "Libraries/iLLD/TC27D/Tricore/_Impl/IfxSent_cfg.o" "../Libraries/iLLD/TC27D/Tricore/_Impl/IfxSent_cfg.c"
Finished building: ../Libraries/iLLD/TC27D/Tricore/_Impl/IfxSent_cfg.c
 
Building file: ../Libraries/iLLD/TC27D/Tricore/_Impl/IfxMtu_cfg.c
Invoking: AURIX GCC Compiler
tricore-elf-gcc -std=c99 "@C:/Users/FM23/AURIX-v1.10.2-workspace/02_STM/02_STM/TriCore Debug (GCC)/AURIX_GCC_Compiler-Include_paths__-I_.opt" -Og -g3 -gdwarf-3 -Wall -c -fmessage-length=0 -fno-common -fstrict-volatile-bitfields -fdata-sections -ffunction-sections -mtc161 -MMD -MP -MF"Libraries/iLLD/TC27D/Tricore/_Impl/IfxMtu_cfg.d" -MT"Libraries/iLLD/TC27D/Tricore/_Impl/IfxMtu_cfg.o" -o "Libraries/iLLD/TC27D/Tricore/_Impl/IfxMtu_cfg.o" "../Libraries/iLLD/TC27D/Tricore/_Impl/IfxMtu_cfg.c"
Finished building: ../Libraries/iLLD/TC27D/Tricore/_Impl/IfxMtu_cfg.c
 
Building file: ../Libraries/iLLD/TC27D/Tricore/_Impl/IfxSmu_cfg.c
Invoking: AURIX GCC Compiler
tricore-elf-gcc -std=c99 "@C:/Users/FM23/AURIX-v1.10.2-workspace/02_STM/02_STM/TriCore Debug (GCC)/AURIX_GCC_Compiler-Include_paths__-I_.opt" -Og -g3 -gdwarf-3 -Wall -c -fmessage-length=0 -fno-common -fstrict-volatile-bitfields -fdata-sections -ffunction-sections -mtc161 -MMD -MP -MF"Libraries/iLLD/TC27D/Tricore/_Impl/IfxSmu_cfg.d" -MT"Libraries/iLLD/TC27D/Tricore/_Impl/IfxSmu_cfg.o" -o "Libraries/iLLD/TC27D/Tricore/_Impl/IfxSmu_cfg.o" "../Libraries/iLLD/TC27D/Tricore/_Impl/IfxSmu_cfg.c"
Finished building: ../Libraries/iLLD/TC27D/Tricore/_Impl/IfxSmu_cfg.c
 
Building file: ../Libraries/iLLD/TC27D/Tricore/_Impl/IfxSrc_cfg.c
Invoking: AURIX GCC Compiler
tricore-elf-gcc -std=c99 "@C:/Users/FM23/AURIX-v1.10.2-workspace/02_STM/02_STM/TriCore Debug (GCC)/AURIX_GCC_Compiler-Include_paths__-I_.opt" -Og -g3 -gdwarf-3 -Wall -c -fmessage-length=0 -fno-common -fstrict-volatile-bitfields -fdata-sections -ffunction-sections -mtc161 -MMD -MP -MF"Libraries/iLLD/TC27D/Tricore/_Impl/IfxSrc_cfg.d" -MT"Libraries/iLLD/TC27D/Tricore/_Impl/IfxSrc_cfg.o" -o "Libraries/iLLD/TC27D/Tricore/_Impl/IfxSrc_cfg.o" "../Libraries/iLLD/TC27D/Tricore/_Impl/IfxSrc_cfg.c"
Finished building: ../Libraries/iLLD/TC27D/Tricore/_Impl/IfxSrc_cfg.c
 
Building file: ../Libraries/iLLD/TC27D/Tricore/_Impl/IfxStm_cfg.c
Invoking: AURIX GCC Compiler
tricore-elf-gcc -std=c99 "@C:/Users/FM23/AURIX-v1.10.2-workspace/02_STM/02_STM/TriCore Debug (GCC)/AURIX_GCC_Compiler-Include_paths__-I_.opt" -Og -g3 -gdwarf-3 -Wall -c -fmessage-length=0 -fno-common -fstrict-volatile-bitfields -fdata-sections -ffunction-sections -mtc161 -MMD -MP -MF"Libraries/iLLD/TC27D/Tricore/_Impl/IfxStm_cfg.d" -MT"Libraries/iLLD/TC27D/Tricore/_Impl/IfxStm_cfg.o" -o "Libraries/iLLD/TC27D/Tricore/_Impl/IfxStm_cfg.o" "../Libraries/iLLD/TC27D/Tricore/_Impl/IfxStm_cfg.c"
Finished building: ../Libraries/iLLD/TC27D/Tricore/_Impl/IfxStm_cfg.c
 
Building file: ../Libraries/iLLD/TC27D/Tricore/_Impl/IfxVadc_cfg.c
Invoking: AURIX GCC Compiler
tricore-elf-gcc -std=c99 "@C:/Users/FM23/AURIX-v1.10.2-workspace/02_STM/02_STM/TriCore Debug (GCC)/AURIX_GCC_Compiler-Include_paths__-I_.opt" -Og -g3 -gdwarf-3 -Wall -c -fmessage-length=0 -fno-common -fstrict-volatile-bitfields -fdata-sections -ffunction-sections -mtc161 -MMD -MP -MF"Libraries/iLLD/TC27D/Tricore/_Impl/IfxVadc_cfg.d" -MT"Libraries/iLLD/TC27D/Tricore/_Impl/IfxVadc_cfg.o" -o "Libraries/iLLD/TC27D/Tricore/_Impl/IfxVadc_cfg.o" "../Libraries/iLLD/TC27D/Tricore/_Impl/IfxVadc_cfg.c"
Finished building: ../Libraries/iLLD/TC27D/Tricore/_Impl/IfxVadc_cfg.c
 
Building file: ../Libraries/iLLD/TC27D/Tricore/Src/Std/IfxSrc.c
Invoking: AURIX GCC Compiler
tricore-elf-gcc -std=c99 "@C:/Users/FM23/AURIX-v1.10.2-workspace/02_STM/02_STM/TriCore Debug (GCC)/AURIX_GCC_Compiler-Include_paths__-I_.opt" -Og -g3 -gdwarf-3 -Wall -c -fmessage-length=0 -fno-common -fstrict-volatile-bitfields -fdata-sections -ffunction-sections -mtc161 -MMD -MP -MF"Libraries/iLLD/TC27D/Tricore/Src/Std/IfxSrc.d" -MT"Libraries/iLLD/TC27D/Tricore/Src/Std/IfxSrc.o" -o "Libraries/iLLD/TC27D/Tricore/Src/Std/IfxSrc.o" "../Libraries/iLLD/TC27D/Tricore/Src/Std/IfxSrc.c"
Finished building: ../Libraries/iLLD/TC27D/Tricore/Src/Std/IfxSrc.c
 
Building file: ../Libraries/iLLD/TC27D/Tricore/Stm/Std/IfxStm.c
Invoking: AURIX GCC Compiler
tricore-elf-gcc -std=c99 "@C:/Users/FM23/AURIX-v1.10.2-workspace/02_STM/02_STM/TriCore Debug (GCC)/AURIX_GCC_Compiler-Include_paths__-I_.opt" -Og -g3 -gdwarf-3 -Wall -c -fmessage-length=0 -fno-common -fstrict-volatile-bitfields -fdata-sections -ffunction-sections -mtc161 -MMD -MP -MF"Libraries/iLLD/TC27D/Tricore/Stm/Std/IfxStm.d" -MT"Libraries/iLLD/TC27D/Tricore/Stm/Std/IfxStm.o" -o "Libraries/iLLD/TC27D/Tricore/Stm/Std/IfxStm.o" "../Libraries/iLLD/TC27D/Tricore/Stm/Std/IfxStm.c"
Finished building: ../Libraries/iLLD/TC27D/Tricore/Stm/Std/IfxStm.c
 
Building file: ../Libraries/iLLD/TC27D/Tricore/Port/Std/IfxPort.c
Invoking: AURIX GCC Compiler
tricore-elf-gcc -std=c99 "@C:/Users/FM23/AURIX-v1.10.2-workspace/02_STM/02_STM/TriCore Debug (GCC)/AURIX_GCC_Compiler-Include_paths__-I_.opt" -Og -g3 -gdwarf-3 -Wall -c -fmessage-length=0 -fno-common -fstrict-volatile-bitfields -fdata-sections -ffunction-sections -mtc161 -MMD -MP -MF"Libraries/iLLD/TC27D/Tricore/Port/Std/IfxPort.d" -MT"Libraries/iLLD/TC27D/Tricore/Port/Std/IfxPort.o" -o "Libraries/iLLD/TC27D/Tricore/Port/Std/IfxPort.o" "../Libraries/iLLD/TC27D/Tricore/Port/Std/IfxPort.c"
Finished building: ../Libraries/iLLD/TC27D/Tricore/Port/Std/IfxPort.c
 
Building file: ../Libraries/iLLD/TC27D/Tricore/Scu/Std/IfxScuEru.c
Invoking: AURIX GCC Compiler
tricore-elf-gcc -std=c99 "@C:/Users/FM23/AURIX-v1.10.2-workspace/02_STM/02_STM/TriCore Debug (GCC)/AURIX_GCC_Compiler-Include_paths__-I_.opt" -Og -g3 -gdwarf-3 -Wall -c -fmessage-length=0 -fno-common -fstrict-volatile-bitfields -fdata-sections -ffunction-sections -mtc161 -MMD -MP -MF"Libraries/iLLD/TC27D/Tricore/Scu/Std/IfxScuEru.d" -MT"Libraries/iLLD/TC27D/Tricore/Scu/Std/IfxScuEru.o" -o "Libraries/iLLD/TC27D/Tricore/Scu/Std/IfxScuEru.o" "../Libraries/iLLD/TC27D/Tricore/Scu/Std/IfxScuEru.c"
Finished building: ../Libraries/iLLD/TC27D/Tricore/Scu/Std/IfxScuEru.c
 
Building file: ../Libraries/iLLD/TC27D/Tricore/Scu/Std/IfxScuWdt.c
Invoking: AURIX GCC Compiler
tricore-elf-gcc -std=c99 "@C:/Users/FM23/AURIX-v1.10.2-workspace/02_STM/02_STM/TriCore Debug (GCC)/AURIX_GCC_Compiler-Include_paths__-I_.opt" -Og -g3 -gdwarf-3 -Wall -c -fmessage-length=0 -fno-common -fstrict-volatile-bitfields -fdata-sections -ffunction-sections -mtc161 -MMD -MP -MF"Libraries/iLLD/TC27D/Tricore/Scu/Std/IfxScuWdt.d" -MT"Libraries/iLLD/TC27D/Tricore/Scu/Std/IfxScuWdt.o" -o "Libraries/iLLD/TC27D/Tricore/Scu/Std/IfxScuWdt.o" "../Libraries/iLLD/TC27D/Tricore/Scu/Std/IfxScuWdt.c"
Finished building: ../Libraries/iLLD/TC27D/Tricore/Scu/Std/IfxScuWdt.c
 
Building file: ../Libraries/iLLD/TC27D/Tricore/Gtm/Std/IfxGtm.c
Invoking: AURIX GCC Compiler
tricore-elf-gcc -std=c99 "@C:/Users/FM23/AURIX-v1.10.2-workspace/02_STM/02_STM/TriCore Debug (GCC)/AURIX_GCC_Compiler-Include_paths__-I_.opt" -Og -g3 -gdwarf-3 -Wall -c -fmessage-length=0 -fno-common -fstrict-volatile-bitfields -fdata-sections -ffunction-sections -mtc161 -MMD -MP -MF"Libraries/iLLD/TC27D/Tricore/Gtm/Std/IfxGtm.d" -MT"Libraries/iLLD/TC27D/Tricore/Gtm/Std/IfxGtm.o" -o "Libraries/iLLD/TC27D/Tricore/Gtm/Std/IfxGtm.o" "../Libraries/iLLD/TC27D/Tricore/Gtm/Std/IfxGtm.c"
Finished building: ../Libraries/iLLD/TC27D/Tricore/Gtm/Std/IfxGtm.c
 
Building file: ../Libraries/iLLD/TC27D/Tricore/Mtu/Std/IfxMtu.c
Invoking: AURIX GCC Compiler
tricore-elf-gcc -std=c99 "@C:/Users/FM23/AURIX-v1.10.2-workspace/02_STM/02_STM/TriCore Debug (GCC)/AURIX_GCC_Compiler-Include_paths__-I_.opt" -Og -g3 -gdwarf-3 -Wall -c -fmessage-length=0 -fno-common -fstrict-volatile-bitfields -fdata-sections -ffunction-sections -mtc161 -MMD -MP -MF"Libraries/iLLD/TC27D/Tricore/Mtu/Std/IfxMtu.d" -MT"Libraries/iLLD/TC27D/Tricore/Mtu/Std/IfxMtu.o" -o "Libraries/iLLD/TC27D/Tricore/Mtu/Std/IfxMtu.o" "../Libraries/iLLD/TC27D/Tricore/Mtu/Std/IfxMtu.c"
Finished building: ../Libraries/iLLD/TC27D/Tricore/Mtu/Std/IfxMtu.c
 
Building file: ../Libraries/iLLD/TC27D/Tricore/Gtm/Std/IfxGtm_Dpll.c
Invoking: AURIX GCC Compiler
tricore-elf-gcc -std=c99 "@C:/Users/FM23/AURIX-v1.10.2-workspace/02_STM/02_STM/TriCore Debug (GCC)/AURIX_GCC_Compiler-Include_paths__-I_.opt" -Og -g3 -gdwarf-3 -Wall -c -fmessage-length=0 -fno-common -fstrict-volatile-bitfields -fdata-sections -ffunction-sections -mtc161 -MMD -MP -MF"Libraries/iLLD/TC27D/Tricore/Gtm/Std/IfxGtm_Dpll.d" -MT"Libraries/iLLD/TC27D/Tricore/Gtm/Std/IfxGtm_Dpll.o" -o "Libraries/iLLD/TC27D/Tricore/Gtm/Std/IfxGtm_Dpll.o" "../Libraries/iLLD/TC27D/Tricore/Gtm/Std/IfxGtm_Dpll.c"
Finished building: ../Libraries/iLLD/TC27D/Tricore/Gtm/Std/IfxGtm_Dpll.c
 
Building file: ../Libraries/iLLD/TC27D/Tricore/Gtm/Std/IfxGtm_Tbu.c
Invoking: AURIX GCC Compiler
tricore-elf-gcc -std=c99 "@C:/Users/FM23/AURIX-v1.10.2-workspace/02_STM/02_STM/TriCore Debug (GCC)/AURIX_GCC_Compiler-Include_paths__-I_.opt" -Og -g3 -gdwarf-3 -Wall -c -fmessage-length=0 -fno-common -fstrict-volatile-bitfields -fdata-sections -ffunction-sections -mtc161 -MMD -MP -MF"Libraries/iLLD/TC27D/Tricore/Gtm/Std/IfxGtm_Tbu.d" -MT"Libraries/iLLD/TC27D/Tricore/Gtm/Std/IfxGtm_Tbu.o" -o "Libraries/iLLD/TC27D/Tricore/Gtm/Std/IfxGtm_Tbu.o" "../Libraries/iLLD/TC27D/Tricore/Gtm/Std/IfxGtm_Tbu.c"
Finished building: ../Libraries/iLLD/TC27D/Tricore/Gtm/Std/IfxGtm_Tbu.c
 
Building file: ../Libraries/iLLD/TC27D/Tricore/Scu/Std/IfxScuCcu.c
Invoking: AURIX GCC Compiler
tricore-elf-gcc -std=c99 "@C:/Users/FM23/AURIX-v1.10.2-workspace/02_STM/02_STM/TriCore Debug (GCC)/AURIX_GCC_Compiler-Include_paths__-I_.opt" -Og -g3 -gdwarf-3 -Wall -c -fmessage-length=0 -fno-common -fstrict-volatile-bitfields -fdata-sections -ffunction-sections -mtc161 -MMD -MP -MF"Libraries/iLLD/TC27D/Tricore/Scu/Std/IfxScuCcu.d" -MT"Libraries/iLLD/TC27D/Tricore/Scu/Std/IfxScuCcu.o" -o "Libraries/iLLD/TC27D/Tricore/Scu/Std/IfxScuCcu.o" "../Libraries/iLLD/TC27D/Tricore/Scu/Std/IfxScuCcu.c"
Finished building: ../Libraries/iLLD/TC27D/Tricore/Scu/Std/IfxScuCcu.c
 
Building file: ../Libraries/iLLD/TC27D/Tricore/Cpu/Trap/IfxCpu_Trap.c
Invoking: AURIX GCC Compiler
tricore-elf-gcc -std=c99 "@C:/Users/FM23/AURIX-v1.10.2-workspace/02_STM/02_STM/TriCore Debug (GCC)/AURIX_GCC_Compiler-Include_paths__-I_.opt" -Og -g3 -gdwarf-3 -Wall -c -fmessage-length=0 -fno-common -fstrict-volatile-bitfields -fdata-sections -ffunction-sections -mtc161 -MMD -MP -MF"Libraries/iLLD/TC27D/Tricore/Cpu/Trap/IfxCpu_Trap.d" -MT"Libraries/iLLD/TC27D/Tricore/Cpu/Trap/IfxCpu_Trap.o" -o "Libraries/iLLD/TC27D/Tricore/Cpu/Trap/IfxCpu_Trap.o" "../Libraries/iLLD/TC27D/Tricore/Cpu/Trap/IfxCpu_Trap.c"
Finished building: ../Libraries/iLLD/TC27D/Tricore/Cpu/Trap/IfxCpu_Trap.c
 
Building file: ../Libraries/iLLD/TC27D/Tricore/Gtm/Std/IfxGtm_Tim.c
Invoking: AURIX GCC Compiler
tricore-elf-gcc -std=c99 "@C:/Users/FM23/AURIX-v1.10.2-workspace/02_STM/02_STM/TriCore Debug (GCC)/AURIX_GCC_Compiler-Include_paths__-I_.opt" -Og -g3 -gdwarf-3 -Wall -c -fmessage-length=0 -fno-common -fstrict-volatile-bitfields -fdata-sections -ffunction-sections -mtc161 -MMD -MP -MF"Libraries/iLLD/TC27D/Tricore/Gtm/Std/IfxGtm_Tim.d" -MT"Libraries/iLLD/TC27D/Tricore/Gtm/Std/IfxGtm_Tim.o" -o "Libraries/iLLD/TC27D/Tricore/Gtm/Std/IfxGtm_Tim.o" "../Libraries/iLLD/TC27D/Tricore/Gtm/Std/IfxGtm_Tim.c"
Finished building: ../Libraries/iLLD/TC27D/Tricore/Gtm/Std/IfxGtm_Tim.c
 
Building file: ../Libraries/iLLD/TC27D/Tricore/Cpu/Irq/IfxCpu_Irq.c
Invoking: AURIX GCC Compiler
tricore-elf-gcc -std=c99 "@C:/Users/FM23/AURIX-v1.10.2-workspace/02_STM/02_STM/TriCore Debug (GCC)/AURIX_GCC_Compiler-Include_paths__-I_.opt" -Og -g3 -gdwarf-3 -Wall -c -fmessage-length=0 -fno-common -fstrict-volatile-bitfields -fdata-sections -ffunction-sections -mtc161 -MMD -MP -MF"Libraries/iLLD/TC27D/Tricore/Cpu/Irq/IfxCpu_Irq.d" -MT"Libraries/iLLD/TC27D/Tricore/Cpu/Irq/IfxCpu_Irq.o" -o "Libraries/iLLD/TC27D/Tricore/Cpu/Irq/IfxCpu_Irq.o" "../Libraries/iLLD/TC27D/Tricore/Cpu/Irq/IfxCpu_Irq.c"
Finished building: ../Libraries/iLLD/TC27D/Tricore/Cpu/Irq/IfxCpu_Irq.c
 
Building file: ../Libraries/Infra/Platform/Tricore/Compilers/CompilerDcc.c
Invoking: AURIX GCC Compiler
tricore-elf-gcc -std=c99 "@C:/Users/FM23/AURIX-v1.10.2-workspace/02_STM/02_STM/TriCore Debug (GCC)/AURIX_GCC_Compiler-Include_paths__-I_.opt" -Og -g3 -gdwarf-3 -Wall -c -fmessage-length=0 -fno-common -fstrict-volatile-bitfields -fdata-sections -ffunction-sections -mtc161 -MMD -MP -MF"Libraries/Infra/Platform/Tricore/Compilers/CompilerDcc.d" -MT"Libraries/Infra/Platform/Tricore/Compilers/CompilerDcc.o" -o "Libraries/Infra/Platform/Tricore/Compilers/CompilerDcc.o" "../Libraries/Infra/Platform/Tricore/Compilers/CompilerDcc.c"
Finished building: ../Libraries/Infra/Platform/Tricore/Compilers/CompilerDcc.c
 
Building file: ../Libraries/Infra/Platform/Tricore/Compilers/CompilerGcc.c
Invoking: AURIX GCC Compiler
tricore-elf-gcc -std=c99 "@C:/Users/FM23/AURIX-v1.10.2-workspace/02_STM/02_STM/TriCore Debug (GCC)/AURIX_GCC_Compiler-Include_paths__-I_.opt" -Og -g3 -gdwarf-3 -Wall -c -fmessage-length=0 -fno-common -fstrict-volatile-bitfields -fdata-sections -ffunction-sections -mtc161 -MMD -MP -MF"Libraries/Infra/Platform/Tricore/Compilers/CompilerGcc.d" -MT"Libraries/Infra/Platform/Tricore/Compilers/CompilerGcc.o" -o "Libraries/Infra/Platform/Tricore/Compilers/CompilerGcc.o" "../Libraries/Infra/Platform/Tricore/Compilers/CompilerGcc.c"
Finished building: ../Libraries/Infra/Platform/Tricore/Compilers/CompilerGcc.c
 
Building file: ../Libraries/iLLD/TC27D/Tricore/Gtm/Std/IfxGtm_Tom.c
Invoking: AURIX GCC Compiler
tricore-elf-gcc -std=c99 "@C:/Users/FM23/AURIX-v1.10.2-workspace/02_STM/02_STM/TriCore Debug (GCC)/AURIX_GCC_Compiler-Include_paths__-I_.opt" -Og -g3 -gdwarf-3 -Wall -c -fmessage-length=0 -fno-common -fstrict-volatile-bitfields -fdata-sections -ffunction-sections -mtc161 -MMD -MP -MF"Libraries/iLLD/TC27D/Tricore/Gtm/Std/IfxGtm_Tom.d" -MT"Libraries/iLLD/TC27D/Tricore/Gtm/Std/IfxGtm_Tom.o" -o "Libraries/iLLD/TC27D/Tricore/Gtm/Std/IfxGtm_Tom.o" "../Libraries/iLLD/TC27D/Tricore/Gtm/Std/IfxGtm_Tom.c"
Finished building: ../Libraries/iLLD/TC27D/Tricore/Gtm/Std/IfxGtm_Tom.c
 
Building file: ../Libraries/iLLD/TC27D/Tricore/Gtm/Std/IfxGtm_Atom.c
Invoking: AURIX GCC Compiler
tricore-elf-gcc -std=c99 "@C:/Users/FM23/AURIX-v1.10.2-workspace/02_STM/02_STM/TriCore Debug (GCC)/AURIX_GCC_Compiler-Include_paths__-I_.opt" -Og -g3 -gdwarf-3 -Wall -c -fmessage-length=0 -fno-common -fstrict-volatile-bitfields -fdata-sections -ffunction-sections -mtc161 -MMD -MP -MF"Libraries/iLLD/TC27D/Tricore/Gtm/Std/IfxGtm_Atom.d" -MT"Libraries/iLLD/TC27D/Tricore/Gtm/Std/IfxGtm_Atom.o" -o "Libraries/iLLD/TC27D/Tricore/Gtm/Std/IfxGtm_Atom.o" "../Libraries/iLLD/TC27D/Tricore/Gtm/Std/IfxGtm_Atom.c"
Finished building: ../Libraries/iLLD/TC27D/Tricore/Gtm/Std/IfxGtm_Atom.c
 
Building file: ../Libraries/iLLD/TC27D/Tricore/Gtm/Std/IfxGtm_Cmu.c
Invoking: AURIX GCC Compiler
tricore-elf-gcc -std=c99 "@C:/Users/FM23/AURIX-v1.10.2-workspace/02_STM/02_STM/TriCore Debug (GCC)/AURIX_GCC_Compiler-Include_paths__-I_.opt" -Og -g3 -gdwarf-3 -Wall -c -fmessage-length=0 -fno-common -fstrict-volatile-bitfields -fdata-sections -ffunction-sections -mtc161 -MMD -MP -MF"Libraries/iLLD/TC27D/Tricore/Gtm/Std/IfxGtm_Cmu.d" -MT"Libraries/iLLD/TC27D/Tricore/Gtm/Std/IfxGtm_Cmu.o" -o "Libraries/iLLD/TC27D/Tricore/Gtm/Std/IfxGtm_Cmu.o" "../Libraries/iLLD/TC27D/Tricore/Gtm/Std/IfxGtm_Cmu.c"
Finished building: ../Libraries/iLLD/TC27D/Tricore/Gtm/Std/IfxGtm_Cmu.c
 
Building file: ../Libraries/iLLD/TC27D/Tricore/Cpu/Std/IfxCpu.c
Invoking: AURIX GCC Compiler
tricore-elf-gcc -std=c99 "@C:/Users/FM23/AURIX-v1.10.2-workspace/02_STM/02_STM/TriCore Debug (GCC)/AURIX_GCC_Compiler-Include_paths__-I_.opt" -Og -g3 -gdwarf-3 -Wall -c -fmessage-length=0 -fno-common -fstrict-volatile-bitfields -fdata-sections -ffunction-sections -mtc161 -MMD -MP -MF"Libraries/iLLD/TC27D/Tricore/Cpu/Std/IfxCpu.d" -MT"Libraries/iLLD/TC27D/Tricore/Cpu/Std/IfxCpu.o" -o "Libraries/iLLD/TC27D/Tricore/Cpu/Std/IfxCpu.o" "../Libraries/iLLD/TC27D/Tricore/Cpu/Std/IfxCpu.c"
Finished building: ../Libraries/iLLD/TC27D/Tricore/Cpu/Std/IfxCpu.c
 
Building file: ../Libraries/iLLD/TC27D/Tricore/Cpu/CStart/IfxCpu_CStart1.c
Invoking: AURIX GCC Compiler
tricore-elf-gcc -std=c99 "@C:/Users/FM23/AURIX-v1.10.2-workspace/02_STM/02_STM/TriCore Debug (GCC)/AURIX_GCC_Compiler-Include_paths__-I_.opt" -Og -g3 -gdwarf-3 -Wall -c -fmessage-length=0 -fno-common -fstrict-volatile-bitfields -fdata-sections -ffunction-sections -mtc161 -MMD -MP -MF"Libraries/iLLD/TC27D/Tricore/Cpu/CStart/IfxCpu_CStart1.d" -MT"Libraries/iLLD/TC27D/Tricore/Cpu/CStart/IfxCpu_CStart1.o" -o "Libraries/iLLD/TC27D/Tricore/Cpu/CStart/IfxCpu_CStart1.o" "../Libraries/iLLD/TC27D/Tricore/Cpu/CStart/IfxCpu_CStart1.c"
Finished building: ../Libraries/iLLD/TC27D/Tricore/Cpu/CStart/IfxCpu_CStart1.c
 
Building file: ../Libraries/iLLD/TC27D/Tricore/Cpu/CStart/IfxCpu_CStart0.c
Invoking: AURIX GCC Compiler
tricore-elf-gcc -std=c99 "@C:/Users/FM23/AURIX-v1.10.2-workspace/02_STM/02_STM/TriCore Debug (GCC)/AURIX_GCC_Compiler-Include_paths__-I_.opt" -Og -g3 -gdwarf-3 -Wall -c -fmessage-length=0 -fno-common -fstrict-volatile-bitfields -fdata-sections -ffunction-sections -mtc161 -MMD -MP -MF"Libraries/iLLD/TC27D/Tricore/Cpu/CStart/IfxCpu_CStart0.d" -MT"Libraries/iLLD/TC27D/Tricore/Cpu/CStart/IfxCpu_CStart0.o" -o "Libraries/iLLD/TC27D/Tricore/Cpu/CStart/IfxCpu_CStart0.o" "../Libraries/iLLD/TC27D/Tricore/Cpu/CStart/IfxCpu_CStart0.c"
Finished building: ../Libraries/iLLD/TC27D/Tricore/Cpu/CStart/IfxCpu_CStart0.c
 
Building file: ../Libraries/iLLD/TC27D/Tricore/Cpu/CStart/IfxCpu_CStart2.c
Invoking: AURIX GCC Compiler
tricore-elf-gcc -std=c99 "@C:/Users/FM23/AURIX-v1.10.2-workspace/02_STM/02_STM/TriCore Debug (GCC)/AURIX_GCC_Compiler-Include_paths__-I_.opt" -Og -g3 -gdwarf-3 -Wall -c -fmessage-length=0 -fno-common -fstrict-volatile-bitfields -fdata-sections -ffunction-sections -mtc161 -MMD -MP -MF"Libraries/iLLD/TC27D/Tricore/Cpu/CStart/IfxCpu_CStart2.d" -MT"Libraries/iLLD/TC27D/Tricore/Cpu/CStart/IfxCpu_CStart2.o" -o "Libraries/iLLD/TC27D/Tricore/Cpu/CStart/IfxCpu_CStart2.o" "../Libraries/iLLD/TC27D/Tricore/Cpu/CStart/IfxCpu_CStart2.c"
Finished building: ../Libraries/iLLD/TC27D/Tricore/Cpu/CStart/IfxCpu_CStart2.c
 
Building file: ../Libraries/Infra/Platform/Tricore/Compilers/CompilerGhs.c
Invoking: AURIX GCC Compiler
tricore-elf-gcc -std=c99 "@C:/Users/FM23/AURIX-v1.10.2-workspace/02_STM/02_STM/TriCore Debug (GCC)/AURIX_GCC_Compiler-Include_paths__-I_.opt" -Og -g3 -gdwarf-3 -Wall -c -fmessage-length=0 -fno-common -fstrict-volatile-bitfields -fdata-sections -ffunction-sections -mtc161 -MMD -MP -MF"Libraries/Infra/Platform/Tricore/Compilers/CompilerGhs.d" -MT"Libraries/Infra/Platform/Tricore/Compilers/CompilerGhs.o" -o "Libraries/Infra/Platform/Tricore/Compilers/CompilerGhs.o" "../Libraries/Infra/Platform/Tricore/Compilers/CompilerGhs.c"
Finished building: ../Libraries/Infra/Platform/Tricore/Compilers/CompilerGhs.c
 
Building file: ../Libraries/Infra/Platform/Tricore/Compilers/CompilerGnuc.c
Invoking: AURIX GCC Compiler
tricore-elf-gcc -std=c99 "@C:/Users/FM23/AURIX-v1.10.2-workspace/02_STM/02_STM/TriCore Debug (GCC)/AURIX_GCC_Compiler-Include_paths__-I_.opt" -Og -g3 -gdwarf-3 -Wall -c -fmessage-length=0 -fno-common -fstrict-volatile-bitfields -fdata-sections -ffunction-sections -mtc161 -MMD -MP -MF"Libraries/Infra/Platform/Tricore/Compilers/CompilerGnuc.d" -MT"Libraries/Infra/Platform/Tricore/Compilers/CompilerGnuc.o" -o "Libraries/Infra/Platform/Tricore/Compilers/CompilerGnuc.o" "../Libraries/Infra/Platform/Tricore/Compilers/CompilerGnuc.c"
Finished building: ../Libraries/Infra/Platform/Tricore/Compilers/CompilerGnuc.c
 
Building file: ../Libraries/Infra/Platform/Tricore/Compilers/CompilerTasking.c
Invoking: AURIX GCC Compiler
tricore-elf-gcc -std=c99 "@C:/Users/FM23/AURIX-v1.10.2-workspace/02_STM/02_STM/TriCore Debug (GCC)/AURIX_GCC_Compiler-Include_paths__-I_.opt" -Og -g3 -gdwarf-3 -Wall -c -fmessage-length=0 -fno-common -fstrict-volatile-bitfields -fdata-sections -ffunction-sections -mtc161 -MMD -MP -MF"Libraries/Infra/Platform/Tricore/Compilers/CompilerTasking.d" -MT"Libraries/Infra/Platform/Tricore/Compilers/CompilerTasking.o" -o "Libraries/Infra/Platform/Tricore/Compilers/CompilerTasking.o" "../Libraries/Infra/Platform/Tricore/Compilers/CompilerTasking.c"
Finished building: ../Libraries/Infra/Platform/Tricore/Compilers/CompilerTasking.c
 
Building file: ../Configurations/Debug/sync_on_halt.c
Invoking: AURIX GCC Compiler
tricore-elf-gcc -std=c99 "@C:/Users/FM23/AURIX-v1.10.2-workspace/02_STM/02_STM/TriCore Debug (GCC)/AURIX_GCC_Compiler-Include_paths__-I_.opt" -Og -g3 -gdwarf-3 -Wall -c -fmessage-length=0 -fno-common -fstrict-volatile-bitfields -fdata-sections -ffunction-sections -mtc161 -MMD -MP -MF"Configurations/Debug/sync_on_halt.d" -MT"Configurations/Debug/sync_on_halt.o" -o "Configurations/Debug/sync_on_halt.o" "../Configurations/Debug/sync_on_halt.c"
Finished building: ../Configurations/Debug/sync_on_halt.c
 
Building file: ../GPIO/GPIO.c
Invoking: AURIX GCC Compiler
tricore-elf-gcc -std=c99 "@C:/Users/FM23/AURIX-v1.10.2-workspace/02_STM/02_STM/TriCore Debug (GCC)/AURIX_GCC_Compiler-Include_paths__-I_.opt" -Og -g3 -gdwarf-3 -Wall -c -fmessage-length=0 -fno-common -fstrict-volatile-bitfields -fdata-sections -ffunction-sections -mtc161 -MMD -MP -MF"GPIO/GPIO.d" -MT"GPIO/GPIO.o" -o "GPIO/GPIO.o" "../GPIO/GPIO.c"
Finished building: ../GPIO/GPIO.c
 
Building file: ../Cpu0_Main.c
Invoking: AURIX GCC Compiler
tricore-elf-gcc -std=c99 "@C:/Users/FM23/AURIX-v1.10.2-workspace/02_STM/02_STM/TriCore Debug (GCC)/AURIX_GCC_Compiler-Include_paths__-I_.opt" -Og -g3 -gdwarf-3 -Wall -c -fmessage-length=0 -fno-common -fstrict-volatile-bitfields -fdata-sections -ffunction-sections -mtc161 -MMD -MP -MF"Cpu0_Main.d" -MT"Cpu0_Main.o" -o "Cpu0_Main.o" "../Cpu0_Main.c"
Finished building: ../Cpu0_Main.c
 
Building file: ../Cpu2_Main.c
Invoking: AURIX GCC Compiler
tricore-elf-gcc -std=c99 "@C:/Users/FM23/AURIX-v1.10.2-workspace/02_STM/02_STM/TriCore Debug (GCC)/AURIX_GCC_Compiler-Include_paths__-I_.opt" -Og -g3 -gdwarf-3 -Wall -c -fmessage-length=0 -fno-common -fstrict-volatile-bitfields -fdata-sections -ffunction-sections -mtc161 -MMD -MP -MF"Cpu2_Main.d" -MT"Cpu2_Main.o" -o "Cpu2_Main.o" "../Cpu2_Main.c"
Finished building: ../Cpu2_Main.c
 
Building file: ../Cpu1_Main.c
Invoking: AURIX GCC Compiler
tricore-elf-gcc -std=c99 "@C:/Users/FM23/AURIX-v1.10.2-workspace/02_STM/02_STM/TriCore Debug (GCC)/AURIX_GCC_Compiler-Include_paths__-I_.opt" -Og -g3 -gdwarf-3 -Wall -c -fmessage-length=0 -fno-common -fstrict-volatile-bitfields -fdata-sections -ffunction-sections -mtc161 -MMD -MP -MF"Cpu1_Main.d" -MT"Cpu1_Main.o" -o "Cpu1_Main.o" "../Cpu1_Main.c"
Finished building: ../Cpu1_Main.c
 
Building target: 02_STM.elf
Invoking: AURIX GCC Linker
c:/infineon/aurix-studio-1.10.2/tools/compilers/tricore-gcc11/bin/../lib/gcc/tricore-elf/11.3.1/../../../../tricore-elf/bin/ld.exe: warning: 02_STM.elf has a LOAD segment with RWX permissions
c:/infineon/aurix-studio-1.10.2/tools/compilers/tricore-gcc11/bin/../lib/gcc/tricore-elf/11.3.1/../../../../tricore-elf/bin/ld.exe: warning: 02_STM.elf has a LOAD segment with RWX permissions
tricore-elf-gcc -nocrt0 -T"../Lcf_Gnuc_Tricore_Tc.lsl" -Wl,--gc-sections -mtc161 -o "02_STM.elf"  ./STM/STM.o  ./Libraries/iLLD/TC27D/Tricore/_PinMap/IfxAsclin_PinMap.o ./Libraries/iLLD/TC27D/Tricore/_PinMap/IfxCcu6_PinMap.o ./Libraries/iLLD/TC27D/Tricore/_PinMap/IfxCif_PinMap.o ./Libraries/iLLD/TC27D/Tricore/_PinMap/IfxDsadc_PinMap.o ./Libraries/iLLD/TC27D/Tricore/_PinMap/IfxEray_PinMap.o ./Libraries/iLLD/TC27D/Tricore/_PinMap/IfxEth_PinMap.o ./Libraries/iLLD/TC27D/Tricore/_PinMap/IfxGpt12_PinMap.o ./Libraries/iLLD/TC27D/Tricore/_PinMap/IfxGtm_PinMap.o ./Libraries/iLLD/TC27D/Tricore/_PinMap/IfxI2c_PinMap.o ./Libraries/iLLD/TC27D/Tricore/_PinMap/IfxMsc_PinMap.o ./Libraries/iLLD/TC27D/Tricore/_PinMap/IfxMultican_PinMap.o ./Libraries/iLLD/TC27D/Tricore/_PinMap/IfxPort_PinMap.o ./Libraries/iLLD/TC27D/Tricore/_PinMap/IfxPsi5_PinMap.o ./Libraries/iLLD/TC27D/Tricore/_PinMap/IfxPsi5s_PinMap.o ./Libraries/iLLD/TC27D/Tricore/_PinMap/IfxQspi_PinMap.o ./Libraries/iLLD/TC27D/Tricore/_PinMap/IfxScu_PinMap.o ./Libraries/iLLD/TC27D/Tricore/_PinMap/IfxSent_PinMap.o ./Libraries/iLLD/TC27D/Tricore/_PinMap/IfxSmu_PinMap.o ./Libraries/iLLD/TC27D/Tricore/_PinMap/IfxVadc_PinMap.o  ./Libraries/iLLD/TC27D/Tricore/_Impl/IfxAsclin_cfg.o ./Libraries/iLLD/TC27D/Tricore/_Impl/IfxCcu6_cfg.o ./Libraries/iLLD/TC27D/Tricore/_Impl/IfxCif_cfg.o ./Libraries/iLLD/TC27D/Tricore/_Impl/IfxCpu_cfg.o ./Libraries/iLLD/TC27D/Tricore/_Impl/IfxDma_cfg.o ./Libraries/iLLD/TC27D/Tricore/_Impl/IfxEmem_cfg.o ./Libraries/iLLD/TC27D/Tricore/_Impl/IfxEray_cfg.o ./Libraries/iLLD/TC27D/Tricore/_Impl/IfxFlash_cfg.o ./Libraries/iLLD/TC27D/Tricore/_Impl/IfxGtm_cfg.o ./Libraries/iLLD/TC27D/Tricore/_Impl/IfxHssl_cfg.o ./Libraries/iLLD/TC27D/Tricore/_Impl/IfxI2c_cfg.o ./Libraries/iLLD/TC27D/Tricore/_Impl/IfxMsc_cfg.o ./Libraries/iLLD/TC27D/Tricore/_Impl/IfxMtu_cfg.o ./Libraries/iLLD/TC27D/Tricore/_Impl/IfxMultican_cfg.o ./Libraries/iLLD/TC27D/Tricore/_Impl/IfxPort_cfg.o ./Libraries/iLLD/TC27D/Tricore/_Impl/IfxPsi5_cfg.o ./Libraries/iLLD/TC27D/Tricore/_Impl/IfxQspi_cfg.o ./Libraries/iLLD/TC27D/Tricore/_Impl/IfxScu_cfg.o ./Libraries/iLLD/TC27D/Tricore/_Impl/IfxSent_cfg.o ./Libraries/iLLD/TC27D/Tricore/_Impl/IfxSmu_cfg.o ./Libraries/iLLD/TC27D/Tricore/_Impl/IfxSrc_cfg.o ./Libraries/iLLD/TC27D/Tricore/_Impl/IfxStm_cfg.o ./Libraries/iLLD/TC27D/Tricore/_Impl/IfxVadc_cfg.o  ./Libraries/iLLD/TC27D/Tricore/Stm/Std/IfxStm.o  ./Libraries/iLLD/TC27D/Tricore/Src/Std/IfxSrc.o  ./Libraries/iLLD/TC27D/Tricore/Scu/Std/IfxScuCcu.o ./Libraries/iLLD/TC27D/Tricore/Scu/Std/IfxScuEru.o ./Libraries/iLLD/TC27D/Tricore/Scu/Std/IfxScuWdt.o  ./Libraries/iLLD/TC27D/Tricore/Port/Std/IfxPort.o  ./Libraries/iLLD/TC27D/Tricore/Mtu/Std/IfxMtu.o  ./Libraries/iLLD/TC27D/Tricore/Gtm/Std/IfxGtm.o ./Libraries/iLLD/TC27D/Tricore/Gtm/Std/IfxGtm_Atom.o ./Libraries/iLLD/TC27D/Tricore/Gtm/Std/IfxGtm_Cmu.o ./Libraries/iLLD/TC27D/Tricore/Gtm/Std/IfxGtm_Dpll.o ./Libraries/iLLD/TC27D/Tricore/Gtm/Std/IfxGtm_Tbu.o ./Libraries/iLLD/TC27D/Tricore/Gtm/Std/IfxGtm_Tim.o ./Libraries/iLLD/TC27D/Tricore/Gtm/Std/IfxGtm_Tom.o  ./Libraries/iLLD/TC27D/Tricore/Cpu/Trap/IfxCpu_Trap.o  ./Libraries/iLLD/TC27D/Tricore/Cpu/Std/IfxCpu.o  ./Libraries/iLLD/TC27D/Tricore/Cpu/Irq/IfxCpu_Irq.o  ./Libraries/iLLD/TC27D/Tricore/Cpu/CStart/IfxCpu_CStart0.o ./Libraries/iLLD/TC27D/Tricore/Cpu/CStart/IfxCpu_CStart1.o ./Libraries/iLLD/TC27D/Tricore/Cpu/CStart/IfxCpu_CStart2.o  ./Libraries/Infra/Platform/Tricore/Compilers/CompilerDcc.o ./Libraries/Infra/Platform/Tricore/Compilers/CompilerGcc.o ./Libraries/Infra/Platform/Tricore/Compilers/CompilerGhs.o ./Libraries/Infra/Platform/Tricore/Compilers/CompilerGnuc.o ./Libraries/Infra/Platform/Tricore/Compilers/CompilerTasking.o  ./GPIO/GPIO.o  ./Configurations/Debug/sync_on_halt.o  ./Cpu0_Main.o ./Cpu1_Main.o ./Cpu2_Main.o 
Finished building target: 02_STM.elf
 
Invoking: AURIX Object Copy
tricore-elf-objcopy -O ihex "02_STM.elf" "02_STM.hex"
Finished building: 02_STM.hex
 
Invoking: AURIX Print Size
tricore-elf-size  --format=berkeley "02_STM.elf"
   text	   data	    bss	    dec	    hex	filename
   9798	     36	  37932	  47766	   ba96	02_STM.elf
Finished building: 02_STM.siz
 
Invoking: AURIX Create Listing
tricore-elf-objdump -h -S "02_STM.elf" > "02_STM.lst"
Finished building: 02_STM.lst
 

12:16:58 Build Finished. 0 errors, 2 warnings. (took 2s.519ms)

