Build started...
18:03:02 **** Incremental Build of configuration TriCore Debug (GCC) for project 04_ADC ****
make --output-sync -j24 all 
Building file: ../Cpu0_Main.c
Invoking: AURIX GCC Compiler
tricore-elf-gcc -std=c99 "@C:/Users/FM23/AURIX-v1.10.2-workspace/04_ADC/TriCore Debug (GCC)/AURIX_GCC_Compiler-Include_paths__-I_.opt" -Og -g3 -gdwarf-3 -Wall -c -fmessage-length=0 -fno-common -fstrict-volatile-bitfields -fdata-sections -ffunction-sections -mtc161 -MMD -MP -MF"Cpu0_Main.d" -MT"Cpu0_Main.o" -o "Cpu0_Main.o" "../Cpu0_Main.c"
Finished building: ../Cpu0_Main.c
 
Building target: 04_ADC.elf
Invoking: AURIX GCC Linker
c:/infineon/aurix-studio-1.10.2/tools/compilers/tricore-gcc11/bin/../lib/gcc/tricore-elf/11.3.1/../../../../tricore-elf/bin/ld.exe: warning: 04_ADC.elf has a LOAD segment with RWX permissions
c:/infineon/aurix-studio-1.10.2/tools/compilers/tricore-gcc11/bin/../lib/gcc/tricore-elf/11.3.1/../../../../tricore-elf/bin/ld.exe: warning: 04_ADC.elf has a LOAD segment with RWX permissions
tricore-elf-gcc -nocrt0 -T"../Lcf_Gnuc_Tricore_Tc.lsl" -Wl,--gc-sections -mtc161 -o "04_ADC.elf"  ./Scheduler/Scheduler.o  ./STM/STM.o  ./Libraries/iLLD/TC27D/Tricore/_PinMap/IfxAsclin_PinMap.o ./Libraries/iLLD/TC27D/Tricore/_PinMap/IfxCcu6_PinMap.o ./Libraries/iLLD/TC27D/Tricore/_PinMap/IfxCif_PinMap.o ./Libraries/iLLD/TC27D/Tricore/_PinMap/IfxDsadc_PinMap.o ./Libraries/iLLD/TC27D/Tricore/_PinMap/IfxEray_PinMap.o ./Libraries/iLLD/TC27D/Tricore/_PinMap/IfxEth_PinMap.o ./Libraries/iLLD/TC27D/Tricore/_PinMap/IfxGpt12_PinMap.o ./Libraries/iLLD/TC27D/Tricore/_PinMap/IfxGtm_PinMap.o ./Libraries/iLLD/TC27D/Tricore/_PinMap/IfxI2c_PinMap.o ./Libraries/iLLD/TC27D/Tricore/_PinMap/IfxMsc_PinMap.o ./Libraries/iLLD/TC27D/Tricore/_PinMap/IfxMultican_PinMap.o ./Libraries/iLLD/TC27D/Tricore/_PinMap/IfxPort_PinMap.o ./Libraries/iLLD/TC27D/Tricore/_PinMap/IfxPsi5_PinMap.o ./Libraries/iLLD/TC27D/Tricore/_PinMap/IfxPsi5s_PinMap.o ./Libraries/iLLD/TC27D/Tricore/_PinMap/IfxQspi_PinMap.o ./Libraries/iLLD/TC27D/Tricore/_PinMap/IfxScu_PinMap.o ./Libraries/iLLD/TC27D/Tricore/_PinMap/IfxSent_PinMap.o ./Libraries/iLLD/TC27D/Tricore/_PinMap/IfxSmu_PinMap.o ./Libraries/iLLD/TC27D/Tricore/_PinMap/IfxVadc_PinMap.o  ./Libraries/iLLD/TC27D/Tricore/_Lib/DataHandling/Ifx_CircularBuffer.asm.o ./Libraries/iLLD/TC27D/Tricore/_Lib/DataHandling/Ifx_CircularBuffer.o ./Libraries/iLLD/TC27D/Tricore/_Lib/DataHandling/Ifx_Fifo.o  ./Libraries/iLLD/TC27D/Tricore/_Impl/IfxAsclin_cfg.o ./Libraries/iLLD/TC27D/Tricore/_Impl/IfxCcu6_cfg.o ./Libraries/iLLD/TC27D/Tricore/_Impl/IfxCif_cfg.o ./Libraries/iLLD/TC27D/Tricore/_Impl/IfxCpu_cfg.o ./Libraries/iLLD/TC27D/Tricore/_Impl/IfxDma_cfg.o ./Libraries/iLLD/TC27D/Tricore/_Impl/IfxEmem_cfg.o ./Libraries/iLLD/TC27D/Tricore/_Impl/IfxEray_cfg.o ./Libraries/iLLD/TC27D/Tricore/_Impl/IfxFlash_cfg.o ./Libraries/iLLD/TC27D/Tricore/_Impl/IfxGtm_cfg.o ./Libraries/iLLD/TC27D/Tricore/_Impl/IfxHssl_cfg.o ./Libraries/iLLD/TC27D/Tricore/_Impl/IfxI2c_cfg.o ./Libraries/iLLD/TC27D/Tricore/_Impl/IfxMsc_cfg.o ./Libraries/iLLD/TC27D/Tricore/_Impl/IfxMtu_cfg.o ./Libraries/iLLD/TC27D/Tricore/_Impl/IfxMultican_cfg.o ./Libraries/iLLD/TC27D/Tricore/_Impl/IfxPort_cfg.o ./Libraries/iLLD/TC27D/Tricore/_Impl/IfxPsi5_cfg.o ./Libraries/iLLD/TC27D/Tricore/_Impl/IfxQspi_cfg.o ./Libraries/iLLD/TC27D/Tricore/_Impl/IfxScu_cfg.o ./Libraries/iLLD/TC27D/Tricore/_Impl/IfxSent_cfg.o ./Libraries/iLLD/TC27D/Tricore/_Impl/IfxSmu_cfg.o ./Libraries/iLLD/TC27D/Tricore/_Impl/IfxSrc_cfg.o ./Libraries/iLLD/TC27D/Tricore/_Impl/IfxStm_cfg.o ./Libraries/iLLD/TC27D/Tricore/_Impl/IfxVadc_cfg.o  ./Libraries/iLLD/TC27D/Tricore/Vadc/Std/IfxVadc.o  ./Libraries/iLLD/TC27D/Tricore/Vadc/Adc/IfxVadc_Adc.o  ./Libraries/iLLD/TC27D/Tricore/Stm/Std/IfxStm.o  ./Libraries/iLLD/TC27D/Tricore/Src/Std/IfxSrc.o  ./Libraries/iLLD/TC27D/Tricore/Scu/Std/IfxScuCcu.o ./Libraries/iLLD/TC27D/Tricore/Scu/Std/IfxScuEru.o ./Libraries/iLLD/TC27D/Tricore/Scu/Std/IfxScuWdt.o  ./Libraries/iLLD/TC27D/Tricore/Port/Std/IfxPort.o  ./Libraries/iLLD/TC27D/Tricore/Mtu/Std/IfxMtu.o  ./Libraries/iLLD/TC27D/Tricore/Gtm/Std/IfxGtm.o ./Libraries/iLLD/TC27D/Tricore/Gtm/Std/IfxGtm_Atom.o ./Libraries/iLLD/TC27D/Tricore/Gtm/Std/IfxGtm_Cmu.o ./Libraries/iLLD/TC27D/Tricore/Gtm/Std/IfxGtm_Dpll.o ./Libraries/iLLD/TC27D/Tricore/Gtm/Std/IfxGtm_Tbu.o ./Libraries/iLLD/TC27D/Tricore/Gtm/Std/IfxGtm_Tim.o ./Libraries/iLLD/TC27D/Tricore/Gtm/Std/IfxGtm_Tom.o  ./Libraries/iLLD/TC27D/Tricore/Cpu/Trap/IfxCpu_Trap.o  ./Libraries/iLLD/TC27D/Tricore/Cpu/Std/IfxCpu.o  ./Libraries/iLLD/TC27D/Tricore/Cpu/Irq/IfxCpu_Irq.o  ./Libraries/iLLD/TC27D/Tricore/Cpu/CStart/IfxCpu_CStart0.o ./Libraries/iLLD/TC27D/Tricore/Cpu/CStart/IfxCpu_CStart1.o ./Libraries/iLLD/TC27D/Tricore/Cpu/CStart/IfxCpu_CStart2.o  ./Libraries/iLLD/TC27D/Tricore/Asclin/Std/IfxAsclin.o  ./Libraries/iLLD/TC27D/Tricore/Asclin/Asc/IfxAsclin_Asc.o  ./Libraries/Service/CpuGeneric/StdIf/IfxStdIf_DPipe.o ./Libraries/Service/CpuGeneric/StdIf/IfxStdIf_Pos.o ./Libraries/Service/CpuGeneric/StdIf/IfxStdIf_PwmHl.o ./Libraries/Service/CpuGeneric/StdIf/IfxStdIf_Timer.o  ./Libraries/Infra/Platform/Tricore/Compilers/CompilerDcc.o ./Libraries/Infra/Platform/Tricore/Compilers/CompilerGcc.o ./Libraries/Infra/Platform/Tricore/Compilers/CompilerGhs.o ./Libraries/Infra/Platform/Tricore/Compilers/CompilerGnuc.o ./Libraries/Infra/Platform/Tricore/Compilers/CompilerTasking.o  ./GPIO/GPIO.o  ./Configurations/Debug/sync_on_halt.o  ./ADC/ADC.o  ./Cpu0_Main.o ./Cpu1_Main.o ./Cpu2_Main.o 
Finished building target: 04_ADC.elf
 
Invoking: AURIX Object Copy
tricore-elf-objcopy -O ihex "04_ADC.elf" "04_ADC.hex"
Finished building: 04_ADC.hex
 
Invoking: AURIX Print Size
tricore-elf-size  --format=berkeley "04_ADC.elf"
   text	   data	    bss	    dec	    hex	filename
  13830	     36	  38088	  51954	   caf2	04_ADC.elf
Finished building: 04_ADC.siz
 
Invoking: AURIX Create Listing
tricore-elf-objdump -h -S "04_ADC.elf" > "04_ADC.lst"
Finished building: 04_ADC.lst
 
Build started...
18:03:12 **** Incremental Build of configuration TriCore Debug (GCC) for project 04_ADC ****
make --output-sync -j24 all 
Invoking: AURIX Print Size
tricore-elf-size  --format=berkeley "04_ADC.elf"
   text	   data	    bss	    dec	    hex	filename
  13830	     36	  38088	  51954	   caf2	04_ADC.elf
Finished building: 04_ADC.siz
 
Build started...
18:04:05 **** Build of configuration TriCore Debug (GCC) for project 05_Encoder ****
make --output-sync -j24 all 
Building file: ../Libraries/iLLD/TC27D/Tricore/_PinMap/IfxAsclin_PinMap.c
Invoking: AURIX GCC Compiler
tricore-elf-gcc -std=c99 "@C:/Users/FM23/AURIX-v1.10.2-workspace/05_Encoder/TriCore Debug (GCC)/AURIX_GCC_Compiler-Include_paths__-I_.opt" -Og -g3 -gdwarf-3 -Wall -c -fmessage-length=0 -fno-common -fstrict-volatile-bitfields -fdata-sections -ffunction-sections -mtc161 -MMD -MP -MF"Libraries/iLLD/TC27D/Tricore/_PinMap/IfxAsclin_PinMap.d" -MT"Libraries/iLLD/TC27D/Tricore/_PinMap/IfxAsclin_PinMap.o" -o "Libraries/iLLD/TC27D/Tricore/_PinMap/IfxAsclin_PinMap.o" "../Libraries/iLLD/TC27D/Tricore/_PinMap/IfxAsclin_PinMap.c"
Finished building: ../Libraries/iLLD/TC27D/Tricore/_PinMap/IfxAsclin_PinMap.c
 
Building file: ../Libraries/iLLD/TC27D/Tricore/_PinMap/IfxCcu6_PinMap.c
Invoking: AURIX GCC Compiler
tricore-elf-gcc -std=c99 "@C:/Users/FM23/AURIX-v1.10.2-workspace/05_Encoder/TriCore Debug (GCC)/AURIX_GCC_Compiler-Include_paths__-I_.opt" -Og -g3 -gdwarf-3 -Wall -c -fmessage-length=0 -fno-common -fstrict-volatile-bitfields -fdata-sections -ffunction-sections -mtc161 -MMD -MP -MF"Libraries/iLLD/TC27D/Tricore/_PinMap/IfxCcu6_PinMap.d" -MT"Libraries/iLLD/TC27D/Tricore/_PinMap/IfxCcu6_PinMap.o" -o "Libraries/iLLD/TC27D/Tricore/_PinMap/IfxCcu6_PinMap.o" "../Libraries/iLLD/TC27D/Tricore/_PinMap/IfxCcu6_PinMap.c"
Finished building: ../Libraries/iLLD/TC27D/Tricore/_PinMap/IfxCcu6_PinMap.c
 
Building file: ../Libraries/iLLD/TC27D/Tricore/_PinMap/IfxCif_PinMap.c
Invoking: AURIX GCC Compiler
tricore-elf-gcc -std=c99 "@C:/Users/FM23/AURIX-v1.10.2-workspace/05_Encoder/TriCore Debug (GCC)/AURIX_GCC_Compiler-Include_paths__-I_.opt" -Og -g3 -gdwarf-3 -Wall -c -fmessage-length=0 -fno-common -fstrict-volatile-bitfields -fdata-sections -ffunction-sections -mtc161 -MMD -MP -MF"Libraries/iLLD/TC27D/Tricore/_PinMap/IfxCif_PinMap.d" -MT"Libraries/iLLD/TC27D/Tricore/_PinMap/IfxCif_PinMap.o" -o "Libraries/iLLD/TC27D/Tricore/_PinMap/IfxCif_PinMap.o" "../Libraries/iLLD/TC27D/Tricore/_PinMap/IfxCif_PinMap.c"
Finished building: ../Libraries/iLLD/TC27D/Tricore/_PinMap/IfxCif_PinMap.c
 
Building file: ../Libraries/iLLD/TC27D/Tricore/_PinMap/IfxDsadc_PinMap.c
Invoking: AURIX GCC Compiler
tricore-elf-gcc -std=c99 "@C:/Users/FM23/AURIX-v1.10.2-workspace/05_Encoder/TriCore Debug (GCC)/AURIX_GCC_Compiler-Include_paths__-I_.opt" -Og -g3 -gdwarf-3 -Wall -c -fmessage-length=0 -fno-common -fstrict-volatile-bitfields -fdata-sections -ffunction-sections -mtc161 -MMD -MP -MF"Libraries/iLLD/TC27D/Tricore/_PinMap/IfxDsadc_PinMap.d" -MT"Libraries/iLLD/TC27D/Tricore/_PinMap/IfxDsadc_PinMap.o" -o "Libraries/iLLD/TC27D/Tricore/_PinMap/IfxDsadc_PinMap.o" "../Libraries/iLLD/TC27D/Tricore/_PinMap/IfxDsadc_PinMap.c"
Finished building: ../Libraries/iLLD/TC27D/Tricore/_PinMap/IfxDsadc_PinMap.c
 
Building file: ../Libraries/iLLD/TC27D/Tricore/_PinMap/IfxEray_PinMap.c
Invoking: AURIX GCC Compiler
tricore-elf-gcc -std=c99 "@C:/Users/FM23/AURIX-v1.10.2-workspace/05_Encoder/TriCore Debug (GCC)/AURIX_GCC_Compiler-Include_paths__-I_.opt" -Og -g3 -gdwarf-3 -Wall -c -fmessage-length=0 -fno-common -fstrict-volatile-bitfields -fdata-sections -ffunction-sections -mtc161 -MMD -MP -MF"Libraries/iLLD/TC27D/Tricore/_PinMap/IfxEray_PinMap.d" -MT"Libraries/iLLD/TC27D/Tricore/_PinMap/IfxEray_PinMap.o" -o "Libraries/iLLD/TC27D/Tricore/_PinMap/IfxEray_PinMap.o" "../Libraries/iLLD/TC27D/Tricore/_PinMap/IfxEray_PinMap.c"
Finished building: ../Libraries/iLLD/TC27D/Tricore/_PinMap/IfxEray_PinMap.c
 
Building file: ../Libraries/iLLD/TC27D/Tricore/_PinMap/IfxEth_PinMap.c
Invoking: AURIX GCC Compiler
tricore-elf-gcc -std=c99 "@C:/Users/FM23/AURIX-v1.10.2-workspace/05_Encoder/TriCore Debug (GCC)/AURIX_GCC_Compiler-Include_paths__-I_.opt" -Og -g3 -gdwarf-3 -Wall -c -fmessage-length=0 -fno-common -fstrict-volatile-bitfields -fdata-sections -ffunction-sections -mtc161 -MMD -MP -MF"Libraries/iLLD/TC27D/Tricore/_PinMap/IfxEth_PinMap.d" -MT"Libraries/iLLD/TC27D/Tricore/_PinMap/IfxEth_PinMap.o" -o "Libraries/iLLD/TC27D/Tricore/_PinMap/IfxEth_PinMap.o" "../Libraries/iLLD/TC27D/Tricore/_PinMap/IfxEth_PinMap.c"
Finished building: ../Libraries/iLLD/TC27D/Tricore/_PinMap/IfxEth_PinMap.c
 
Building file: ../Libraries/iLLD/TC27D/Tricore/_PinMap/IfxGpt12_PinMap.c
Invoking: AURIX GCC Compiler
tricore-elf-gcc -std=c99 "@C:/Users/FM23/AURIX-v1.10.2-workspace/05_Encoder/TriCore Debug (GCC)/AURIX_GCC_Compiler-Include_paths__-I_.opt" -Og -g3 -gdwarf-3 -Wall -c -fmessage-length=0 -fno-common -fstrict-volatile-bitfields -fdata-sections -ffunction-sections -mtc161 -MMD -MP -MF"Libraries/iLLD/TC27D/Tricore/_PinMap/IfxGpt12_PinMap.d" -MT"Libraries/iLLD/TC27D/Tricore/_PinMap/IfxGpt12_PinMap.o" -o "Libraries/iLLD/TC27D/Tricore/_PinMap/IfxGpt12_PinMap.o" "../Libraries/iLLD/TC27D/Tricore/_PinMap/IfxGpt12_PinMap.c"
Finished building: ../Libraries/iLLD/TC27D/Tricore/_PinMap/IfxGpt12_PinMap.c
 
Building file: ../Libraries/iLLD/TC27D/Tricore/_PinMap/IfxI2c_PinMap.c
Invoking: AURIX GCC Compiler
tricore-elf-gcc -std=c99 "@C:/Users/FM23/AURIX-v1.10.2-workspace/05_Encoder/TriCore Debug (GCC)/AURIX_GCC_Compiler-Include_paths__-I_.opt" -Og -g3 -gdwarf-3 -Wall -c -fmessage-length=0 -fno-common -fstrict-volatile-bitfields -fdata-sections -ffunction-sections -mtc161 -MMD -MP -MF"Libraries/iLLD/TC27D/Tricore/_PinMap/IfxI2c_PinMap.d" -MT"Libraries/iLLD/TC27D/Tricore/_PinMap/IfxI2c_PinMap.o" -o "Libraries/iLLD/TC27D/Tricore/_PinMap/IfxI2c_PinMap.o" "../Libraries/iLLD/TC27D/Tricore/_PinMap/IfxI2c_PinMap.c"
Finished building: ../Libraries/iLLD/TC27D/Tricore/_PinMap/IfxI2c_PinMap.c
 
Building file: ../Libraries/iLLD/TC27D/Tricore/_PinMap/IfxMsc_PinMap.c
Invoking: AURIX GCC Compiler
tricore-elf-gcc -std=c99 "@C:/Users/FM23/AURIX-v1.10.2-workspace/05_Encoder/TriCore Debug (GCC)/AURIX_GCC_Compiler-Include_paths__-I_.opt" -Og -g3 -gdwarf-3 -Wall -c -fmessage-length=0 -fno-common -fstrict-volatile-bitfields -fdata-sections -ffunction-sections -mtc161 -MMD -MP -MF"Libraries/iLLD/TC27D/Tricore/_PinMap/IfxMsc_PinMap.d" -MT"Libraries/iLLD/TC27D/Tricore/_PinMap/IfxMsc_PinMap.o" -o "Libraries/iLLD/TC27D/Tricore/_PinMap/IfxMsc_PinMap.o" "../Libraries/iLLD/TC27D/Tricore/_PinMap/IfxMsc_PinMap.c"
Finished building: ../Libraries/iLLD/TC27D/Tricore/_PinMap/IfxMsc_PinMap.c
 
Building file: ../Scheduler/Scheduler.c
Invoking: AURIX GCC Compiler
tricore-elf-gcc -std=c99 "@C:/Users/FM23/AURIX-v1.10.2-workspace/05_Encoder/TriCore Debug (GCC)/AURIX_GCC_Compiler-Include_paths__-I_.opt" -Og -g3 -gdwarf-3 -Wall -c -fmessage-length=0 -fno-common -fstrict-volatile-bitfields -fdata-sections -ffunction-sections -mtc161 -MMD -MP -MF"Scheduler/Scheduler.d" -MT"Scheduler/Scheduler.o" -o "Scheduler/Scheduler.o" "../Scheduler/Scheduler.c"
Finished building: ../Scheduler/Scheduler.c
 
Building file: ../STM/STM.c
Invoking: AURIX GCC Compiler
tricore-elf-gcc -std=c99 "@C:/Users/FM23/AURIX-v1.10.2-workspace/05_Encoder/TriCore Debug (GCC)/AURIX_GCC_Compiler-Include_paths__-I_.opt" -Og -g3 -gdwarf-3 -Wall -c -fmessage-length=0 -fno-common -fstrict-volatile-bitfields -fdata-sections -ffunction-sections -mtc161 -MMD -MP -MF"STM/STM.d" -MT"STM/STM.o" -o "STM/STM.o" "../STM/STM.c"
Finished building: ../STM/STM.c
 
Building file: ../Libraries/iLLD/TC27D/Tricore/_PinMap/IfxMultican_PinMap.c
Invoking: AURIX GCC Compiler
tricore-elf-gcc -std=c99 "@C:/Users/FM23/AURIX-v1.10.2-workspace/05_Encoder/TriCore Debug (GCC)/AURIX_GCC_Compiler-Include_paths__-I_.opt" -Og -g3 -gdwarf-3 -Wall -c -fmessage-length=0 -fno-common -fstrict-volatile-bitfields -fdata-sections -ffunction-sections -mtc161 -MMD -MP -MF"Libraries/iLLD/TC27D/Tricore/_PinMap/IfxMultican_PinMap.d" -MT"Libraries/iLLD/TC27D/Tricore/_PinMap/IfxMultican_PinMap.o" -o "Libraries/iLLD/TC27D/Tricore/_PinMap/IfxMultican_PinMap.o" "../Libraries/iLLD/TC27D/Tricore/_PinMap/IfxMultican_PinMap.c"
Finished building: ../Libraries/iLLD/TC27D/Tricore/_PinMap/IfxMultican_PinMap.c
 
Building file: ../Libraries/iLLD/TC27D/Tricore/_PinMap/IfxPort_PinMap.c
Invoking: AURIX GCC Compiler
tricore-elf-gcc -std=c99 "@C:/Users/FM23/AURIX-v1.10.2-workspace/05_Encoder/TriCore Debug (GCC)/AURIX_GCC_Compiler-Include_paths__-I_.opt" -Og -g3 -gdwarf-3 -Wall -c -fmessage-length=0 -fno-common -fstrict-volatile-bitfields -fdata-sections -ffunction-sections -mtc161 -MMD -MP -MF"Libraries/iLLD/TC27D/Tricore/_PinMap/IfxPort_PinMap.d" -MT"Libraries/iLLD/TC27D/Tricore/_PinMap/IfxPort_PinMap.o" -o "Libraries/iLLD/TC27D/Tricore/_PinMap/IfxPort_PinMap.o" "../Libraries/iLLD/TC27D/Tricore/_PinMap/IfxPort_PinMap.c"
Finished building: ../Libraries/iLLD/TC27D/Tricore/_PinMap/IfxPort_PinMap.c
 
Building file: ../Libraries/iLLD/TC27D/Tricore/_PinMap/IfxPsi5s_PinMap.c
Invoking: AURIX GCC Compiler
tricore-elf-gcc -std=c99 "@C:/Users/FM23/AURIX-v1.10.2-workspace/05_Encoder/TriCore Debug (GCC)/AURIX_GCC_Compiler-Include_paths__-I_.opt" -Og -g3 -gdwarf-3 -Wall -c -fmessage-length=0 -fno-common -fstrict-volatile-bitfields -fdata-sections -ffunction-sections -mtc161 -MMD -MP -MF"Libraries/iLLD/TC27D/Tricore/_PinMap/IfxPsi5s_PinMap.d" -MT"Libraries/iLLD/TC27D/Tricore/_PinMap/IfxPsi5s_PinMap.o" -o "Libraries/iLLD/TC27D/Tricore/_PinMap/IfxPsi5s_PinMap.o" "../Libraries/iLLD/TC27D/Tricore/_PinMap/IfxPsi5s_PinMap.c"
Finished building: ../Libraries/iLLD/TC27D/Tricore/_PinMap/IfxPsi5s_PinMap.c
 
Building file: ../Libraries/iLLD/TC27D/Tricore/_PinMap/IfxPsi5_PinMap.c
Invoking: AURIX GCC Compiler
tricore-elf-gcc -std=c99 "@C:/Users/FM23/AURIX-v1.10.2-workspace/05_Encoder/TriCore Debug (GCC)/AURIX_GCC_Compiler-Include_paths__-I_.opt" -Og -g3 -gdwarf-3 -Wall -c -fmessage-length=0 -fno-common -fstrict-volatile-bitfields -fdata-sections -ffunction-sections -mtc161 -MMD -MP -MF"Libraries/iLLD/TC27D/Tricore/_PinMap/IfxPsi5_PinMap.d" -MT"Libraries/iLLD/TC27D/Tricore/_PinMap/IfxPsi5_PinMap.o" -o "Libraries/iLLD/TC27D/Tricore/_PinMap/IfxPsi5_PinMap.o" "../Libraries/iLLD/TC27D/Tricore/_PinMap/IfxPsi5_PinMap.c"
Finished building: ../Libraries/iLLD/TC27D/Tricore/_PinMap/IfxPsi5_PinMap.c
 
Building file: ../Libraries/iLLD/TC27D/Tricore/_PinMap/IfxGtm_PinMap.c
Invoking: AURIX GCC Compiler
tricore-elf-gcc -std=c99 "@C:/Users/FM23/AURIX-v1.10.2-workspace/05_Encoder/TriCore Debug (GCC)/AURIX_GCC_Compiler-Include_paths__-I_.opt" -Og -g3 -gdwarf-3 -Wall -c -fmessage-length=0 -fno-common -fstrict-volatile-bitfields -fdata-sections -ffunction-sections -mtc161 -MMD -MP -MF"Libraries/iLLD/TC27D/Tricore/_PinMap/IfxGtm_PinMap.d" -MT"Libraries/iLLD/TC27D/Tricore/_PinMap/IfxGtm_PinMap.o" -o "Libraries/iLLD/TC27D/Tricore/_PinMap/IfxGtm_PinMap.o" "../Libraries/iLLD/TC27D/Tricore/_PinMap/IfxGtm_PinMap.c"
Finished building: ../Libraries/iLLD/TC27D/Tricore/_PinMap/IfxGtm_PinMap.c
 
Building file: ../Libraries/iLLD/TC27D/Tricore/_PinMap/IfxQspi_PinMap.c
Invoking: AURIX GCC Compiler
tricore-elf-gcc -std=c99 "@C:/Users/FM23/AURIX-v1.10.2-workspace/05_Encoder/TriCore Debug (GCC)/AURIX_GCC_Compiler-Include_paths__-I_.opt" -Og -g3 -gdwarf-3 -Wall -c -fmessage-length=0 -fno-common -fstrict-volatile-bitfields -fdata-sections -ffunction-sections -mtc161 -MMD -MP -MF"Libraries/iLLD/TC27D/Tricore/_PinMap/IfxQspi_PinMap.d" -MT"Libraries/iLLD/TC27D/Tricore/_PinMap/IfxQspi_PinMap.o" -o "Libraries/iLLD/TC27D/Tricore/_PinMap/IfxQspi_PinMap.o" "../Libraries/iLLD/TC27D/Tricore/_PinMap/IfxQspi_PinMap.c"
Finished building: ../Libraries/iLLD/TC27D/Tricore/_PinMap/IfxQspi_PinMap.c
 
Building file: ../Libraries/iLLD/TC27D/Tricore/_PinMap/IfxScu_PinMap.c
Invoking: AURIX GCC Compiler
tricore-elf-gcc -std=c99 "@C:/Users/FM23/AURIX-v1.10.2-workspace/05_Encoder/TriCore Debug (GCC)/AURIX_GCC_Compiler-Include_paths__-I_.opt" -Og -g3 -gdwarf-3 -Wall -c -fmessage-length=0 -fno-common -fstrict-volatile-bitfields -fdata-sections -ffunction-sections -mtc161 -MMD -MP -MF"Libraries/iLLD/TC27D/Tricore/_PinMap/IfxScu_PinMap.d" -MT"Libraries/iLLD/TC27D/Tricore/_PinMap/IfxScu_PinMap.o" -o "Libraries/iLLD/TC27D/Tricore/_PinMap/IfxScu_PinMap.o" "../Libraries/iLLD/TC27D/Tricore/_PinMap/IfxScu_PinMap.c"
Finished building: ../Libraries/iLLD/TC27D/Tricore/_PinMap/IfxScu_PinMap.c
 
Building file: ../Libraries/iLLD/TC27D/Tricore/_PinMap/IfxSent_PinMap.c
Invoking: AURIX GCC Compiler
tricore-elf-gcc -std=c99 "@C:/Users/FM23/AURIX-v1.10.2-workspace/05_Encoder/TriCore Debug (GCC)/AURIX_GCC_Compiler-Include_paths__-I_.opt" -Og -g3 -gdwarf-3 -Wall -c -fmessage-length=0 -fno-common -fstrict-volatile-bitfields -fdata-sections -ffunction-sections -mtc161 -MMD -MP -MF"Libraries/iLLD/TC27D/Tricore/_PinMap/IfxSent_PinMap.d" -MT"Libraries/iLLD/TC27D/Tricore/_PinMap/IfxSent_PinMap.o" -o "Libraries/iLLD/TC27D/Tricore/_PinMap/IfxSent_PinMap.o" "../Libraries/iLLD/TC27D/Tricore/_PinMap/IfxSent_PinMap.c"
Finished building: ../Libraries/iLLD/TC27D/Tricore/_PinMap/IfxSent_PinMap.c
 
Building file: ../Libraries/iLLD/TC27D/Tricore/_Lib/DataHandling/Ifx_CircularBuffer.asm.c
Invoking: AURIX GCC Compiler
tricore-elf-gcc -std=c99 "@C:/Users/FM23/AURIX-v1.10.2-workspace/05_Encoder/TriCore Debug (GCC)/AURIX_GCC_Compiler-Include_paths__-I_.opt" -Og -g3 -gdwarf-3 -Wall -c -fmessage-length=0 -fno-common -fstrict-volatile-bitfields -fdata-sections -ffunction-sections -mtc161 -MMD -MP -MF"Libraries/iLLD/TC27D/Tricore/_Lib/DataHandling/Ifx_CircularBuffer.asm.d" -MT"Libraries/iLLD/TC27D/Tricore/_Lib/DataHandling/Ifx_CircularBuffer.asm.o" -o "Libraries/iLLD/TC27D/Tricore/_Lib/DataHandling/Ifx_CircularBuffer.asm.o" "../Libraries/iLLD/TC27D/Tricore/_Lib/DataHandling/Ifx_CircularBuffer.asm.c"
Finished building: ../Libraries/iLLD/TC27D/Tricore/_Lib/DataHandling/Ifx_CircularBuffer.asm.c
 
Building file: ../Libraries/iLLD/TC27D/Tricore/_PinMap/IfxSmu_PinMap.c
Invoking: AURIX GCC Compiler
tricore-elf-gcc -std=c99 "@C:/Users/FM23/AURIX-v1.10.2-workspace/05_Encoder/TriCore Debug (GCC)/AURIX_GCC_Compiler-Include_paths__-I_.opt" -Og -g3 -gdwarf-3 -Wall -c -fmessage-length=0 -fno-common -fstrict-volatile-bitfields -fdata-sections -ffunction-sections -mtc161 -MMD -MP -MF"Libraries/iLLD/TC27D/Tricore/_PinMap/IfxSmu_PinMap.d" -MT"Libraries/iLLD/TC27D/Tricore/_PinMap/IfxSmu_PinMap.o" -o "Libraries/iLLD/TC27D/Tricore/_PinMap/IfxSmu_PinMap.o" "../Libraries/iLLD/TC27D/Tricore/_PinMap/IfxSmu_PinMap.c"
Finished building: ../Libraries/iLLD/TC27D/Tricore/_PinMap/IfxSmu_PinMap.c
 
Building file: ../Libraries/iLLD/TC27D/Tricore/_Lib/DataHandling/Ifx_CircularBuffer.c
Invoking: AURIX GCC Compiler
tricore-elf-gcc -std=c99 "@C:/Users/FM23/AURIX-v1.10.2-workspace/05_Encoder/TriCore Debug (GCC)/AURIX_GCC_Compiler-Include_paths__-I_.opt" -Og -g3 -gdwarf-3 -Wall -c -fmessage-length=0 -fno-common -fstrict-volatile-bitfields -fdata-sections -ffunction-sections -mtc161 -MMD -MP -MF"Libraries/iLLD/TC27D/Tricore/_Lib/DataHandling/Ifx_CircularBuffer.d" -MT"Libraries/iLLD/TC27D/Tricore/_Lib/DataHandling/Ifx_CircularBuffer.o" -o "Libraries/iLLD/TC27D/Tricore/_Lib/DataHandling/Ifx_CircularBuffer.o" "../Libraries/iLLD/TC27D/Tricore/_Lib/DataHandling/Ifx_CircularBuffer.c"
Finished building: ../Libraries/iLLD/TC27D/Tricore/_Lib/DataHandling/Ifx_CircularBuffer.c
 
Building file: ../Libraries/iLLD/TC27D/Tricore/_PinMap/IfxVadc_PinMap.c
Invoking: AURIX GCC Compiler
tricore-elf-gcc -std=c99 "@C:/Users/FM23/AURIX-v1.10.2-workspace/05_Encoder/TriCore Debug (GCC)/AURIX_GCC_Compiler-Include_paths__-I_.opt" -Og -g3 -gdwarf-3 -Wall -c -fmessage-length=0 -fno-common -fstrict-volatile-bitfields -fdata-sections -ffunction-sections -mtc161 -MMD -MP -MF"Libraries/iLLD/TC27D/Tricore/_PinMap/IfxVadc_PinMap.d" -MT"Libraries/iLLD/TC27D/Tricore/_PinMap/IfxVadc_PinMap.o" -o "Libraries/iLLD/TC27D/Tricore/_PinMap/IfxVadc_PinMap.o" "../Libraries/iLLD/TC27D/Tricore/_PinMap/IfxVadc_PinMap.c"
Finished building: ../Libraries/iLLD/TC27D/Tricore/_PinMap/IfxVadc_PinMap.c
 
Building file: ../Libraries/iLLD/TC27D/Tricore/_Impl/IfxAsclin_cfg.c
Invoking: AURIX GCC Compiler
tricore-elf-gcc -std=c99 "@C:/Users/FM23/AURIX-v1.10.2-workspace/05_Encoder/TriCore Debug (GCC)/AURIX_GCC_Compiler-Include_paths__-I_.opt" -Og -g3 -gdwarf-3 -Wall -c -fmessage-length=0 -fno-common -fstrict-volatile-bitfields -fdata-sections -ffunction-sections -mtc161 -MMD -MP -MF"Libraries/iLLD/TC27D/Tricore/_Impl/IfxAsclin_cfg.d" -MT"Libraries/iLLD/TC27D/Tricore/_Impl/IfxAsclin_cfg.o" -o "Libraries/iLLD/TC27D/Tricore/_Impl/IfxAsclin_cfg.o" "../Libraries/iLLD/TC27D/Tricore/_Impl/IfxAsclin_cfg.c"
Finished building: ../Libraries/iLLD/TC27D/Tricore/_Impl/IfxAsclin_cfg.c
 
Building file: ../Libraries/iLLD/TC27D/Tricore/_Impl/IfxCcu6_cfg.c
Invoking: AURIX GCC Compiler
tricore-elf-gcc -std=c99 "@C:/Users/FM23/AURIX-v1.10.2-workspace/05_Encoder/TriCore Debug (GCC)/AURIX_GCC_Compiler-Include_paths__-I_.opt" -Og -g3 -gdwarf-3 -Wall -c -fmessage-length=0 -fno-common -fstrict-volatile-bitfields -fdata-sections -ffunction-sections -mtc161 -MMD -MP -MF"Libraries/iLLD/TC27D/Tricore/_Impl/IfxCcu6_cfg.d" -MT"Libraries/iLLD/TC27D/Tricore/_Impl/IfxCcu6_cfg.o" -o "Libraries/iLLD/TC27D/Tricore/_Impl/IfxCcu6_cfg.o" "../Libraries/iLLD/TC27D/Tricore/_Impl/IfxCcu6_cfg.c"
Finished building: ../Libraries/iLLD/TC27D/Tricore/_Impl/IfxCcu6_cfg.c
 
Building file: ../Libraries/iLLD/TC27D/Tricore/_Impl/IfxCif_cfg.c
Invoking: AURIX GCC Compiler
tricore-elf-gcc -std=c99 "@C:/Users/FM23/AURIX-v1.10.2-workspace/05_Encoder/TriCore Debug (GCC)/AURIX_GCC_Compiler-Include_paths__-I_.opt" -Og -g3 -gdwarf-3 -Wall -c -fmessage-length=0 -fno-common -fstrict-volatile-bitfields -fdata-sections -ffunction-sections -mtc161 -MMD -MP -MF"Libraries/iLLD/TC27D/Tricore/_Impl/IfxCif_cfg.d" -MT"Libraries/iLLD/TC27D/Tricore/_Impl/IfxCif_cfg.o" -o "Libraries/iLLD/TC27D/Tricore/_Impl/IfxCif_cfg.o" "../Libraries/iLLD/TC27D/Tricore/_Impl/IfxCif_cfg.c"
Finished building: ../Libraries/iLLD/TC27D/Tricore/_Impl/IfxCif_cfg.c
 
Building file: ../Libraries/iLLD/TC27D/Tricore/_Impl/IfxDma_cfg.c
Invoking: AURIX GCC Compiler
tricore-elf-gcc -std=c99 "@C:/Users/FM23/AURIX-v1.10.2-workspace/05_Encoder/TriCore Debug (GCC)/AURIX_GCC_Compiler-Include_paths__-I_.opt" -Og -g3 -gdwarf-3 -Wall -c -fmessage-length=0 -fno-common -fstrict-volatile-bitfields -fdata-sections -ffunction-sections -mtc161 -MMD -MP -MF"Libraries/iLLD/TC27D/Tricore/_Impl/IfxDma_cfg.d" -MT"Libraries/iLLD/TC27D/Tricore/_Impl/IfxDma_cfg.o" -o "Libraries/iLLD/TC27D/Tricore/_Impl/IfxDma_cfg.o" "../Libraries/iLLD/TC27D/Tricore/_Impl/IfxDma_cfg.c"
Finished building: ../Libraries/iLLD/TC27D/Tricore/_Impl/IfxDma_cfg.c
 
Building file: ../Libraries/iLLD/TC27D/Tricore/_Impl/IfxCpu_cfg.c
Invoking: AURIX GCC Compiler
tricore-elf-gcc -std=c99 "@C:/Users/FM23/AURIX-v1.10.2-workspace/05_Encoder/TriCore Debug (GCC)/AURIX_GCC_Compiler-Include_paths__-I_.opt" -Og -g3 -gdwarf-3 -Wall -c -fmessage-length=0 -fno-common -fstrict-volatile-bitfields -fdata-sections -ffunction-sections -mtc161 -MMD -MP -MF"Libraries/iLLD/TC27D/Tricore/_Impl/IfxCpu_cfg.d" -MT"Libraries/iLLD/TC27D/Tricore/_Impl/IfxCpu_cfg.o" -o "Libraries/iLLD/TC27D/Tricore/_Impl/IfxCpu_cfg.o" "../Libraries/iLLD/TC27D/Tricore/_Impl/IfxCpu_cfg.c"
Finished building: ../Libraries/iLLD/TC27D/Tricore/_Impl/IfxCpu_cfg.c
 
Building file: ../Libraries/iLLD/TC27D/Tricore/_Impl/IfxEmem_cfg.c
Invoking: AURIX GCC Compiler
tricore-elf-gcc -std=c99 "@C:/Users/FM23/AURIX-v1.10.2-workspace/05_Encoder/TriCore Debug (GCC)/AURIX_GCC_Compiler-Include_paths__-I_.opt" -Og -g3 -gdwarf-3 -Wall -c -fmessage-length=0 -fno-common -fstrict-volatile-bitfields -fdata-sections -ffunction-sections -mtc161 -MMD -MP -MF"Libraries/iLLD/TC27D/Tricore/_Impl/IfxEmem_cfg.d" -MT"Libraries/iLLD/TC27D/Tricore/_Impl/IfxEmem_cfg.o" -o "Libraries/iLLD/TC27D/Tricore/_Impl/IfxEmem_cfg.o" "../Libraries/iLLD/TC27D/Tricore/_Impl/IfxEmem_cfg.c"
Finished building: ../Libraries/iLLD/TC27D/Tricore/_Impl/IfxEmem_cfg.c
 
Building file: ../Libraries/iLLD/TC27D/Tricore/_Impl/IfxEray_cfg.c
Invoking: AURIX GCC Compiler
tricore-elf-gcc -std=c99 "@C:/Users/FM23/AURIX-v1.10.2-workspace/05_Encoder/TriCore Debug (GCC)/AURIX_GCC_Compiler-Include_paths__-I_.opt" -Og -g3 -gdwarf-3 -Wall -c -fmessage-length=0 -fno-common -fstrict-volatile-bitfields -fdata-sections -ffunction-sections -mtc161 -MMD -MP -MF"Libraries/iLLD/TC27D/Tricore/_Impl/IfxEray_cfg.d" -MT"Libraries/iLLD/TC27D/Tricore/_Impl/IfxEray_cfg.o" -o "Libraries/iLLD/TC27D/Tricore/_Impl/IfxEray_cfg.o" "../Libraries/iLLD/TC27D/Tricore/_Impl/IfxEray_cfg.c"
Finished building: ../Libraries/iLLD/TC27D/Tricore/_Impl/IfxEray_cfg.c
 
Building file: ../Libraries/iLLD/TC27D/Tricore/_Impl/IfxFlash_cfg.c
Invoking: AURIX GCC Compiler
tricore-elf-gcc -std=c99 "@C:/Users/FM23/AURIX-v1.10.2-workspace/05_Encoder/TriCore Debug (GCC)/AURIX_GCC_Compiler-Include_paths__-I_.opt" -Og -g3 -gdwarf-3 -Wall -c -fmessage-length=0 -fno-common -fstrict-volatile-bitfields -fdata-sections -ffunction-sections -mtc161 -MMD -MP -MF"Libraries/iLLD/TC27D/Tricore/_Impl/IfxFlash_cfg.d" -MT"Libraries/iLLD/TC27D/Tricore/_Impl/IfxFlash_cfg.o" -o "Libraries/iLLD/TC27D/Tricore/_Impl/IfxFlash_cfg.o" "../Libraries/iLLD/TC27D/Tricore/_Impl/IfxFlash_cfg.c"
Finished building: ../Libraries/iLLD/TC27D/Tricore/_Impl/IfxFlash_cfg.c
 
Building file: ../Libraries/iLLD/TC27D/Tricore/_Impl/IfxHssl_cfg.c
Invoking: AURIX GCC Compiler
tricore-elf-gcc -std=c99 "@C:/Users/FM23/AURIX-v1.10.2-workspace/05_Encoder/TriCore Debug (GCC)/AURIX_GCC_Compiler-Include_paths__-I_.opt" -Og -g3 -gdwarf-3 -Wall -c -fmessage-length=0 -fno-common -fstrict-volatile-bitfields -fdata-sections -ffunction-sections -mtc161 -MMD -MP -MF"Libraries/iLLD/TC27D/Tricore/_Impl/IfxHssl_cfg.d" -MT"Libraries/iLLD/TC27D/Tricore/_Impl/IfxHssl_cfg.o" -o "Libraries/iLLD/TC27D/Tricore/_Impl/IfxHssl_cfg.o" "../Libraries/iLLD/TC27D/Tricore/_Impl/IfxHssl_cfg.c"
Finished building: ../Libraries/iLLD/TC27D/Tricore/_Impl/IfxHssl_cfg.c
 
Building file: ../Libraries/iLLD/TC27D/Tricore/_Lib/DataHandling/Ifx_Fifo.c
Invoking: AURIX GCC Compiler
tricore-elf-gcc -std=c99 "@C:/Users/FM23/AURIX-v1.10.2-workspace/05_Encoder/TriCore Debug (GCC)/AURIX_GCC_Compiler-Include_paths__-I_.opt" -Og -g3 -gdwarf-3 -Wall -c -fmessage-length=0 -fno-common -fstrict-volatile-bitfields -fdata-sections -ffunction-sections -mtc161 -MMD -MP -MF"Libraries/iLLD/TC27D/Tricore/_Lib/DataHandling/Ifx_Fifo.d" -MT"Libraries/iLLD/TC27D/Tricore/_Lib/DataHandling/Ifx_Fifo.o" -o "Libraries/iLLD/TC27D/Tricore/_Lib/DataHandling/Ifx_Fifo.o" "../Libraries/iLLD/TC27D/Tricore/_Lib/DataHandling/Ifx_Fifo.c"
Finished building: ../Libraries/iLLD/TC27D/Tricore/_Lib/DataHandling/Ifx_Fifo.c
 
Building file: ../Libraries/iLLD/TC27D/Tricore/_Impl/IfxI2c_cfg.c
Invoking: AURIX GCC Compiler
tricore-elf-gcc -std=c99 "@C:/Users/FM23/AURIX-v1.10.2-workspace/05_Encoder/TriCore Debug (GCC)/AURIX_GCC_Compiler-Include_paths__-I_.opt" -Og -g3 -gdwarf-3 -Wall -c -fmessage-length=0 -fno-common -fstrict-volatile-bitfields -fdata-sections -ffunction-sections -mtc161 -MMD -MP -MF"Libraries/iLLD/TC27D/Tricore/_Impl/IfxI2c_cfg.d" -MT"Libraries/iLLD/TC27D/Tricore/_Impl/IfxI2c_cfg.o" -o "Libraries/iLLD/TC27D/Tricore/_Impl/IfxI2c_cfg.o" "../Libraries/iLLD/TC27D/Tricore/_Impl/IfxI2c_cfg.c"
Finished building: ../Libraries/iLLD/TC27D/Tricore/_Impl/IfxI2c_cfg.c
 
Building file: ../Libraries/iLLD/TC27D/Tricore/_Impl/IfxMsc_cfg.c
Invoking: AURIX GCC Compiler
tricore-elf-gcc -std=c99 "@C:/Users/FM23/AURIX-v1.10.2-workspace/05_Encoder/TriCore Debug (GCC)/AURIX_GCC_Compiler-Include_paths__-I_.opt" -Og -g3 -gdwarf-3 -Wall -c -fmessage-length=0 -fno-common -fstrict-volatile-bitfields -fdata-sections -ffunction-sections -mtc161 -MMD -MP -MF"Libraries/iLLD/TC27D/Tricore/_Impl/IfxMsc_cfg.d" -MT"Libraries/iLLD/TC27D/Tricore/_Impl/IfxMsc_cfg.o" -o "Libraries/iLLD/TC27D/Tricore/_Impl/IfxMsc_cfg.o" "../Libraries/iLLD/TC27D/Tricore/_Impl/IfxMsc_cfg.c"
Finished building: ../Libraries/iLLD/TC27D/Tricore/_Impl/IfxMsc_cfg.c
 
Building file: ../Libraries/iLLD/TC27D/Tricore/_Impl/IfxGtm_cfg.c
Invoking: AURIX GCC Compiler
tricore-elf-gcc -std=c99 "@C:/Users/FM23/AURIX-v1.10.2-workspace/05_Encoder/TriCore Debug (GCC)/AURIX_GCC_Compiler-Include_paths__-I_.opt" -Og -g3 -gdwarf-3 -Wall -c -fmessage-length=0 -fno-common -fstrict-volatile-bitfields -fdata-sections -ffunction-sections -mtc161 -MMD -MP -MF"Libraries/iLLD/TC27D/Tricore/_Impl/IfxGtm_cfg.d" -MT"Libraries/iLLD/TC27D/Tricore/_Impl/IfxGtm_cfg.o" -o "Libraries/iLLD/TC27D/Tricore/_Impl/IfxGtm_cfg.o" "../Libraries/iLLD/TC27D/Tricore/_Impl/IfxGtm_cfg.c"
Finished building: ../Libraries/iLLD/TC27D/Tricore/_Impl/IfxGtm_cfg.c
 
Building file: ../Libraries/iLLD/TC27D/Tricore/_Impl/IfxMultican_cfg.c
Invoking: AURIX GCC Compiler
tricore-elf-gcc -std=c99 "@C:/Users/FM23/AURIX-v1.10.2-workspace/05_Encoder/TriCore Debug (GCC)/AURIX_GCC_Compiler-Include_paths__-I_.opt" -Og -g3 -gdwarf-3 -Wall -c -fmessage-length=0 -fno-common -fstrict-volatile-bitfields -fdata-sections -ffunction-sections -mtc161 -MMD -MP -MF"Libraries/iLLD/TC27D/Tricore/_Impl/IfxMultican_cfg.d" -MT"Libraries/iLLD/TC27D/Tricore/_Impl/IfxMultican_cfg.o" -o "Libraries/iLLD/TC27D/Tricore/_Impl/IfxMultican_cfg.o" "../Libraries/iLLD/TC27D/Tricore/_Impl/IfxMultican_cfg.c"
Finished building: ../Libraries/iLLD/TC27D/Tricore/_Impl/IfxMultican_cfg.c
 
Building file: ../Libraries/iLLD/TC27D/Tricore/_Impl/IfxPort_cfg.c
Invoking: AURIX GCC Compiler
tricore-elf-gcc -std=c99 "@C:/Users/FM23/AURIX-v1.10.2-workspace/05_Encoder/TriCore Debug (GCC)/AURIX_GCC_Compiler-Include_paths__-I_.opt" -Og -g3 -gdwarf-3 -Wall -c -fmessage-length=0 -fno-common -fstrict-volatile-bitfields -fdata-sections -ffunction-sections -mtc161 -MMD -MP -MF"Libraries/iLLD/TC27D/Tricore/_Impl/IfxPort_cfg.d" -MT"Libraries/iLLD/TC27D/Tricore/_Impl/IfxPort_cfg.o" -o "Libraries/iLLD/TC27D/Tricore/_Impl/IfxPort_cfg.o" "../Libraries/iLLD/TC27D/Tricore/_Impl/IfxPort_cfg.c"
Finished building: ../Libraries/iLLD/TC27D/Tricore/_Impl/IfxPort_cfg.c
 
Building file: ../Libraries/iLLD/TC27D/Tricore/_Impl/IfxPsi5_cfg.c
Invoking: AURIX GCC Compiler
tricore-elf-gcc -std=c99 "@C:/Users/FM23/AURIX-v1.10.2-workspace/05_Encoder/TriCore Debug (GCC)/AURIX_GCC_Compiler-Include_paths__-I_.opt" -Og -g3 -gdwarf-3 -Wall -c -fmessage-length=0 -fno-common -fstrict-volatile-bitfields -fdata-sections -ffunction-sections -mtc161 -MMD -MP -MF"Libraries/iLLD/TC27D/Tricore/_Impl/IfxPsi5_cfg.d" -MT"Libraries/iLLD/TC27D/Tricore/_Impl/IfxPsi5_cfg.o" -o "Libraries/iLLD/TC27D/Tricore/_Impl/IfxPsi5_cfg.o" "../Libraries/iLLD/TC27D/Tricore/_Impl/IfxPsi5_cfg.c"
Finished building: ../Libraries/iLLD/TC27D/Tricore/_Impl/IfxPsi5_cfg.c
 
Building file: ../Libraries/iLLD/TC27D/Tricore/_Impl/IfxQspi_cfg.c
Invoking: AURIX GCC Compiler
tricore-elf-gcc -std=c99 "@C:/Users/FM23/AURIX-v1.10.2-workspace/05_Encoder/TriCore Debug (GCC)/AURIX_GCC_Compiler-Include_paths__-I_.opt" -Og -g3 -gdwarf-3 -Wall -c -fmessage-length=0 -fno-common -fstrict-volatile-bitfields -fdata-sections -ffunction-sections -mtc161 -MMD -MP -MF"Libraries/iLLD/TC27D/Tricore/_Impl/IfxQspi_cfg.d" -MT"Libraries/iLLD/TC27D/Tricore/_Impl/IfxQspi_cfg.o" -o "Libraries/iLLD/TC27D/Tricore/_Impl/IfxQspi_cfg.o" "../Libraries/iLLD/TC27D/Tricore/_Impl/IfxQspi_cfg.c"
Finished building: ../Libraries/iLLD/TC27D/Tricore/_Impl/IfxQspi_cfg.c
 
Building file: ../Libraries/iLLD/TC27D/Tricore/_Impl/IfxMtu_cfg.c
Invoking: AURIX GCC Compiler
tricore-elf-gcc -std=c99 "@C:/Users/FM23/AURIX-v1.10.2-workspace/05_Encoder/TriCore Debug (GCC)/AURIX_GCC_Compiler-Include_paths__-I_.opt" -Og -g3 -gdwarf-3 -Wall -c -fmessage-length=0 -fno-common -fstrict-volatile-bitfields -fdata-sections -ffunction-sections -mtc161 -MMD -MP -MF"Libraries/iLLD/TC27D/Tricore/_Impl/IfxMtu_cfg.d" -MT"Libraries/iLLD/TC27D/Tricore/_Impl/IfxMtu_cfg.o" -o "Libraries/iLLD/TC27D/Tricore/_Impl/IfxMtu_cfg.o" "../Libraries/iLLD/TC27D/Tricore/_Impl/IfxMtu_cfg.c"
Finished building: ../Libraries/iLLD/TC27D/Tricore/_Impl/IfxMtu_cfg.c
 
Building file: ../Libraries/iLLD/TC27D/Tricore/_Impl/IfxSent_cfg.c
Invoking: AURIX GCC Compiler
tricore-elf-gcc -std=c99 "@C:/Users/FM23/AURIX-v1.10.2-workspace/05_Encoder/TriCore Debug (GCC)/AURIX_GCC_Compiler-Include_paths__-I_.opt" -Og -g3 -gdwarf-3 -Wall -c -fmessage-length=0 -fno-common -fstrict-volatile-bitfields -fdata-sections -ffunction-sections -mtc161 -MMD -MP -MF"Libraries/iLLD/TC27D/Tricore/_Impl/IfxSent_cfg.d" -MT"Libraries/iLLD/TC27D/Tricore/_Impl/IfxSent_cfg.o" -o "Libraries/iLLD/TC27D/Tricore/_Impl/IfxSent_cfg.o" "../Libraries/iLLD/TC27D/Tricore/_Impl/IfxSent_cfg.c"
Finished building: ../Libraries/iLLD/TC27D/Tricore/_Impl/IfxSent_cfg.c
 
Building file: ../Libraries/iLLD/TC27D/Tricore/_Impl/IfxScu_cfg.c
Invoking: AURIX GCC Compiler
tricore-elf-gcc -std=c99 "@C:/Users/FM23/AURIX-v1.10.2-workspace/05_Encoder/TriCore Debug (GCC)/AURIX_GCC_Compiler-Include_paths__-I_.opt" -Og -g3 -gdwarf-3 -Wall -c -fmessage-length=0 -fno-common -fstrict-volatile-bitfields -fdata-sections -ffunction-sections -mtc161 -MMD -MP -MF"Libraries/iLLD/TC27D/Tricore/_Impl/IfxScu_cfg.d" -MT"Libraries/iLLD/TC27D/Tricore/_Impl/IfxScu_cfg.o" -o "Libraries/iLLD/TC27D/Tricore/_Impl/IfxScu_cfg.o" "../Libraries/iLLD/TC27D/Tricore/_Impl/IfxScu_cfg.c"
Finished building: ../Libraries/iLLD/TC27D/Tricore/_Impl/IfxScu_cfg.c
 
Building file: ../Libraries/iLLD/TC27D/Tricore/_Impl/IfxSmu_cfg.c
Invoking: AURIX GCC Compiler
tricore-elf-gcc -std=c99 "@C:/Users/FM23/AURIX-v1.10.2-workspace/05_Encoder/TriCore Debug (GCC)/AURIX_GCC_Compiler-Include_paths__-I_.opt" -Og -g3 -gdwarf-3 -Wall -c -fmessage-length=0 -fno-common -fstrict-volatile-bitfields -fdata-sections -ffunction-sections -mtc161 -MMD -MP -MF"Libraries/iLLD/TC27D/Tricore/_Impl/IfxSmu_cfg.d" -MT"Libraries/iLLD/TC27D/Tricore/_Impl/IfxSmu_cfg.o" -o "Libraries/iLLD/TC27D/Tricore/_Impl/IfxSmu_cfg.o" "../Libraries/iLLD/TC27D/Tricore/_Impl/IfxSmu_cfg.c"
Finished building: ../Libraries/iLLD/TC27D/Tricore/_Impl/IfxSmu_cfg.c
 
Building file: ../Libraries/iLLD/TC27D/Tricore/_Impl/IfxSrc_cfg.c
Invoking: AURIX GCC Compiler
tricore-elf-gcc -std=c99 "@C:/Users/FM23/AURIX-v1.10.2-workspace/05_Encoder/TriCore Debug (GCC)/AURIX_GCC_Compiler-Include_paths__-I_.opt" -Og -g3 -gdwarf-3 -Wall -c -fmessage-length=0 -fno-common -fstrict-volatile-bitfields -fdata-sections -ffunction-sections -mtc161 -MMD -MP -MF"Libraries/iLLD/TC27D/Tricore/_Impl/IfxSrc_cfg.d" -MT"Libraries/iLLD/TC27D/Tricore/_Impl/IfxSrc_cfg.o" -o "Libraries/iLLD/TC27D/Tricore/_Impl/IfxSrc_cfg.o" "../Libraries/iLLD/TC27D/Tricore/_Impl/IfxSrc_cfg.c"
Finished building: ../Libraries/iLLD/TC27D/Tricore/_Impl/IfxSrc_cfg.c
 
Building file: ../Libraries/iLLD/TC27D/Tricore/_Impl/IfxStm_cfg.c
Invoking: AURIX GCC Compiler
tricore-elf-gcc -std=c99 "@C:/Users/FM23/AURIX-v1.10.2-workspace/05_Encoder/TriCore Debug (GCC)/AURIX_GCC_Compiler-Include_paths__-I_.opt" -Og -g3 -gdwarf-3 -Wall -c -fmessage-length=0 -fno-common -fstrict-volatile-bitfields -fdata-sections -ffunction-sections -mtc161 -MMD -MP -MF"Libraries/iLLD/TC27D/Tricore/_Impl/IfxStm_cfg.d" -MT"Libraries/iLLD/TC27D/Tricore/_Impl/IfxStm_cfg.o" -o "Libraries/iLLD/TC27D/Tricore/_Impl/IfxStm_cfg.o" "../Libraries/iLLD/TC27D/Tricore/_Impl/IfxStm_cfg.c"
Finished building: ../Libraries/iLLD/TC27D/Tricore/_Impl/IfxStm_cfg.c
 
Building file: ../Libraries/iLLD/TC27D/Tricore/_Impl/IfxVadc_cfg.c
Invoking: AURIX GCC Compiler
tricore-elf-gcc -std=c99 "@C:/Users/FM23/AURIX-v1.10.2-workspace/05_Encoder/TriCore Debug (GCC)/AURIX_GCC_Compiler-Include_paths__-I_.opt" -Og -g3 -gdwarf-3 -Wall -c -fmessage-length=0 -fno-common -fstrict-volatile-bitfields -fdata-sections -ffunction-sections -mtc161 -MMD -MP -MF"Libraries/iLLD/TC27D/Tricore/_Impl/IfxVadc_cfg.d" -MT"Libraries/iLLD/TC27D/Tricore/_Impl/IfxVadc_cfg.o" -o "Libraries/iLLD/TC27D/Tricore/_Impl/IfxVadc_cfg.o" "../Libraries/iLLD/TC27D/Tricore/_Impl/IfxVadc_cfg.c"
Finished building: ../Libraries/iLLD/TC27D/Tricore/_Impl/IfxVadc_cfg.c
 
Building file: ../Libraries/iLLD/TC27D/Tricore/Src/Std/IfxSrc.c
Invoking: AURIX GCC Compiler
tricore-elf-gcc -std=c99 "@C:/Users/FM23/AURIX-v1.10.2-workspace/05_Encoder/TriCore Debug (GCC)/AURIX_GCC_Compiler-Include_paths__-I_.opt" -Og -g3 -gdwarf-3 -Wall -c -fmessage-length=0 -fno-common -fstrict-volatile-bitfields -fdata-sections -ffunction-sections -mtc161 -MMD -MP -MF"Libraries/iLLD/TC27D/Tricore/Src/Std/IfxSrc.d" -MT"Libraries/iLLD/TC27D/Tricore/Src/Std/IfxSrc.o" -o "Libraries/iLLD/TC27D/Tricore/Src/Std/IfxSrc.o" "../Libraries/iLLD/TC27D/Tricore/Src/Std/IfxSrc.c"
Finished building: ../Libraries/iLLD/TC27D/Tricore/Src/Std/IfxSrc.c
 
Building file: ../Libraries/iLLD/TC27D/Tricore/Stm/Std/IfxStm.c
Invoking: AURIX GCC Compiler
tricore-elf-gcc -std=c99 "@C:/Users/FM23/AURIX-v1.10.2-workspace/05_Encoder/TriCore Debug (GCC)/AURIX_GCC_Compiler-Include_paths__-I_.opt" -Og -g3 -gdwarf-3 -Wall -c -fmessage-length=0 -fno-common -fstrict-volatile-bitfields -fdata-sections -ffunction-sections -mtc161 -MMD -MP -MF"Libraries/iLLD/TC27D/Tricore/Stm/Std/IfxStm.d" -MT"Libraries/iLLD/TC27D/Tricore/Stm/Std/IfxStm.o" -o "Libraries/iLLD/TC27D/Tricore/Stm/Std/IfxStm.o" "../Libraries/iLLD/TC27D/Tricore/Stm/Std/IfxStm.c"
Finished building: ../Libraries/iLLD/TC27D/Tricore/Stm/Std/IfxStm.c
 
Building file: ../Libraries/iLLD/TC27D/Tricore/Port/Std/IfxPort.c
Invoking: AURIX GCC Compiler
tricore-elf-gcc -std=c99 "@C:/Users/FM23/AURIX-v1.10.2-workspace/05_Encoder/TriCore Debug (GCC)/AURIX_GCC_Compiler-Include_paths__-I_.opt" -Og -g3 -gdwarf-3 -Wall -c -fmessage-length=0 -fno-common -fstrict-volatile-bitfields -fdata-sections -ffunction-sections -mtc161 -MMD -MP -MF"Libraries/iLLD/TC27D/Tricore/Port/Std/IfxPort.d" -MT"Libraries/iLLD/TC27D/Tricore/Port/Std/IfxPort.o" -o "Libraries/iLLD/TC27D/Tricore/Port/Std/IfxPort.o" "../Libraries/iLLD/TC27D/Tricore/Port/Std/IfxPort.c"
Finished building: ../Libraries/iLLD/TC27D/Tricore/Port/Std/IfxPort.c
 
Building file: ../Libraries/iLLD/TC27D/Tricore/Vadc/Std/IfxVadc.c
Invoking: AURIX GCC Compiler
tricore-elf-gcc -std=c99 "@C:/Users/FM23/AURIX-v1.10.2-workspace/05_Encoder/TriCore Debug (GCC)/AURIX_GCC_Compiler-Include_paths__-I_.opt" -Og -g3 -gdwarf-3 -Wall -c -fmessage-length=0 -fno-common -fstrict-volatile-bitfields -fdata-sections -ffunction-sections -mtc161 -MMD -MP -MF"Libraries/iLLD/TC27D/Tricore/Vadc/Std/IfxVadc.d" -MT"Libraries/iLLD/TC27D/Tricore/Vadc/Std/IfxVadc.o" -o "Libraries/iLLD/TC27D/Tricore/Vadc/Std/IfxVadc.o" "../Libraries/iLLD/TC27D/Tricore/Vadc/Std/IfxVadc.c"
Finished building: ../Libraries/iLLD/TC27D/Tricore/Vadc/Std/IfxVadc.c
 
Building file: ../Libraries/iLLD/TC27D/Tricore/Scu/Std/IfxScuEru.c
Invoking: AURIX GCC Compiler
tricore-elf-gcc -std=c99 "@C:/Users/FM23/AURIX-v1.10.2-workspace/05_Encoder/TriCore Debug (GCC)/AURIX_GCC_Compiler-Include_paths__-I_.opt" -Og -g3 -gdwarf-3 -Wall -c -fmessage-length=0 -fno-common -fstrict-volatile-bitfields -fdata-sections -ffunction-sections -mtc161 -MMD -MP -MF"Libraries/iLLD/TC27D/Tricore/Scu/Std/IfxScuEru.d" -MT"Libraries/iLLD/TC27D/Tricore/Scu/Std/IfxScuEru.o" -o "Libraries/iLLD/TC27D/Tricore/Scu/Std/IfxScuEru.o" "../Libraries/iLLD/TC27D/Tricore/Scu/Std/IfxScuEru.c"
Finished building: ../Libraries/iLLD/TC27D/Tricore/Scu/Std/IfxScuEru.c
 
Building file: ../Libraries/iLLD/TC27D/Tricore/Cpu/Irq/IfxCpu_Irq.c
Invoking: AURIX GCC Compiler
tricore-elf-gcc -std=c99 "@C:/Users/FM23/AURIX-v1.10.2-workspace/05_Encoder/TriCore Debug (GCC)/AURIX_GCC_Compiler-Include_paths__-I_.opt" -Og -g3 -gdwarf-3 -Wall -c -fmessage-length=0 -fno-common -fstrict-volatile-bitfields -fdata-sections -ffunction-sections -mtc161 -MMD -MP -MF"Libraries/iLLD/TC27D/Tricore/Cpu/Irq/IfxCpu_Irq.d" -MT"Libraries/iLLD/TC27D/Tricore/Cpu/Irq/IfxCpu_Irq.o" -o "Libraries/iLLD/TC27D/Tricore/Cpu/Irq/IfxCpu_Irq.o" "../Libraries/iLLD/TC27D/Tricore/Cpu/Irq/IfxCpu_Irq.c"
Finished building: ../Libraries/iLLD/TC27D/Tricore/Cpu/Irq/IfxCpu_Irq.c
 
Building file: ../Libraries/iLLD/TC27D/Tricore/Scu/Std/IfxScuWdt.c
Invoking: AURIX GCC Compiler
tricore-elf-gcc -std=c99 "@C:/Users/FM23/AURIX-v1.10.2-workspace/05_Encoder/TriCore Debug (GCC)/AURIX_GCC_Compiler-Include_paths__-I_.opt" -Og -g3 -gdwarf-3 -Wall -c -fmessage-length=0 -fno-common -fstrict-volatile-bitfields -fdata-sections -ffunction-sections -mtc161 -MMD -MP -MF"Libraries/iLLD/TC27D/Tricore/Scu/Std/IfxScuWdt.d" -MT"Libraries/iLLD/TC27D/Tricore/Scu/Std/IfxScuWdt.o" -o "Libraries/iLLD/TC27D/Tricore/Scu/Std/IfxScuWdt.o" "../Libraries/iLLD/TC27D/Tricore/Scu/Std/IfxScuWdt.c"
Finished building: ../Libraries/iLLD/TC27D/Tricore/Scu/Std/IfxScuWdt.c
 
Building file: ../Libraries/iLLD/TC27D/Tricore/Cpu/Trap/IfxCpu_Trap.c
Invoking: AURIX GCC Compiler
tricore-elf-gcc -std=c99 "@C:/Users/FM23/AURIX-v1.10.2-workspace/05_Encoder/TriCore Debug (GCC)/AURIX_GCC_Compiler-Include_paths__-I_.opt" -Og -g3 -gdwarf-3 -Wall -c -fmessage-length=0 -fno-common -fstrict-volatile-bitfields -fdata-sections -ffunction-sections -mtc161 -MMD -MP -MF"Libraries/iLLD/TC27D/Tricore/Cpu/Trap/IfxCpu_Trap.d" -MT"Libraries/iLLD/TC27D/Tricore/Cpu/Trap/IfxCpu_Trap.o" -o "Libraries/iLLD/TC27D/Tricore/Cpu/Trap/IfxCpu_Trap.o" "../Libraries/iLLD/TC27D/Tricore/Cpu/Trap/IfxCpu_Trap.c"
Finished building: ../Libraries/iLLD/TC27D/Tricore/Cpu/Trap/IfxCpu_Trap.c
 
Building file: ../Libraries/iLLD/TC27D/Tricore/Cpu/Std/IfxCpu.c
Invoking: AURIX GCC Compiler
tricore-elf-gcc -std=c99 "@C:/Users/FM23/AURIX-v1.10.2-workspace/05_Encoder/TriCore Debug (GCC)/AURIX_GCC_Compiler-Include_paths__-I_.opt" -Og -g3 -gdwarf-3 -Wall -c -fmessage-length=0 -fno-common -fstrict-volatile-bitfields -fdata-sections -ffunction-sections -mtc161 -MMD -MP -MF"Libraries/iLLD/TC27D/Tricore/Cpu/Std/IfxCpu.d" -MT"Libraries/iLLD/TC27D/Tricore/Cpu/Std/IfxCpu.o" -o "Libraries/iLLD/TC27D/Tricore/Cpu/Std/IfxCpu.o" "../Libraries/iLLD/TC27D/Tricore/Cpu/Std/IfxCpu.c"
Finished building: ../Libraries/iLLD/TC27D/Tricore/Cpu/Std/IfxCpu.c
 
Building file: ../Libraries/Service/CpuGeneric/StdIf/IfxStdIf_DPipe.c
Invoking: AURIX GCC Compiler
tricore-elf-gcc -std=c99 "@C:/Users/FM23/AURIX-v1.10.2-workspace/05_Encoder/TriCore Debug (GCC)/AURIX_GCC_Compiler-Include_paths__-I_.opt" -Og -g3 -gdwarf-3 -Wall -c -fmessage-length=0 -fno-common -fstrict-volatile-bitfields -fdata-sections -ffunction-sections -mtc161 -MMD -MP -MF"Libraries/Service/CpuGeneric/StdIf/IfxStdIf_DPipe.d" -MT"Libraries/Service/CpuGeneric/StdIf/IfxStdIf_DPipe.o" -o "Libraries/Service/CpuGeneric/StdIf/IfxStdIf_DPipe.o" "../Libraries/Service/CpuGeneric/StdIf/IfxStdIf_DPipe.c"
Finished building: ../Libraries/Service/CpuGeneric/StdIf/IfxStdIf_DPipe.c
 
Building file: ../Libraries/Service/CpuGeneric/StdIf/IfxStdIf_Pos.c
Invoking: AURIX GCC Compiler
tricore-elf-gcc -std=c99 "@C:/Users/FM23/AURIX-v1.10.2-workspace/05_Encoder/TriCore Debug (GCC)/AURIX_GCC_Compiler-Include_paths__-I_.opt" -Og -g3 -gdwarf-3 -Wall -c -fmessage-length=0 -fno-common -fstrict-volatile-bitfields -fdata-sections -ffunction-sections -mtc161 -MMD -MP -MF"Libraries/Service/CpuGeneric/StdIf/IfxStdIf_Pos.d" -MT"Libraries/Service/CpuGeneric/StdIf/IfxStdIf_Pos.o" -o "Libraries/Service/CpuGeneric/StdIf/IfxStdIf_Pos.o" "../Libraries/Service/CpuGeneric/StdIf/IfxStdIf_Pos.c"
Finished building: ../Libraries/Service/CpuGeneric/StdIf/IfxStdIf_Pos.c
 
Building file: ../Libraries/Infra/Platform/Tricore/Compilers/CompilerDcc.c
Invoking: AURIX GCC Compiler
tricore-elf-gcc -std=c99 "@C:/Users/FM23/AURIX-v1.10.2-workspace/05_Encoder/TriCore Debug (GCC)/AURIX_GCC_Compiler-Include_paths__-I_.opt" -Og -g3 -gdwarf-3 -Wall -c -fmessage-length=0 -fno-common -fstrict-volatile-bitfields -fdata-sections -ffunction-sections -mtc161 -MMD -MP -MF"Libraries/Infra/Platform/Tricore/Compilers/CompilerDcc.d" -MT"Libraries/Infra/Platform/Tricore/Compilers/CompilerDcc.o" -o "Libraries/Infra/Platform/Tricore/Compilers/CompilerDcc.o" "../Libraries/Infra/Platform/Tricore/Compilers/CompilerDcc.c"
Finished building: ../Libraries/Infra/Platform/Tricore/Compilers/CompilerDcc.c
 
Building file: ../Libraries/Service/CpuGeneric/StdIf/IfxStdIf_PwmHl.c
Invoking: AURIX GCC Compiler
tricore-elf-gcc -std=c99 "@C:/Users/FM23/AURIX-v1.10.2-workspace/05_Encoder/TriCore Debug (GCC)/AURIX_GCC_Compiler-Include_paths__-I_.opt" -Og -g3 -gdwarf-3 -Wall -c -fmessage-length=0 -fno-common -fstrict-volatile-bitfields -fdata-sections -ffunction-sections -mtc161 -MMD -MP -MF"Libraries/Service/CpuGeneric/StdIf/IfxStdIf_PwmHl.d" -MT"Libraries/Service/CpuGeneric/StdIf/IfxStdIf_PwmHl.o" -o "Libraries/Service/CpuGeneric/StdIf/IfxStdIf_PwmHl.o" "../Libraries/Service/CpuGeneric/StdIf/IfxStdIf_PwmHl.c"
Finished building: ../Libraries/Service/CpuGeneric/StdIf/IfxStdIf_PwmHl.c
 
Building file: ../Libraries/iLLD/TC27D/Tricore/Cpu/CStart/IfxCpu_CStart0.c
Invoking: AURIX GCC Compiler
tricore-elf-gcc -std=c99 "@C:/Users/FM23/AURIX-v1.10.2-workspace/05_Encoder/TriCore Debug (GCC)/AURIX_GCC_Compiler-Include_paths__-I_.opt" -Og -g3 -gdwarf-3 -Wall -c -fmessage-length=0 -fno-common -fstrict-volatile-bitfields -fdata-sections -ffunction-sections -mtc161 -MMD -MP -MF"Libraries/iLLD/TC27D/Tricore/Cpu/CStart/IfxCpu_CStart0.d" -MT"Libraries/iLLD/TC27D/Tricore/Cpu/CStart/IfxCpu_CStart0.o" -o "Libraries/iLLD/TC27D/Tricore/Cpu/CStart/IfxCpu_CStart0.o" "../Libraries/iLLD/TC27D/Tricore/Cpu/CStart/IfxCpu_CStart0.c"
Finished building: ../Libraries/iLLD/TC27D/Tricore/Cpu/CStart/IfxCpu_CStart0.c
 
Building file: ../Libraries/iLLD/TC27D/Tricore/Cpu/CStart/IfxCpu_CStart1.c
Invoking: AURIX GCC Compiler
tricore-elf-gcc -std=c99 "@C:/Users/FM23/AURIX-v1.10.2-workspace/05_Encoder/TriCore Debug (GCC)/AURIX_GCC_Compiler-Include_paths__-I_.opt" -Og -g3 -gdwarf-3 -Wall -c -fmessage-length=0 -fno-common -fstrict-volatile-bitfields -fdata-sections -ffunction-sections -mtc161 -MMD -MP -MF"Libraries/iLLD/TC27D/Tricore/Cpu/CStart/IfxCpu_CStart1.d" -MT"Libraries/iLLD/TC27D/Tricore/Cpu/CStart/IfxCpu_CStart1.o" -o "Libraries/iLLD/TC27D/Tricore/Cpu/CStart/IfxCpu_CStart1.o" "../Libraries/iLLD/TC27D/Tricore/Cpu/CStart/IfxCpu_CStart1.c"
Finished building: ../Libraries/iLLD/TC27D/Tricore/Cpu/CStart/IfxCpu_CStart1.c
 
Building file: ../Libraries/iLLD/TC27D/Tricore/Vadc/Adc/IfxVadc_Adc.c
Invoking: AURIX GCC Compiler
tricore-elf-gcc -std=c99 "@C:/Users/FM23/AURIX-v1.10.2-workspace/05_Encoder/TriCore Debug (GCC)/AURIX_GCC_Compiler-Include_paths__-I_.opt" -Og -g3 -gdwarf-3 -Wall -c -fmessage-length=0 -fno-common -fstrict-volatile-bitfields -fdata-sections -ffunction-sections -mtc161 -MMD -MP -MF"Libraries/iLLD/TC27D/Tricore/Vadc/Adc/IfxVadc_Adc.d" -MT"Libraries/iLLD/TC27D/Tricore/Vadc/Adc/IfxVadc_Adc.o" -o "Libraries/iLLD/TC27D/Tricore/Vadc/Adc/IfxVadc_Adc.o" "../Libraries/iLLD/TC27D/Tricore/Vadc/Adc/IfxVadc_Adc.c"
Finished building: ../Libraries/iLLD/TC27D/Tricore/Vadc/Adc/IfxVadc_Adc.c
 
Building file: ../Libraries/Infra/Platform/Tricore/Compilers/CompilerGcc.c
Invoking: AURIX GCC Compiler
tricore-elf-gcc -std=c99 "@C:/Users/FM23/AURIX-v1.10.2-workspace/05_Encoder/TriCore Debug (GCC)/AURIX_GCC_Compiler-Include_paths__-I_.opt" -Og -g3 -gdwarf-3 -Wall -c -fmessage-length=0 -fno-common -fstrict-volatile-bitfields -fdata-sections -ffunction-sections -mtc161 -MMD -MP -MF"Libraries/Infra/Platform/Tricore/Compilers/CompilerGcc.d" -MT"Libraries/Infra/Platform/Tricore/Compilers/CompilerGcc.o" -o "Libraries/Infra/Platform/Tricore/Compilers/CompilerGcc.o" "../Libraries/Infra/Platform/Tricore/Compilers/CompilerGcc.c"
Finished building: ../Libraries/Infra/Platform/Tricore/Compilers/CompilerGcc.c
 
Building file: ../Libraries/iLLD/TC27D/Tricore/Scu/Std/IfxScuCcu.c
Invoking: AURIX GCC Compiler
tricore-elf-gcc -std=c99 "@C:/Users/FM23/AURIX-v1.10.2-workspace/05_Encoder/TriCore Debug (GCC)/AURIX_GCC_Compiler-Include_paths__-I_.opt" -Og -g3 -gdwarf-3 -Wall -c -fmessage-length=0 -fno-common -fstrict-volatile-bitfields -fdata-sections -ffunction-sections -mtc161 -MMD -MP -MF"Libraries/iLLD/TC27D/Tricore/Scu/Std/IfxScuCcu.d" -MT"Libraries/iLLD/TC27D/Tricore/Scu/Std/IfxScuCcu.o" -o "Libraries/iLLD/TC27D/Tricore/Scu/Std/IfxScuCcu.o" "../Libraries/iLLD/TC27D/Tricore/Scu/Std/IfxScuCcu.c"
Finished building: ../Libraries/iLLD/TC27D/Tricore/Scu/Std/IfxScuCcu.c
 
Building file: ../Libraries/iLLD/TC27D/Tricore/Cpu/CStart/IfxCpu_CStart2.c
Invoking: AURIX GCC Compiler
tricore-elf-gcc -std=c99 "@C:/Users/FM23/AURIX-v1.10.2-workspace/05_Encoder/TriCore Debug (GCC)/AURIX_GCC_Compiler-Include_paths__-I_.opt" -Og -g3 -gdwarf-3 -Wall -c -fmessage-length=0 -fno-common -fstrict-volatile-bitfields -fdata-sections -ffunction-sections -mtc161 -MMD -MP -MF"Libraries/iLLD/TC27D/Tricore/Cpu/CStart/IfxCpu_CStart2.d" -MT"Libraries/iLLD/TC27D/Tricore/Cpu/CStart/IfxCpu_CStart2.o" -o "Libraries/iLLD/TC27D/Tricore/Cpu/CStart/IfxCpu_CStart2.o" "../Libraries/iLLD/TC27D/Tricore/Cpu/CStart/IfxCpu_CStart2.c"
Finished building: ../Libraries/iLLD/TC27D/Tricore/Cpu/CStart/IfxCpu_CStart2.c
 
Building file: ../Libraries/Service/CpuGeneric/StdIf/IfxStdIf_Timer.c
Invoking: AURIX GCC Compiler
tricore-elf-gcc -std=c99 "@C:/Users/FM23/AURIX-v1.10.2-workspace/05_Encoder/TriCore Debug (GCC)/AURIX_GCC_Compiler-Include_paths__-I_.opt" -Og -g3 -gdwarf-3 -Wall -c -fmessage-length=0 -fno-common -fstrict-volatile-bitfields -fdata-sections -ffunction-sections -mtc161 -MMD -MP -MF"Libraries/Service/CpuGeneric/StdIf/IfxStdIf_Timer.d" -MT"Libraries/Service/CpuGeneric/StdIf/IfxStdIf_Timer.o" -o "Libraries/Service/CpuGeneric/StdIf/IfxStdIf_Timer.o" "../Libraries/Service/CpuGeneric/StdIf/IfxStdIf_Timer.c"
Finished building: ../Libraries/Service/CpuGeneric/StdIf/IfxStdIf_Timer.c
 
Building file: ../Libraries/Infra/Platform/Tricore/Compilers/CompilerGhs.c
Invoking: AURIX GCC Compiler
tricore-elf-gcc -std=c99 "@C:/Users/FM23/AURIX-v1.10.2-workspace/05_Encoder/TriCore Debug (GCC)/AURIX_GCC_Compiler-Include_paths__-I_.opt" -Og -g3 -gdwarf-3 -Wall -c -fmessage-length=0 -fno-common -fstrict-volatile-bitfields -fdata-sections -ffunction-sections -mtc161 -MMD -MP -MF"Libraries/Infra/Platform/Tricore/Compilers/CompilerGhs.d" -MT"Libraries/Infra/Platform/Tricore/Compilers/CompilerGhs.o" -o "Libraries/Infra/Platform/Tricore/Compilers/CompilerGhs.o" "../Libraries/Infra/Platform/Tricore/Compilers/CompilerGhs.c"
Finished building: ../Libraries/Infra/Platform/Tricore/Compilers/CompilerGhs.c
 
Building file: ../Libraries/Infra/Platform/Tricore/Compilers/CompilerGnuc.c
Invoking: AURIX GCC Compiler
tricore-elf-gcc -std=c99 "@C:/Users/FM23/AURIX-v1.10.2-workspace/05_Encoder/TriCore Debug (GCC)/AURIX_GCC_Compiler-Include_paths__-I_.opt" -Og -g3 -gdwarf-3 -Wall -c -fmessage-length=0 -fno-common -fstrict-volatile-bitfields -fdata-sections -ffunction-sections -mtc161 -MMD -MP -MF"Libraries/Infra/Platform/Tricore/Compilers/CompilerGnuc.d" -MT"Libraries/Infra/Platform/Tricore/Compilers/CompilerGnuc.o" -o "Libraries/Infra/Platform/Tricore/Compilers/CompilerGnuc.o" "../Libraries/Infra/Platform/Tricore/Compilers/CompilerGnuc.c"
Finished building: ../Libraries/Infra/Platform/Tricore/Compilers/CompilerGnuc.c
 
Building file: ../Libraries/iLLD/TC27D/Tricore/Asclin/Std/IfxAsclin.c
Invoking: AURIX GCC Compiler
tricore-elf-gcc -std=c99 "@C:/Users/FM23/AURIX-v1.10.2-workspace/05_Encoder/TriCore Debug (GCC)/AURIX_GCC_Compiler-Include_paths__-I_.opt" -Og -g3 -gdwarf-3 -Wall -c -fmessage-length=0 -fno-common -fstrict-volatile-bitfields -fdata-sections -ffunction-sections -mtc161 -MMD -MP -MF"Libraries/iLLD/TC27D/Tricore/Asclin/Std/IfxAsclin.d" -MT"Libraries/iLLD/TC27D/Tricore/Asclin/Std/IfxAsclin.o" -o "Libraries/iLLD/TC27D/Tricore/Asclin/Std/IfxAsclin.o" "../Libraries/iLLD/TC27D/Tricore/Asclin/Std/IfxAsclin.c"
Finished building: ../Libraries/iLLD/TC27D/Tricore/Asclin/Std/IfxAsclin.c
 
Building file: ../Libraries/iLLD/TC27D/Tricore/Asclin/Asc/IfxAsclin_Asc.c
Invoking: AURIX GCC Compiler
tricore-elf-gcc -std=c99 "@C:/Users/FM23/AURIX-v1.10.2-workspace/05_Encoder/TriCore Debug (GCC)/AURIX_GCC_Compiler-Include_paths__-I_.opt" -Og -g3 -gdwarf-3 -Wall -c -fmessage-length=0 -fno-common -fstrict-volatile-bitfields -fdata-sections -ffunction-sections -mtc161 -MMD -MP -MF"Libraries/iLLD/TC27D/Tricore/Asclin/Asc/IfxAsclin_Asc.d" -MT"Libraries/iLLD/TC27D/Tricore/Asclin/Asc/IfxAsclin_Asc.o" -o "Libraries/iLLD/TC27D/Tricore/Asclin/Asc/IfxAsclin_Asc.o" "../Libraries/iLLD/TC27D/Tricore/Asclin/Asc/IfxAsclin_Asc.c"
Finished building: ../Libraries/iLLD/TC27D/Tricore/Asclin/Asc/IfxAsclin_Asc.c
 
Building file: ../Libraries/Infra/Platform/Tricore/Compilers/CompilerTasking.c
Invoking: AURIX GCC Compiler
tricore-elf-gcc -std=c99 "@C:/Users/FM23/AURIX-v1.10.2-workspace/05_Encoder/TriCore Debug (GCC)/AURIX_GCC_Compiler-Include_paths__-I_.opt" -Og -g3 -gdwarf-3 -Wall -c -fmessage-length=0 -fno-common -fstrict-volatile-bitfields -fdata-sections -ffunction-sections -mtc161 -MMD -MP -MF"Libraries/Infra/Platform/Tricore/Compilers/CompilerTasking.d" -MT"Libraries/Infra/Platform/Tricore/Compilers/CompilerTasking.o" -o "Libraries/Infra/Platform/Tricore/Compilers/CompilerTasking.o" "../Libraries/Infra/Platform/Tricore/Compilers/CompilerTasking.c"
Finished building: ../Libraries/Infra/Platform/Tricore/Compilers/CompilerTasking.c
 
Building file: ../Configurations/Debug/sync_on_halt.c
Invoking: AURIX GCC Compiler
tricore-elf-gcc -std=c99 "@C:/Users/FM23/AURIX-v1.10.2-workspace/05_Encoder/TriCore Debug (GCC)/AURIX_GCC_Compiler-Include_paths__-I_.opt" -Og -g3 -gdwarf-3 -Wall -c -fmessage-length=0 -fno-common -fstrict-volatile-bitfields -fdata-sections -ffunction-sections -mtc161 -MMD -MP -MF"Configurations/Debug/sync_on_halt.d" -MT"Configurations/Debug/sync_on_halt.o" -o "Configurations/Debug/sync_on_halt.o" "../Configurations/Debug/sync_on_halt.c"
Finished building: ../Configurations/Debug/sync_on_halt.c
 
Building file: ../Cpu2_Main.c
Invoking: AURIX GCC Compiler
tricore-elf-gcc -std=c99 "@C:/Users/FM23/AURIX-v1.10.2-workspace/05_Encoder/TriCore Debug (GCC)/AURIX_GCC_Compiler-Include_paths__-I_.opt" -Og -g3 -gdwarf-3 -Wall -c -fmessage-length=0 -fno-common -fstrict-volatile-bitfields -fdata-sections -ffunction-sections -mtc161 -MMD -MP -MF"Cpu2_Main.d" -MT"Cpu2_Main.o" -o "Cpu2_Main.o" "../Cpu2_Main.c"
Finished building: ../Cpu2_Main.c
 
Building file: ../GPIO/GPIO.c
Invoking: AURIX GCC Compiler
tricore-elf-gcc -std=c99 "@C:/Users/FM23/AURIX-v1.10.2-workspace/05_Encoder/TriCore Debug (GCC)/AURIX_GCC_Compiler-Include_paths__-I_.opt" -Og -g3 -gdwarf-3 -Wall -c -fmessage-length=0 -fno-common -fstrict-volatile-bitfields -fdata-sections -ffunction-sections -mtc161 -MMD -MP -MF"GPIO/GPIO.d" -MT"GPIO/GPIO.o" -o "GPIO/GPIO.o" "../GPIO/GPIO.c"
Finished building: ../GPIO/GPIO.c
 
../GPIO/GPIO.c: In function 'init_GPIO':
../GPIO/GPIO.c:25:4: warning: implicit declaration of function 'IfxPort_setPinModeIntput'; did you mean 'IfxPort_setPinModeInput'? [-Wimplicit-function-declaration]
   25 |    IfxPort_setPinModeIntput(PORT_021,IfxPort_InputMode_pullDown); // Encoder B // @suppress("Symbol is not resolved")
      |    ^~~~~~~~~~~~~~~~~~~~~~~~
      |    IfxPort_setPinModeInput
Building file: ../Encoder/Encoder.c
Invoking: AURIX GCC Compiler
tricore-elf-gcc -std=c99 "@C:/Users/FM23/AURIX-v1.10.2-workspace/05_Encoder/TriCore Debug (GCC)/AURIX_GCC_Compiler-Include_paths__-I_.opt" -Og -g3 -gdwarf-3 -Wall -c -fmessage-length=0 -fno-common -fstrict-volatile-bitfields -fdata-sections -ffunction-sections -mtc161 -MMD -MP -MF"Encoder/Encoder.d" -MT"Encoder/Encoder.o" -o "Encoder/Encoder.o" "../Encoder/Encoder.c"
Finished building: ../Encoder/Encoder.c
 
Building file: ../Cpu0_Main.c
Invoking: AURIX GCC Compiler
tricore-elf-gcc -std=c99 "@C:/Users/FM23/AURIX-v1.10.2-workspace/05_Encoder/TriCore Debug (GCC)/AURIX_GCC_Compiler-Include_paths__-I_.opt" -Og -g3 -gdwarf-3 -Wall -c -fmessage-length=0 -fno-common -fstrict-volatile-bitfields -fdata-sections -ffunction-sections -mtc161 -MMD -MP -MF"Cpu0_Main.d" -MT"Cpu0_Main.o" -o "Cpu0_Main.o" "../Cpu0_Main.c"
Finished building: ../Cpu0_Main.c
 
Building file: ../ADC/ADC.c
Invoking: AURIX GCC Compiler
tricore-elf-gcc -std=c99 "@C:/Users/FM23/AURIX-v1.10.2-workspace/05_Encoder/TriCore Debug (GCC)/AURIX_GCC_Compiler-Include_paths__-I_.opt" -Og -g3 -gdwarf-3 -Wall -c -fmessage-length=0 -fno-common -fstrict-volatile-bitfields -fdata-sections -ffunction-sections -mtc161 -MMD -MP -MF"ADC/ADC.d" -MT"ADC/ADC.o" -o "ADC/ADC.o" "../ADC/ADC.c"
Finished building: ../ADC/ADC.c
 
Building file: ../Cpu1_Main.c
Invoking: AURIX GCC Compiler
tricore-elf-gcc -std=c99 "@C:/Users/FM23/AURIX-v1.10.2-workspace/05_Encoder/TriCore Debug (GCC)/AURIX_GCC_Compiler-Include_paths__-I_.opt" -Og -g3 -gdwarf-3 -Wall -c -fmessage-length=0 -fno-common -fstrict-volatile-bitfields -fdata-sections -ffunction-sections -mtc161 -MMD -MP -MF"Cpu1_Main.d" -MT"Cpu1_Main.o" -o "Cpu1_Main.o" "../Cpu1_Main.c"
Finished building: ../Cpu1_Main.c
 
Building target: 05_Encoder.elf
Invoking: AURIX GCC Linker
tricore-elf-gcc -nocrt0 -T"../Lcf_Gnuc_Tricore_Tc.lsl" -Wl,--gc-sections -mtc161 -o "05_Encoder.elf"  ./Scheduler/Scheduler.o  ./STM/STM.o  ./Libraries/iLLD/TC27D/Tricore/_PinMap/IfxAsclin_PinMap.o ./Libraries/iLLD/TC27D/Tricore/_PinMap/IfxCcu6_PinMap.o ./Libraries/iLLD/TC27D/Tricore/_PinMap/IfxCif_PinMap.o ./Libraries/iLLD/TC27D/Tricore/_PinMap/IfxDsadc_PinMap.o ./Libraries/iLLD/TC27D/Tricore/_PinMap/IfxEray_PinMap.o ./Libraries/iLLD/TC27D/Tricore/_PinMap/IfxEth_PinMap.o ./Libraries/iLLD/TC27D/Tricore/_PinMap/IfxGpt12_PinMap.o ./Libraries/iLLD/TC27D/Tricore/_PinMap/IfxGtm_PinMap.o ./Libraries/iLLD/TC27D/Tricore/_PinMap/IfxI2c_PinMap.o ./Libraries/iLLD/TC27D/Tricore/_PinMap/IfxMsc_PinMap.o ./Libraries/iLLD/TC27D/Tricore/_PinMap/IfxMultican_PinMap.o ./Libraries/iLLD/TC27D/Tricore/_PinMap/IfxPort_PinMap.o ./Libraries/iLLD/TC27D/Tricore/_PinMap/IfxPsi5_PinMap.o ./Libraries/iLLD/TC27D/Tricore/_PinMap/IfxPsi5s_PinMap.o ./Libraries/iLLD/TC27D/Tricore/_PinMap/IfxQspi_PinMap.o ./Libraries/iLLD/TC27D/Tricore/_PinMap/IfxScu_PinMap.o ./Libraries/iLLD/TC27D/Tricore/_PinMap/IfxSent_PinMap.o ./Libraries/iLLD/TC27D/Tricore/_PinMap/IfxSmu_PinMap.o ./Libraries/iLLD/TC27D/Tricore/_PinMap/IfxVadc_PinMap.o  ./Libraries/iLLD/TC27D/Tricore/_Lib/DataHandling/Ifx_CircularBuffer.asm.o ./Libraries/iLLD/TC27D/Tricore/_Lib/DataHandling/Ifx_CircularBuffer.o ./Libraries/iLLD/TC27D/Tricore/_Lib/DataHandling/Ifx_Fifo.o  ./Libraries/iLLD/TC27D/Tricore/_Impl/IfxAsclin_cfg.o ./Libraries/iLLD/TC27D/Tricore/_Impl/IfxCcu6_cfg.o ./Libraries/iLLD/TC27D/Tricore/_Impl/IfxCif_cfg.o ./Libraries/iLLD/TC27D/Tricore/_Impl/IfxCpu_cfg.o ./Libraries/iLLD/TC27D/Tricore/_Impl/IfxDma_cfg.o ./Libraries/iLLD/TC27D/Tricore/_Impl/IfxEmem_cfg.o ./Libraries/iLLD/TC27D/Tricore/_Impl/IfxEray_cfg.o ./Libraries/iLLD/TC27D/Tricore/_Impl/IfxFlash_cfg.o ./Libraries/iLLD/TC27D/Tricore/_Impl/IfxGtm_cfg.o ./Libraries/iLLD/TC27D/Tricore/_Impl/IfxHssl_cfg.o ./Libraries/iLLD/TC27D/Tricore/_Impl/IfxI2c_cfg.o ./Libraries/iLLD/TC27D/Tricore/_Impl/IfxMsc_cfg.o ./Libraries/iLLD/TC27D/Tricore/_Impl/IfxMtu_cfg.o ./Libraries/iLLD/TC27D/Tricore/_Impl/IfxMultican_cfg.o ./Libraries/iLLD/TC27D/Tricore/_Impl/IfxPort_cfg.o ./Libraries/iLLD/TC27D/Tricore/_Impl/IfxPsi5_cfg.o ./Libraries/iLLD/TC27D/Tricore/_Impl/IfxQspi_cfg.o ./Libraries/iLLD/TC27D/Tricore/_Impl/IfxScu_cfg.o ./Libraries/iLLD/TC27D/Tricore/_Impl/IfxSent_cfg.o ./Libraries/iLLD/TC27D/Tricore/_Impl/IfxSmu_cfg.o ./Libraries/iLLD/TC27D/Tricore/_Impl/IfxSrc_cfg.o ./Libraries/iLLD/TC27D/Tricore/_Impl/IfxStm_cfg.o ./Libraries/iLLD/TC27D/Tricore/_Impl/IfxVadc_cfg.o  ./Libraries/iLLD/TC27D/Tricore/Vadc/Std/IfxVadc.o  ./Libraries/iLLD/TC27D/Tricore/Vadc/Adc/IfxVadc_Adc.o  ./Libraries/iLLD/TC27D/Tricore/Stm/Std/IfxStm.o  ./Libraries/iLLD/TC27D/Tricore/Src/Std/IfxSrc.o  ./Libraries/iLLD/TC27D/Tricore/Scu/Std/IfxScuCcu.o ./Libraries/iLLD/TC27D/Tricore/Scu/Std/IfxScuEru.o ./Libraries/iLLD/TC27D/Tricore/Scu/Std/IfxScuWdt.o  ./Libraries/iLLD/TC27D/Tricore/Port/Std/IfxPort.o  ./Libraries/iLLD/TC27D/Tricore/Cpu/Trap/IfxCpu_Trap.o  ./Libraries/iLLD/TC27D/Tricore/Cpu/Std/IfxCpu.o  ./Libraries/iLLD/TC27D/Tricore/Cpu/Irq/IfxCpu_Irq.o  ./Libraries/iLLD/TC27D/Tricore/Cpu/CStart/IfxCpu_CStart0.o ./Libraries/iLLD/TC27D/Tricore/Cpu/CStart/IfxCpu_CStart1.o ./Libraries/iLLD/TC27D/Tricore/Cpu/CStart/IfxCpu_CStart2.o  ./Libraries/iLLD/TC27D/Tricore/Asclin/Std/IfxAsclin.o  ./Libraries/iLLD/TC27D/Tricore/Asclin/Asc/IfxAsclin_Asc.o  ./Libraries/Service/CpuGeneric/StdIf/IfxStdIf_DPipe.o ./Libraries/Service/CpuGeneric/StdIf/IfxStdIf_Pos.o ./Libraries/Service/CpuGeneric/StdIf/IfxStdIf_PwmHl.o ./Libraries/Service/CpuGeneric/StdIf/IfxStdIf_Timer.o  ./Libraries/Infra/Platform/Tricore/Compilers/CompilerDcc.o ./Libraries/Infra/Platform/Tricore/Compilers/CompilerGcc.o ./Libraries/Infra/Platform/Tricore/Compilers/CompilerGhs.o ./Libraries/Infra/Platform/Tricore/Compilers/CompilerGnuc.o ./Libraries/Infra/Platform/Tricore/Compilers/CompilerTasking.o  ./GPIO/GPIO.o  ./Encoder/Encoder.o  ./Configurations/Debug/sync_on_halt.o  ./ADC/ADC.o  ./Cpu0_Main.o ./Cpu1_Main.o ./Cpu2_Main.o 
c:/infineon/aurix-studio-1.10.2/tools/compilers/tricore-gcc11/bin/../lib/gcc/tricore-elf/11.3.1/../../../../tricore-elf/bin/ld.exe: warning: 05_Encoder.elf has a LOAD segment with RWX permissions
c:/infineon/aurix-studio-1.10.2/tools/compilers/tricore-gcc11/bin/../lib/gcc/tricore-elf/11.3.1/../../../../tricore-elf/bin/ld.exe: warning: 05_Encoder.elf has a LOAD segment with RWX permissions
c:/infineon/aurix-studio-1.10.2/tools/compilers/tricore-gcc11/bin/../lib/gcc/tricore-elf/11.3.1/../../../../tricore-elf/bin/ld.exe: ./GPIO/GPIO.o: in function `init_GPIO':
(.text.init_GPIO+0x34): undefined reference to `IfxPort_setPinModeIntput'
collect2.exe: error: ld returned 1 exit status
make: *** [makefile:75: 05_Encoder.elf] Error 1
"make --output-sync -j24 all" terminated with exit code 2. Build might be incomplete.
Build started...
18:04:53 **** Incremental Build of configuration TriCore Debug (GCC) for project 05_Encoder ****
make --output-sync -j24 all 
Building file: ../GPIO/GPIO.c
Invoking: AURIX GCC Compiler
tricore-elf-gcc -std=c99 "@C:/Users/FM23/AURIX-v1.10.2-workspace/05_Encoder/TriCore Debug (GCC)/AURIX_GCC_Compiler-Include_paths__-I_.opt" -Og -g3 -gdwarf-3 -Wall -c -fmessage-length=0 -fno-common -fstrict-volatile-bitfields -fdata-sections -ffunction-sections -mtc161 -MMD -MP -MF"GPIO/GPIO.d" -MT"GPIO/GPIO.o" -o "GPIO/GPIO.o" "../GPIO/GPIO.c"
Finished building: ../GPIO/GPIO.c
 
Building target: 05_Encoder.elf
Invoking: AURIX GCC Linker
c:/infineon/aurix-studio-1.10.2/tools/compilers/tricore-gcc11/bin/../lib/gcc/tricore-elf/11.3.1/../../../../tricore-elf/bin/ld.exe: warning: 05_Encoder.elf has a LOAD segment with RWX permissions
c:/infineon/aurix-studio-1.10.2/tools/compilers/tricore-gcc11/bin/../lib/gcc/tricore-elf/11.3.1/../../../../tricore-elf/bin/ld.exe: warning: 05_Encoder.elf has a LOAD segment with RWX permissions
tricore-elf-gcc -nocrt0 -T"../Lcf_Gnuc_Tricore_Tc.lsl" -Wl,--gc-sections -mtc161 -o "05_Encoder.elf"  ./Scheduler/Scheduler.o  ./STM/STM.o  ./Libraries/iLLD/TC27D/Tricore/_PinMap/IfxAsclin_PinMap.o ./Libraries/iLLD/TC27D/Tricore/_PinMap/IfxCcu6_PinMap.o ./Libraries/iLLD/TC27D/Tricore/_PinMap/IfxCif_PinMap.o ./Libraries/iLLD/TC27D/Tricore/_PinMap/IfxDsadc_PinMap.o ./Libraries/iLLD/TC27D/Tricore/_PinMap/IfxEray_PinMap.o ./Libraries/iLLD/TC27D/Tricore/_PinMap/IfxEth_PinMap.o ./Libraries/iLLD/TC27D/Tricore/_PinMap/IfxGpt12_PinMap.o ./Libraries/iLLD/TC27D/Tricore/_PinMap/IfxGtm_PinMap.o ./Libraries/iLLD/TC27D/Tricore/_PinMap/IfxI2c_PinMap.o ./Libraries/iLLD/TC27D/Tricore/_PinMap/IfxMsc_PinMap.o ./Libraries/iLLD/TC27D/Tricore/_PinMap/IfxMultican_PinMap.o ./Libraries/iLLD/TC27D/Tricore/_PinMap/IfxPort_PinMap.o ./Libraries/iLLD/TC27D/Tricore/_PinMap/IfxPsi5_PinMap.o ./Libraries/iLLD/TC27D/Tricore/_PinMap/IfxPsi5s_PinMap.o ./Libraries/iLLD/TC27D/Tricore/_PinMap/IfxQspi_PinMap.o ./Libraries/iLLD/TC27D/Tricore/_PinMap/IfxScu_PinMap.o ./Libraries/iLLD/TC27D/Tricore/_PinMap/IfxSent_PinMap.o ./Libraries/iLLD/TC27D/Tricore/_PinMap/IfxSmu_PinMap.o ./Libraries/iLLD/TC27D/Tricore/_PinMap/IfxVadc_PinMap.o  ./Libraries/iLLD/TC27D/Tricore/_Lib/DataHandling/Ifx_CircularBuffer.asm.o ./Libraries/iLLD/TC27D/Tricore/_Lib/DataHandling/Ifx_CircularBuffer.o ./Libraries/iLLD/TC27D/Tricore/_Lib/DataHandling/Ifx_Fifo.o  ./Libraries/iLLD/TC27D/Tricore/_Impl/IfxAsclin_cfg.o ./Libraries/iLLD/TC27D/Tricore/_Impl/IfxCcu6_cfg.o ./Libraries/iLLD/TC27D/Tricore/_Impl/IfxCif_cfg.o ./Libraries/iLLD/TC27D/Tricore/_Impl/IfxCpu_cfg.o ./Libraries/iLLD/TC27D/Tricore/_Impl/IfxDma_cfg.o ./Libraries/iLLD/TC27D/Tricore/_Impl/IfxEmem_cfg.o ./Libraries/iLLD/TC27D/Tricore/_Impl/IfxEray_cfg.o ./Libraries/iLLD/TC27D/Tricore/_Impl/IfxFlash_cfg.o ./Libraries/iLLD/TC27D/Tricore/_Impl/IfxGtm_cfg.o ./Libraries/iLLD/TC27D/Tricore/_Impl/IfxHssl_cfg.o ./Libraries/iLLD/TC27D/Tricore/_Impl/IfxI2c_cfg.o ./Libraries/iLLD/TC27D/Tricore/_Impl/IfxMsc_cfg.o ./Libraries/iLLD/TC27D/Tricore/_Impl/IfxMtu_cfg.o ./Libraries/iLLD/TC27D/Tricore/_Impl/IfxMultican_cfg.o ./Libraries/iLLD/TC27D/Tricore/_Impl/IfxPort_cfg.o ./Libraries/iLLD/TC27D/Tricore/_Impl/IfxPsi5_cfg.o ./Libraries/iLLD/TC27D/Tricore/_Impl/IfxQspi_cfg.o ./Libraries/iLLD/TC27D/Tricore/_Impl/IfxScu_cfg.o ./Libraries/iLLD/TC27D/Tricore/_Impl/IfxSent_cfg.o ./Libraries/iLLD/TC27D/Tricore/_Impl/IfxSmu_cfg.o ./Libraries/iLLD/TC27D/Tricore/_Impl/IfxSrc_cfg.o ./Libraries/iLLD/TC27D/Tricore/_Impl/IfxStm_cfg.o ./Libraries/iLLD/TC27D/Tricore/_Impl/IfxVadc_cfg.o  ./Libraries/iLLD/TC27D/Tricore/Vadc/Std/IfxVadc.o  ./Libraries/iLLD/TC27D/Tricore/Vadc/Adc/IfxVadc_Adc.o  ./Libraries/iLLD/TC27D/Tricore/Stm/Std/IfxStm.o  ./Libraries/iLLD/TC27D/Tricore/Src/Std/IfxSrc.o  ./Libraries/iLLD/TC27D/Tricore/Scu/Std/IfxScuCcu.o ./Libraries/iLLD/TC27D/Tricore/Scu/Std/IfxScuEru.o ./Libraries/iLLD/TC27D/Tricore/Scu/Std/IfxScuWdt.o  ./Libraries/iLLD/TC27D/Tricore/Port/Std/IfxPort.o  ./Libraries/iLLD/TC27D/Tricore/Cpu/Trap/IfxCpu_Trap.o  ./Libraries/iLLD/TC27D/Tricore/Cpu/Std/IfxCpu.o  ./Libraries/iLLD/TC27D/Tricore/Cpu/Irq/IfxCpu_Irq.o  ./Libraries/iLLD/TC27D/Tricore/Cpu/CStart/IfxCpu_CStart0.o ./Libraries/iLLD/TC27D/Tricore/Cpu/CStart/IfxCpu_CStart1.o ./Libraries/iLLD/TC27D/Tricore/Cpu/CStart/IfxCpu_CStart2.o  ./Libraries/iLLD/TC27D/Tricore/Asclin/Std/IfxAsclin.o  ./Libraries/iLLD/TC27D/Tricore/Asclin/Asc/IfxAsclin_Asc.o  ./Libraries/Service/CpuGeneric/StdIf/IfxStdIf_DPipe.o ./Libraries/Service/CpuGeneric/StdIf/IfxStdIf_Pos.o ./Libraries/Service/CpuGeneric/StdIf/IfxStdIf_PwmHl.o ./Libraries/Service/CpuGeneric/StdIf/IfxStdIf_Timer.o  ./Libraries/Infra/Platform/Tricore/Compilers/CompilerDcc.o ./Libraries/Infra/Platform/Tricore/Compilers/CompilerGcc.o ./Libraries/Infra/Platform/Tricore/Compilers/CompilerGhs.o ./Libraries/Infra/Platform/Tricore/Compilers/CompilerGnuc.o ./Libraries/Infra/Platform/Tricore/Compilers/CompilerTasking.o  ./GPIO/GPIO.o  ./Encoder/Encoder.o  ./Configurations/Debug/sync_on_halt.o  ./ADC/ADC.o  ./Cpu0_Main.o ./Cpu1_Main.o ./Cpu2_Main.o 
Finished building target: 05_Encoder.elf
 
Invoking: AURIX Object Copy
tricore-elf-objcopy -O ihex "05_Encoder.elf" "05_Encoder.hex"
Finished building: 05_Encoder.hex
 
Invoking: AURIX Print Size
tricore-elf-size  --format=berkeley "05_Encoder.elf"
   text	   data	    bss	    dec	    hex	filename
  14638	     36	  38104	  52778	   ce2a	05_Encoder.elf
Finished building: 05_Encoder.siz
 
Invoking: AURIX Create Listing
tricore-elf-objdump -h -S "05_Encoder.elf" > "05_Encoder.lst"
Finished building: 05_Encoder.lst
 
Build started...
18:05:04 **** Incremental Build of configuration TriCore Debug (GCC) for project 05_Encoder ****
make --output-sync -j24 all 
Invoking: AURIX Print Size
tricore-elf-size  --format=berkeley "05_Encoder.elf"
   text	   data	    bss	    dec	    hex	filename
  14638	     36	  38104	  52778	   ce2a	05_Encoder.elf
Finished building: 05_Encoder.siz
 
Build started...
18:05:15 **** Incremental Build of configuration TriCore Debug (GCC) for project 05_Encoder ****
make --output-sync -j24 all 
Invoking: AURIX Print Size
tricore-elf-size  --format=berkeley "05_Encoder.elf"
   text	   data	    bss	    dec	    hex	filename
  14638	     36	  38104	  52778	   ce2a	05_Encoder.elf
Finished building: 05_Encoder.siz
 
Build started...
18:05:28 **** Incremental Build of configuration TriCore Debug (GCC) for project 05_Encoder ****
make --output-sync -j24 all 
Invoking: AURIX Print Size
tricore-elf-size  --format=berkeley "05_Encoder.elf"
   text	   data	    bss	    dec	    hex	filename
  14638	     36	  38104	  52778	   ce2a	05_Encoder.elf
Finished building: 05_Encoder.siz
 
Build started...
18:05:37 **** Incremental Build of configuration TriCore Debug (GCC) for project 05_Encoder ****
make --output-sync -j24 all 
Invoking: AURIX Print Size
tricore-elf-size  --format=berkeley "05_Encoder.elf"
   text	   data	    bss	    dec	    hex	filename
  14638	     36	  38104	  52778	   ce2a	05_Encoder.elf
Finished building: 05_Encoder.siz
 
Build started...
18:07:35 **** Incremental Build of configuration TriCore Debug (GCC) for project 05_Encoder ****
make --output-sync -j24 all 
Building file: ../STM/STM.c
Invoking: AURIX GCC Compiler
tricore-elf-gcc -std=c99 "@C:/Users/FM23/AURIX-v1.10.2-workspace/05_Encoder/TriCore Debug (GCC)/AURIX_GCC_Compiler-Include_paths__-I_.opt" -Og -g3 -gdwarf-3 -Wall -c -fmessage-length=0 -fno-common -fstrict-volatile-bitfields -fdata-sections -ffunction-sections -mtc161 -MMD -MP -MF"STM/STM.d" -MT"STM/STM.o" -o "STM/STM.o" "../STM/STM.c"
Finished building: ../STM/STM.c
 
Building file: ../GPIO/GPIO.c
Invoking: AURIX GCC Compiler
tricore-elf-gcc -std=c99 "@C:/Users/FM23/AURIX-v1.10.2-workspace/05_Encoder/TriCore Debug (GCC)/AURIX_GCC_Compiler-Include_paths__-I_.opt" -Og -g3 -gdwarf-3 -Wall -c -fmessage-length=0 -fno-common -fstrict-volatile-bitfields -fdata-sections -ffunction-sections -mtc161 -MMD -MP -MF"GPIO/GPIO.d" -MT"GPIO/GPIO.o" -o "GPIO/GPIO.o" "../GPIO/GPIO.c"
Finished building: ../GPIO/GPIO.c
 
Building file: ../Encoder/Encoder.c
Invoking: AURIX GCC Compiler
tricore-elf-gcc -std=c99 "@C:/Users/FM23/AURIX-v1.10.2-workspace/05_Encoder/TriCore Debug (GCC)/AURIX_GCC_Compiler-Include_paths__-I_.opt" -Og -g3 -gdwarf-3 -Wall -c -fmessage-length=0 -fno-common -fstrict-volatile-bitfields -fdata-sections -ffunction-sections -mtc161 -MMD -MP -MF"Encoder/Encoder.d" -MT"Encoder/Encoder.o" -o "Encoder/Encoder.o" "../Encoder/Encoder.c"
Finished building: ../Encoder/Encoder.c
 
Building file: ../Cpu0_Main.c
Invoking: AURIX GCC Compiler
tricore-elf-gcc -std=c99 "@C:/Users/FM23/AURIX-v1.10.2-workspace/05_Encoder/TriCore Debug (GCC)/AURIX_GCC_Compiler-Include_paths__-I_.opt" -Og -g3 -gdwarf-3 -Wall -c -fmessage-length=0 -fno-common -fstrict-volatile-bitfields -fdata-sections -ffunction-sections -mtc161 -MMD -MP -MF"Cpu0_Main.d" -MT"Cpu0_Main.o" -o "Cpu0_Main.o" "../Cpu0_Main.c"
Finished building: ../Cpu0_Main.c
 
Building file: ../Cpu1_Main.c
Invoking: AURIX GCC Compiler
tricore-elf-gcc -std=c99 "@C:/Users/FM23/AURIX-v1.10.2-workspace/05_Encoder/TriCore Debug (GCC)/AURIX_GCC_Compiler-Include_paths__-I_.opt" -Og -g3 -gdwarf-3 -Wall -c -fmessage-length=0 -fno-common -fstrict-volatile-bitfields -fdata-sections -ffunction-sections -mtc161 -MMD -MP -MF"Cpu1_Main.d" -MT"Cpu1_Main.o" -o "Cpu1_Main.o" "../Cpu1_Main.c"
Finished building: ../Cpu1_Main.c
 
Building file: ../ADC/ADC.c
Invoking: AURIX GCC Compiler
tricore-elf-gcc -std=c99 "@C:/Users/FM23/AURIX-v1.10.2-workspace/05_Encoder/TriCore Debug (GCC)/AURIX_GCC_Compiler-Include_paths__-I_.opt" -Og -g3 -gdwarf-3 -Wall -c -fmessage-length=0 -fno-common -fstrict-volatile-bitfields -fdata-sections -ffunction-sections -mtc161 -MMD -MP -MF"ADC/ADC.d" -MT"ADC/ADC.o" -o "ADC/ADC.o" "../ADC/ADC.c"
Finished building: ../ADC/ADC.c
 
Building target: 05_Encoder.elf
Invoking: AURIX GCC Linker
c:/infineon/aurix-studio-1.10.2/tools/compilers/tricore-gcc11/bin/../lib/gcc/tricore-elf/11.3.1/../../../../tricore-elf/bin/ld.exe: warning: 05_Encoder.elf has a LOAD segment with RWX permissions
tricore-elf-gcc -nocrt0 -T"../Lcf_Gnuc_Tricore_Tc.lsl" -Wl,--gc-sections -mtc161 -o "05_Encoder.elf"  ./Scheduler/Scheduler.o  ./STM/STM.o  ./Libraries/iLLD/TC27D/Tricore/_PinMap/IfxAsclin_PinMap.o ./Libraries/iLLD/TC27D/Tricore/_PinMap/IfxCcu6_PinMap.o ./Libraries/iLLD/TC27D/Tricore/_PinMap/IfxCif_PinMap.o ./Libraries/iLLD/TC27D/Tricore/_PinMap/IfxDsadc_PinMap.o ./Libraries/iLLD/TC27D/Tricore/_PinMap/IfxEray_PinMap.o ./Libraries/iLLD/TC27D/Tricore/_PinMap/IfxEth_PinMap.o ./Libraries/iLLD/TC27D/Tricore/_PinMap/IfxGpt12_PinMap.o ./Libraries/iLLD/TC27D/Tricore/_PinMap/IfxGtm_PinMap.o ./Libraries/iLLD/TC27D/Tricore/_PinMap/IfxI2c_PinMap.o ./Libraries/iLLD/TC27D/Tricore/_PinMap/IfxMsc_PinMap.o ./Libraries/iLLD/TC27D/Tricore/_PinMap/IfxMultican_PinMap.o ./Libraries/iLLD/TC27D/Tricore/_PinMap/IfxPort_PinMap.o ./Libraries/iLLD/TC27D/Tricore/_PinMap/IfxPsi5_PinMap.o ./Libraries/iLLD/TC27D/Tricore/_PinMap/IfxPsi5s_PinMap.o ./Libraries/iLLD/TC27D/Tricore/_PinMap/IfxQspi_PinMap.o ./Libraries/iLLD/TC27D/Tricore/_PinMap/IfxScu_PinMap.o ./Libraries/iLLD/TC27D/Tricore/_PinMap/IfxSent_PinMap.o ./Libraries/iLLD/TC27D/Tricore/_PinMap/IfxSmu_PinMap.o ./Libraries/iLLD/TC27D/Tricore/_PinMap/IfxVadc_PinMap.o  ./Libraries/iLLD/TC27D/Tricore/_Lib/DataHandling/Ifx_CircularBuffer.asm.o ./Libraries/iLLD/TC27D/Tricore/_Lib/DataHandling/Ifx_CircularBuffer.o ./Libraries/iLLD/TC27D/Tricore/_Lib/DataHandling/Ifx_Fifo.o  ./Libraries/iLLD/TC27D/Tricore/_Impl/IfxAsclin_cfg.o ./Libraries/iLLD/TC27D/Tricore/_Impl/IfxCcu6_cfg.o ./Libraries/iLLD/TC27D/Tricore/_Impl/IfxCif_cfg.o ./Libraries/iLLD/TC27D/Tricore/_Impl/IfxCpu_cfg.o ./Libraries/iLLD/TC27D/Tricore/_Impl/IfxDma_cfg.o ./Libraries/iLLD/TC27D/Tricore/_Impl/IfxEmem_cfg.o ./Libraries/iLLD/TC27D/Tricore/_Impl/IfxEray_cfg.o ./Libraries/iLLD/TC27D/Tricore/_Impl/IfxFlash_cfg.o ./Libraries/iLLD/TC27D/Tricore/_Impl/IfxGtm_cfg.o ./Libraries/iLLD/TC27D/Tricore/_Impl/IfxHssl_cfg.o ./Libraries/iLLD/TC27D/Tricore/_Impl/IfxI2c_cfg.o ./Libraries/iLLD/TC27D/Tricore/_Impl/IfxMsc_cfg.o ./Libraries/iLLD/TC27D/Tricore/_Impl/IfxMtu_cfg.o ./Libraries/iLLD/TC27D/Tricore/_Impl/IfxMultican_cfg.o ./Libraries/iLLD/TC27D/Tricore/_Impl/IfxPort_cfg.o ./Libraries/iLLD/TC27D/Tricore/_Impl/IfxPsi5_cfg.o ./Libraries/iLLD/TC27D/Tricore/_Impl/IfxQspi_cfg.o ./Libraries/iLLD/TC27D/Tricore/_Impl/IfxScu_cfg.o ./Libraries/iLLD/TC27D/Tricore/_Impl/IfxSent_cfg.o ./Libraries/iLLD/TC27D/Tricore/_Impl/IfxSmu_cfg.o ./Libraries/iLLD/TC27D/Tricore/_Impl/IfxSrc_cfg.o ./Libraries/iLLD/TC27D/Tricore/_Impl/IfxStm_cfg.o ./Libraries/iLLD/TC27D/Tricore/_Impl/IfxVadc_cfg.o  ./Libraries/iLLD/TC27D/Tricore/Vadc/Std/IfxVadc.o  ./Libraries/iLLD/TC27D/Tricore/Vadc/Adc/IfxVadc_Adc.o  ./Libraries/iLLD/TC27D/Tricore/Stm/Std/IfxStm.o  ./Libraries/iLLD/TC27D/Tricore/Src/Std/IfxSrc.o  ./Libraries/iLLD/TC27D/Tricore/Scu/Std/IfxScuCcu.o ./Libraries/iLLD/TC27D/Tricore/Scu/Std/IfxScuEru.o ./Libraries/iLLD/TC27D/Tricore/Scu/Std/IfxScuWdt.o  ./Libraries/iLLD/TC27D/Tricore/Port/Std/IfxPort.o  ./Libraries/iLLD/TC27D/Tricore/Cpu/Trap/IfxCpu_Trap.o  ./Libraries/iLLD/TC27D/Tricore/Cpu/Std/IfxCpu.o  ./Libraries/iLLD/TC27D/Tricore/Cpu/Irq/IfxCpu_Irq.o  ./Libraries/iLLD/TC27D/Tricore/Cpu/CStart/IfxCpu_CStart0.o ./Libraries/iLLD/TC27D/Tricore/Cpu/CStart/IfxCpu_CStart1.o ./Libraries/iLLD/TC27D/Tricore/Cpu/CStart/IfxCpu_CStart2.o  ./Libraries/iLLD/TC27D/Tricore/Asclin/Std/IfxAsclin.o  ./Libraries/iLLD/TC27D/Tricore/Asclin/Asc/IfxAsclin_Asc.o  ./Libraries/Service/CpuGeneric/StdIf/IfxStdIf_DPipe.o ./Libraries/Service/CpuGeneric/StdIf/IfxStdIf_Pos.o ./Libraries/Service/CpuGeneric/StdIf/IfxStdIf_PwmHl.o ./Libraries/Service/CpuGeneric/StdIf/IfxStdIf_Timer.o  ./Libraries/Infra/Platform/Tricore/Compilers/CompilerDcc.o ./Libraries/Infra/Platform/Tricore/Compilers/CompilerGcc.o ./Libraries/Infra/Platform/Tricore/Compilers/CompilerGhs.o ./Libraries/Infra/Platform/Tricore/Compilers/CompilerGnuc.o ./Libraries/Infra/Platform/Tricore/Compilers/CompilerTasking.o  ./GPIO/GPIO.o  ./Encoder/Encoder.o  ./Configurations/Debug/sync_on_halt.o  ./ADC/ADC.o  ./Cpu0_Main.o ./Cpu1_Main.o ./Cpu2_Main.o 
Finished building target: 05_Encoder.elf
 
c:/infineon/aurix-studio-1.10.2/tools/compilers/tricore-gcc11/bin/../lib/gcc/tricore-elf/11.3.1/../../../../tricore-elf/bin/ld.exe: warning: 05_Encoder.elf has a LOAD segment with RWX permissions
Invoking: AURIX Object Copy
tricore-elf-objcopy -O ihex "05_Encoder.elf" "05_Encoder.hex"
Finished building: 05_Encoder.hex
 
Invoking: AURIX Print Size
tricore-elf-size  --format=berkeley "05_Encoder.elf"
   text	   data	    bss	    dec	    hex	filename
  14638	     36	  38104	  52778	   ce2a	05_Encoder.elf
Finished building: 05_Encoder.siz
 
Invoking: AURIX Create Listing
tricore-elf-objdump -h -S "05_Encoder.elf" > "05_Encoder.lst"
Finished building: 05_Encoder.lst
 
Build started...
18:08:08 **** Incremental Build of configuration TriCore Debug (GCC) for project 05_Encoder ****
make --output-sync -j24 all 
Invoking: AURIX Print Size
tricore-elf-size  --format=berkeley "05_Encoder.elf"
   text	   data	    bss	    dec	    hex	filename
  14638	     36	  38104	  52778	   ce2a	05_Encoder.elf
Finished building: 05_Encoder.siz
 
Build started...
09:28:39 **** Incremental Build of configuration TriCore Debug (GCC) for project 05_Encoder ****
make --output-sync -j24 all 
Invoking: AURIX Print Size
tricore-elf-size  --format=berkeley "05_Encoder.elf"
   text	   data	    bss	    dec	    hex	filename
  14638	     36	  38104	  52778	   ce2a	05_Encoder.elf
Finished building: 05_Encoder.siz
 
Build started...
10:12:50 **** Build of configuration TriCore Debug (GCC) for project 06_PWM_GTM ****
make --output-sync -j24 all 
Building file: ../Libraries/iLLD/TC27D/Tricore/_PinMap/IfxAsclin_PinMap.c
Invoking: AURIX GCC Compiler
[...]
   text	   data	    bss	    dec	    hex	filename
  22572	     60	  38268	  60900	   ede4	06_PWM_GTM.elf
Finished building: 06_PWM_GTM.siz
 
Invoking: AURIX Create Listing
tricore-elf-objdump -h -S "06_PWM_GTM.elf" > "06_PWM_GTM.lst"
Finished building: 06_PWM_GTM.lst
 
Build started...
15:08:13 **** Incremental Build of configuration TriCore Debug (GCC) for project 06_PWM_GTM ****
make --output-sync -j24 all 
Invoking: AURIX Print Size
tricore-elf-size  --format=berkeley "06_PWM_GTM.elf"
   text	   data	    bss	    dec	    hex	filename
  22572	     60	  38268	  60900	   ede4	06_PWM_GTM.elf
Finished building: 06_PWM_GTM.siz
 
Build started...
15:14:44 **** Incremental Build of configuration TriCore Debug (GCC) for project 06_PWM_GTM ****
make --output-sync -j24 all 
Building file: ../PWM/PWM.c
Invoking: AURIX GCC Compiler
tricore-elf-gcc -std=c99 "@C:/Users/FM23/AURIX-v1.10.2-workspace/06_PWM_GTM/TriCore Debug (GCC)/AURIX_GCC_Compiler-Include_paths__-I_.opt" -Og -g3 -gdwarf-3 -Wall -c -fmessage-length=0 -fno-common -fstrict-volatile-bitfields -fdata-sections -ffunction-sections -mtc161 -MMD -MP -MF"PWM/PWM.d" -MT"PWM/PWM.o" -o "PWM/PWM.o" "../PWM/PWM.c"
Finished building: ../PWM/PWM.c
 
Building target: 06_PWM_GTM.elf
Invoking: AURIX GCC Linker
c:/infineon/aurix-studio-1.10.2/tools/compilers/tricore-gcc11/bin/../lib/gcc/tricore-elf/11.3.1/../../../../tricore-elf/bin/ld.exe: warning: 06_PWM_GTM.elf has a LOAD segment with RWX permissions
tricore-elf-gcc -nocrt0 -T"../Lcf_Gnuc_Tricore_Tc.lsl" -Wl,--gc-sections -mtc161 -o "06_PWM_GTM.elf"  ./Scheduler/Scheduler.o  ./STM/STM.o  ./PWM/PWM.o  ./Libraries/iLLD/TC27D/Tricore/_PinMap/IfxAsclin_PinMap.o ./Libraries/iLLD/TC27D/Tricore/_PinMap/IfxCcu6_PinMap.o ./Libraries/iLLD/TC27D/Tricore/_PinMap/IfxCif_PinMap.o ./Libraries/iLLD/TC27D/Tricore/_PinMap/IfxDsadc_PinMap.o ./Libraries/iLLD/TC27D/Tricore/_PinMap/IfxEray_PinMap.o ./Libraries/iLLD/TC27D/Tricore/_PinMap/IfxEth_PinMap.o ./Libraries/iLLD/TC27D/Tricore/_PinMap/IfxGpt12_PinMap.o ./Libraries/iLLD/TC27D/Tricore/_PinMap/IfxGtm_PinMap.o ./Libraries/iLLD/TC27D/Tricore/_PinMap/IfxI2c_PinMap.o ./Libraries/iLLD/TC27D/Tricore/_PinMap/IfxMsc_PinMap.o ./Libraries/iLLD/TC27D/Tricore/_PinMap/IfxMultican_PinMap.o ./Libraries/iLLD/TC27D/Tricore/_PinMap/IfxPort_PinMap.o ./Libraries/iLLD/TC27D/Tricore/_PinMap/IfxPsi5_PinMap.o ./Libraries/iLLD/TC27D/Tricore/_PinMap/IfxPsi5s_PinMap.o ./Libraries/iLLD/TC27D/Tricore/_PinMap/IfxQspi_PinMap.o ./Libraries/iLLD/TC27D/Tricore/_PinMap/IfxScu_PinMap.o ./Libraries/iLLD/TC27D/Tricore/_PinMap/IfxSent_PinMap.o ./Libraries/iLLD/TC27D/Tricore/_PinMap/IfxSmu_PinMap.o ./Libraries/iLLD/TC27D/Tricore/_PinMap/IfxVadc_PinMap.o  ./Libraries/iLLD/TC27D/Tricore/_Lib/DataHandling/Ifx_CircularBuffer.asm.o ./Libraries/iLLD/TC27D/Tricore/_Lib/DataHandling/Ifx_CircularBuffer.o ./Libraries/iLLD/TC27D/Tricore/_Lib/DataHandling/Ifx_Fifo.o  ./Libraries/iLLD/TC27D/Tricore/_Impl/IfxAsclin_cfg.o ./Libraries/iLLD/TC27D/Tricore/_Impl/IfxCcu6_cfg.o ./Libraries/iLLD/TC27D/Tricore/_Impl/IfxCif_cfg.o ./Libraries/iLLD/TC27D/Tricore/_Impl/IfxCpu_cfg.o ./Libraries/iLLD/TC27D/Tricore/_Impl/IfxDma_cfg.o ./Libraries/iLLD/TC27D/Tricore/_Impl/IfxEmem_cfg.o ./Libraries/iLLD/TC27D/Tricore/_Impl/IfxEray_cfg.o ./Libraries/iLLD/TC27D/Tricore/_Impl/IfxFlash_cfg.o ./Libraries/iLLD/TC27D/Tricore/_Impl/IfxGtm_cfg.o ./Libraries/iLLD/TC27D/Tricore/_Impl/IfxHssl_cfg.o ./Libraries/iLLD/TC27D/Tricore/_Impl/IfxI2c_cfg.o ./Libraries/iLLD/TC27D/Tricore/_Impl/IfxMsc_cfg.o ./Libraries/iLLD/TC27D/Tricore/_Impl/IfxMtu_cfg.o ./Libraries/iLLD/TC27D/Tricore/_Impl/IfxMultican_cfg.o ./Libraries/iLLD/TC27D/Tricore/_Impl/IfxPort_cfg.o ./Libraries/iLLD/TC27D/Tricore/_Impl/IfxPsi5_cfg.o ./Libraries/iLLD/TC27D/Tricore/_Impl/IfxQspi_cfg.o ./Libraries/iLLD/TC27D/Tricore/_Impl/IfxScu_cfg.o ./Libraries/iLLD/TC27D/Tricore/_Impl/IfxSent_cfg.o ./Libraries/iLLD/TC27D/Tricore/_Impl/IfxSmu_cfg.o ./Libraries/iLLD/TC27D/Tricore/_Impl/IfxSrc_cfg.o ./Libraries/iLLD/TC27D/Tricore/_Impl/IfxStm_cfg.o ./Libraries/iLLD/TC27D/Tricore/_Impl/IfxVadc_cfg.o  ./Libraries/iLLD/TC27D/Tricore/Vadc/Std/IfxVadc.o  ./Libraries/iLLD/TC27D/Tricore/Vadc/Adc/IfxVadc_Adc.o  ./Libraries/iLLD/TC27D/Tricore/Stm/Std/IfxStm.o  ./Libraries/iLLD/TC27D/Tricore/Src/Std/IfxSrc.o  ./Libraries/iLLD/TC27D/Tricore/Scu/Std/IfxScuCcu.o ./Libraries/iLLD/TC27D/Tricore/Scu/Std/IfxScuEru.o ./Libraries/iLLD/TC27D/Tricore/Scu/Std/IfxScuWdt.o  ./Libraries/iLLD/TC27D/Tricore/Port/Std/IfxPort.o  ./Libraries/iLLD/TC27D/Tricore/Mtu/Std/IfxMtu.o  ./Libraries/iLLD/TC27D/Tricore/Gtm/Tom/Timer/IfxGtm_Tom_Timer.o  ./Libraries/iLLD/TC27D/Tricore/Gtm/Tom/PwmHl/IfxGtm_Tom_PwmHl.o  ./Libraries/iLLD/TC27D/Tricore/Gtm/Std/IfxGtm.o ./Libraries/iLLD/TC27D/Tricore/Gtm/Std/IfxGtm_Atom.o ./Libraries/iLLD/TC27D/Tricore/Gtm/Std/IfxGtm_Cmu.o ./Libraries/iLLD/TC27D/Tricore/Gtm/Std/IfxGtm_Dpll.o ./Libraries/iLLD/TC27D/Tricore/Gtm/Std/IfxGtm_Tbu.o ./Libraries/iLLD/TC27D/Tricore/Gtm/Std/IfxGtm_Tim.o ./Libraries/iLLD/TC27D/Tricore/Gtm/Std/IfxGtm_Tom.o  ./Libraries/iLLD/TC27D/Tricore/Cpu/Trap/IfxCpu_Trap.o  ./Libraries/iLLD/TC27D/Tricore/Cpu/Std/IfxCpu.o  ./Libraries/iLLD/TC27D/Tricore/Cpu/Irq/IfxCpu_Irq.o  ./Libraries/iLLD/TC27D/Tricore/Cpu/CStart/IfxCpu_CStart0.o ./Libraries/iLLD/TC27D/Tricore/Cpu/CStart/IfxCpu_CStart1.o ./Libraries/iLLD/TC27D/Tricore/Cpu/CStart/IfxCpu_CStart2.o  ./Libraries/iLLD/TC27D/Tricore/Asclin/Std/IfxAsclin.o  ./Libraries/iLLD/TC27D/Tricore/Asclin/Asc/IfxAsclin_Asc.o  ./Libraries/Service/CpuGeneric/StdIf/IfxStdIf_DPipe.o ./Libraries/Service/CpuGeneric/StdIf/IfxStdIf_Pos.o ./Libraries/Service/CpuGeneric/StdIf/IfxStdIf_PwmHl.o ./Libraries/Service/CpuGeneric/StdIf/IfxStdIf_Timer.o  ./Libraries/Infra/Platform/Tricore/Compilers/CompilerDcc.o ./Libraries/Infra/Platform/Tricore/Compilers/CompilerGcc.o ./Libraries/Infra/Platform/Tricore/Compilers/CompilerGhs.o ./Libraries/Infra/Platform/Tricore/Compilers/CompilerGnuc.o ./Libraries/Infra/Platform/Tricore/Compilers/CompilerTasking.o  ./GPIO/GPIO.o  ./Encoder/Encoder.o  ./Configurations/Debug/sync_on_halt.o  ./ADC/ADC.o  ./Cpu0_Main.o ./Cpu1_Main.o ./Cpu2_Main.o 
Finished building target: 06_PWM_GTM.elf
 
c:/infineon/aurix-studio-1.10.2/tools/compilers/tricore-gcc11/bin/../lib/gcc/tricore-elf/11.3.1/../../../../tricore-elf/bin/ld.exe: warning: 06_PWM_GTM.elf has a LOAD segment with RWX permissions
Invoking: AURIX Object Copy
tricore-elf-objcopy -O ihex "06_PWM_GTM.elf" "06_PWM_GTM.hex"
Finished building: 06_PWM_GTM.hex
 
Invoking: AURIX Print Size
tricore-elf-size  --format=berkeley "06_PWM_GTM.elf"
   text	   data	    bss	    dec	    hex	filename
  22708	     68	  38268	  61044	   ee74	06_PWM_GTM.elf
Finished building: 06_PWM_GTM.siz
 
Invoking: AURIX Create Listing
tricore-elf-objdump -h -S "06_PWM_GTM.elf" > "06_PWM_GTM.lst"
Finished building: 06_PWM_GTM.lst
 
Build started...
15:14:58 **** Incremental Build of configuration TriCore Debug (GCC) for project 06_PWM_GTM ****
make --output-sync -j24 all 
Invoking: AURIX Print Size
tricore-elf-size  --format=berkeley "06_PWM_GTM.elf"
   text	   data	    bss	    dec	    hex	filename
  22708	     68	  38268	  61044	   ee74	06_PWM_GTM.elf
Finished building: 06_PWM_GTM.siz
 
Build started...
15:16:31 **** Incremental Build of configuration TriCore Debug (GCC) for project 06_PWM_GTM ****
make --output-sync -j24 all 
Building file: ../STM/STM.c
Invoking: AURIX GCC Compiler
tricore-elf-gcc -std=c99 "@C:/Users/FM23/AURIX-v1.10.2-workspace/06_PWM_GTM/TriCore Debug (GCC)/AURIX_GCC_Compiler-Include_paths__-I_.opt" -Og -g3 -gdwarf-3 -Wall -c -fmessage-length=0 -fno-common -fstrict-volatile-bitfields -fdata-sections -ffunction-sections -mtc161 -MMD -MP -MF"STM/STM.d" -MT"STM/STM.o" -o "STM/STM.o" "../STM/STM.c"
Finished building: ../STM/STM.c
 
Building target: 06_PWM_GTM.elf
Invoking: AURIX GCC Linker
c:/infineon/aurix-studio-1.10.2/tools/compilers/tricore-gcc11/bin/../lib/gcc/tricore-elf/11.3.1/../../../../tricore-elf/bin/ld.exe: warning: 06_PWM_GTM.elf has a LOAD segment with RWX permissions
c:/infineon/aurix-studio-1.10.2/tools/compilers/tricore-gcc11/bin/../lib/gcc/tricore-elf/11.3.1/../../../../tricore-elf/bin/ld.exe: warning: 06_PWM_GTM.elf has a LOAD segment with RWX permissions
tricore-elf-gcc -nocrt0 -T"../Lcf_Gnuc_Tricore_Tc.lsl" -Wl,--gc-sections -mtc161 -o "06_PWM_GTM.elf"  ./Scheduler/Scheduler.o  ./STM/STM.o  ./PWM/PWM.o  ./Libraries/iLLD/TC27D/Tricore/_PinMap/IfxAsclin_PinMap.o ./Libraries/iLLD/TC27D/Tricore/_PinMap/IfxCcu6_PinMap.o ./Libraries/iLLD/TC27D/Tricore/_PinMap/IfxCif_PinMap.o ./Libraries/iLLD/TC27D/Tricore/_PinMap/IfxDsadc_PinMap.o ./Libraries/iLLD/TC27D/Tricore/_PinMap/IfxEray_PinMap.o ./Libraries/iLLD/TC27D/Tricore/_PinMap/IfxEth_PinMap.o ./Libraries/iLLD/TC27D/Tricore/_PinMap/IfxGpt12_PinMap.o ./Libraries/iLLD/TC27D/Tricore/_PinMap/IfxGtm_PinMap.o ./Libraries/iLLD/TC27D/Tricore/_PinMap/IfxI2c_PinMap.o ./Libraries/iLLD/TC27D/Tricore/_PinMap/IfxMsc_PinMap.o ./Libraries/iLLD/TC27D/Tricore/_PinMap/IfxMultican_PinMap.o ./Libraries/iLLD/TC27D/Tricore/_PinMap/IfxPort_PinMap.o ./Libraries/iLLD/TC27D/Tricore/_PinMap/IfxPsi5_PinMap.o ./Libraries/iLLD/TC27D/Tricore/_PinMap/IfxPsi5s_PinMap.o ./Libraries/iLLD/TC27D/Tricore/_PinMap/IfxQspi_PinMap.o ./Libraries/iLLD/TC27D/Tricore/_PinMap/IfxScu_PinMap.o ./Libraries/iLLD/TC27D/Tricore/_PinMap/IfxSent_PinMap.o ./Libraries/iLLD/TC27D/Tricore/_PinMap/IfxSmu_PinMap.o ./Libraries/iLLD/TC27D/Tricore/_PinMap/IfxVadc_PinMap.o  ./Libraries/iLLD/TC27D/Tricore/_Lib/DataHandling/Ifx_CircularBuffer.asm.o ./Libraries/iLLD/TC27D/Tricore/_Lib/DataHandling/Ifx_CircularBuffer.o ./Libraries/iLLD/TC27D/Tricore/_Lib/DataHandling/Ifx_Fifo.o  ./Libraries/iLLD/TC27D/Tricore/_Impl/IfxAsclin_cfg.o ./Libraries/iLLD/TC27D/Tricore/_Impl/IfxCcu6_cfg.o ./Libraries/iLLD/TC27D/Tricore/_Impl/IfxCif_cfg.o ./Libraries/iLLD/TC27D/Tricore/_Impl/IfxCpu_cfg.o ./Libraries/iLLD/TC27D/Tricore/_Impl/IfxDma_cfg.o ./Libraries/iLLD/TC27D/Tricore/_Impl/IfxEmem_cfg.o ./Libraries/iLLD/TC27D/Tricore/_Impl/IfxEray_cfg.o ./Libraries/iLLD/TC27D/Tricore/_Impl/IfxFlash_cfg.o ./Libraries/iLLD/TC27D/Tricore/_Impl/IfxGtm_cfg.o ./Libraries/iLLD/TC27D/Tricore/_Impl/IfxHssl_cfg.o ./Libraries/iLLD/TC27D/Tricore/_Impl/IfxI2c_cfg.o ./Libraries/iLLD/TC27D/Tricore/_Impl/IfxMsc_cfg.o ./Libraries/iLLD/TC27D/Tricore/_Impl/IfxMtu_cfg.o ./Libraries/iLLD/TC27D/Tricore/_Impl/IfxMultican_cfg.o ./Libraries/iLLD/TC27D/Tricore/_Impl/IfxPort_cfg.o ./Libraries/iLLD/TC27D/Tricore/_Impl/IfxPsi5_cfg.o ./Libraries/iLLD/TC27D/Tricore/_Impl/IfxQspi_cfg.o ./Libraries/iLLD/TC27D/Tricore/_Impl/IfxScu_cfg.o ./Libraries/iLLD/TC27D/Tricore/_Impl/IfxSent_cfg.o ./Libraries/iLLD/TC27D/Tricore/_Impl/IfxSmu_cfg.o ./Libraries/iLLD/TC27D/Tricore/_Impl/IfxSrc_cfg.o ./Libraries/iLLD/TC27D/Tricore/_Impl/IfxStm_cfg.o ./Libraries/iLLD/TC27D/Tricore/_Impl/IfxVadc_cfg.o  ./Libraries/iLLD/TC27D/Tricore/Vadc/Std/IfxVadc.o  ./Libraries/iLLD/TC27D/Tricore/Vadc/Adc/IfxVadc_Adc.o  ./Libraries/iLLD/TC27D/Tricore/Stm/Std/IfxStm.o  ./Libraries/iLLD/TC27D/Tricore/Src/Std/IfxSrc.o  ./Libraries/iLLD/TC27D/Tricore/Scu/Std/IfxScuCcu.o ./Libraries/iLLD/TC27D/Tricore/Scu/Std/IfxScuEru.o ./Libraries/iLLD/TC27D/Tricore/Scu/Std/IfxScuWdt.o  ./Libraries/iLLD/TC27D/Tricore/Port/Std/IfxPort.o  ./Libraries/iLLD/TC27D/Tricore/Mtu/Std/IfxMtu.o  ./Libraries/iLLD/TC27D/Tricore/Gtm/Tom/Timer/IfxGtm_Tom_Timer.o  ./Libraries/iLLD/TC27D/Tricore/Gtm/Tom/PwmHl/IfxGtm_Tom_PwmHl.o  ./Libraries/iLLD/TC27D/Tricore/Gtm/Std/IfxGtm.o ./Libraries/iLLD/TC27D/Tricore/Gtm/Std/IfxGtm_Atom.o ./Libraries/iLLD/TC27D/Tricore/Gtm/Std/IfxGtm_Cmu.o ./Libraries/iLLD/TC27D/Tricore/Gtm/Std/IfxGtm_Dpll.o ./Libraries/iLLD/TC27D/Tricore/Gtm/Std/IfxGtm_Tbu.o ./Libraries/iLLD/TC27D/Tricore/Gtm/Std/IfxGtm_Tim.o ./Libraries/iLLD/TC27D/Tricore/Gtm/Std/IfxGtm_Tom.o  ./Libraries/iLLD/TC27D/Tricore/Cpu/Trap/IfxCpu_Trap.o  ./Libraries/iLLD/TC27D/Tricore/Cpu/Std/IfxCpu.o  ./Libraries/iLLD/TC27D/Tricore/Cpu/Irq/IfxCpu_Irq.o  ./Libraries/iLLD/TC27D/Tricore/Cpu/CStart/IfxCpu_CStart0.o ./Libraries/iLLD/TC27D/Tricore/Cpu/CStart/IfxCpu_CStart1.o ./Libraries/iLLD/TC27D/Tricore/Cpu/CStart/IfxCpu_CStart2.o  ./Libraries/iLLD/TC27D/Tricore/Asclin/Std/IfxAsclin.o  ./Libraries/iLLD/TC27D/Tricore/Asclin/Asc/IfxAsclin_Asc.o  ./Libraries/Service/CpuGeneric/StdIf/IfxStdIf_DPipe.o ./Libraries/Service/CpuGeneric/StdIf/IfxStdIf_Pos.o ./Libraries/Service/CpuGeneric/StdIf/IfxStdIf_PwmHl.o ./Libraries/Service/CpuGeneric/StdIf/IfxStdIf_Timer.o  ./Libraries/Infra/Platform/Tricore/Compilers/CompilerDcc.o ./Libraries/Infra/Platform/Tricore/Compilers/CompilerGcc.o ./Libraries/Infra/Platform/Tricore/Compilers/CompilerGhs.o ./Libraries/Infra/Platform/Tricore/Compilers/CompilerGnuc.o ./Libraries/Infra/Platform/Tricore/Compilers/CompilerTasking.o  ./GPIO/GPIO.o  ./Encoder/Encoder.o  ./Configurations/Debug/sync_on_halt.o  ./ADC/ADC.o  ./Cpu0_Main.o ./Cpu1_Main.o ./Cpu2_Main.o 
Finished building target: 06_PWM_GTM.elf
 
Invoking: AURIX Object Copy
tricore-elf-objcopy -O ihex "06_PWM_GTM.elf" "06_PWM_GTM.hex"
Finished building: 06_PWM_GTM.hex
 
Invoking: AURIX Print Size
tricore-elf-size  --format=berkeley "06_PWM_GTM.elf"
   text	   data	    bss	    dec	    hex	filename
  22716	     68	  38268	  61052	   ee7c	06_PWM_GTM.elf
Finished building: 06_PWM_GTM.siz
 
Invoking: AURIX Create Listing
tricore-elf-objdump -h -S "06_PWM_GTM.elf" > "06_PWM_GTM.lst"
Finished building: 06_PWM_GTM.lst
 
Build started...
15:17:28 **** Incremental Build of configuration TriCore Debug (GCC) for project 06_PWM_GTM ****
make --output-sync -j24 all 
Building file: ../STM/STM.c
Invoking: AURIX GCC Compiler
tricore-elf-gcc -std=c99 "@C:/Users/FM23/AURIX-v1.10.2-workspace/06_PWM_GTM/TriCore Debug (GCC)/AURIX_GCC_Compiler-Include_paths__-I_.opt" -Og -g3 -gdwarf-3 -Wall -c -fmessage-length=0 -fno-common -fstrict-volatile-bitfields -fdata-sections -ffunction-sections -mtc161 -MMD -MP -MF"STM/STM.d" -MT"STM/STM.o" -o "STM/STM.o" "../STM/STM.c"
Finished building: ../STM/STM.c
 
Building file: ../PWM/PWM.c
Invoking: AURIX GCC Compiler
tricore-elf-gcc -std=c99 "@C:/Users/FM23/AURIX-v1.10.2-workspace/06_PWM_GTM/TriCore Debug (GCC)/AURIX_GCC_Compiler-Include_paths__-I_.opt" -Og -g3 -gdwarf-3 -Wall -c -fmessage-length=0 -fno-common -fstrict-volatile-bitfields -fdata-sections -ffunction-sections -mtc161 -MMD -MP -MF"PWM/PWM.d" -MT"PWM/PWM.o" -o "PWM/PWM.o" "../PWM/PWM.c"
Finished building: ../PWM/PWM.c
 
Building target: 06_PWM_GTM.elf
Invoking: AURIX GCC Linker
c:/infineon/aurix-studio-1.10.2/tools/compilers/tricore-gcc11/bin/../lib/gcc/tricore-elf/11.3.1/../../../../tricore-elf/bin/ld.exe: warning: 06_PWM_GTM.elf has a LOAD segment with RWX permissions
tricore-elf-gcc -nocrt0 -T"../Lcf_Gnuc_Tricore_Tc.lsl" -Wl,--gc-sections -mtc161 -o "06_PWM_GTM.elf"  ./Scheduler/Scheduler.o  ./STM/STM.o  ./PWM/PWM.o  ./Libraries/iLLD/TC27D/Tricore/_PinMap/IfxAsclin_PinMap.o ./Libraries/iLLD/TC27D/Tricore/_PinMap/IfxCcu6_PinMap.o ./Libraries/iLLD/TC27D/Tricore/_PinMap/IfxCif_PinMap.o ./Libraries/iLLD/TC27D/Tricore/_PinMap/IfxDsadc_PinMap.o ./Libraries/iLLD/TC27D/Tricore/_PinMap/IfxEray_PinMap.o ./Libraries/iLLD/TC27D/Tricore/_PinMap/IfxEth_PinMap.o ./Libraries/iLLD/TC27D/Tricore/_PinMap/IfxGpt12_PinMap.o ./Libraries/iLLD/TC27D/Tricore/_PinMap/IfxGtm_PinMap.o ./Libraries/iLLD/TC27D/Tricore/_PinMap/IfxI2c_PinMap.o ./Libraries/iLLD/TC27D/Tricore/_PinMap/IfxMsc_PinMap.o ./Libraries/iLLD/TC27D/Tricore/_PinMap/IfxMultican_PinMap.o ./Libraries/iLLD/TC27D/Tricore/_PinMap/IfxPort_PinMap.o ./Libraries/iLLD/TC27D/Tricore/_PinMap/IfxPsi5_PinMap.o ./Libraries/iLLD/TC27D/Tricore/_PinMap/IfxPsi5s_PinMap.o ./Libraries/iLLD/TC27D/Tricore/_PinMap/IfxQspi_PinMap.o ./Libraries/iLLD/TC27D/Tricore/_PinMap/IfxScu_PinMap.o ./Libraries/iLLD/TC27D/Tricore/_PinMap/IfxSent_PinMap.o ./Libraries/iLLD/TC27D/Tricore/_PinMap/IfxSmu_PinMap.o ./Libraries/iLLD/TC27D/Tricore/_PinMap/IfxVadc_PinMap.o  ./Libraries/iLLD/TC27D/Tricore/_Lib/DataHandling/Ifx_CircularBuffer.asm.o ./Libraries/iLLD/TC27D/Tricore/_Lib/DataHandling/Ifx_CircularBuffer.o ./Libraries/iLLD/TC27D/Tricore/_Lib/DataHandling/Ifx_Fifo.o  ./Libraries/iLLD/TC27D/Tricore/_Impl/IfxAsclin_cfg.o ./Libraries/iLLD/TC27D/Tricore/_Impl/IfxCcu6_cfg.o ./Libraries/iLLD/TC27D/Tricore/_Impl/IfxCif_cfg.o ./Libraries/iLLD/TC27D/Tricore/_Impl/IfxCpu_cfg.o ./Libraries/iLLD/TC27D/Tricore/_Impl/IfxDma_cfg.o ./Libraries/iLLD/TC27D/Tricore/_Impl/IfxEmem_cfg.o ./Libraries/iLLD/TC27D/Tricore/_Impl/IfxEray_cfg.o ./Libraries/iLLD/TC27D/Tricore/_Impl/IfxFlash_cfg.o ./Libraries/iLLD/TC27D/Tricore/_Impl/IfxGtm_cfg.o ./Libraries/iLLD/TC27D/Tricore/_Impl/IfxHssl_cfg.o ./Libraries/iLLD/TC27D/Tricore/_Impl/IfxI2c_cfg.o ./Libraries/iLLD/TC27D/Tricore/_Impl/IfxMsc_cfg.o ./Libraries/iLLD/TC27D/Tricore/_Impl/IfxMtu_cfg.o ./Libraries/iLLD/TC27D/Tricore/_Impl/IfxMultican_cfg.o ./Libraries/iLLD/TC27D/Tricore/_Impl/IfxPort_cfg.o ./Libraries/iLLD/TC27D/Tricore/_Impl/IfxPsi5_cfg.o ./Libraries/iLLD/TC27D/Tricore/_Impl/IfxQspi_cfg.o ./Libraries/iLLD/TC27D/Tricore/_Impl/IfxScu_cfg.o ./Libraries/iLLD/TC27D/Tricore/_Impl/IfxSent_cfg.o ./Libraries/iLLD/TC27D/Tricore/_Impl/IfxSmu_cfg.o ./Libraries/iLLD/TC27D/Tricore/_Impl/IfxSrc_cfg.o ./Libraries/iLLD/TC27D/Tricore/_Impl/IfxStm_cfg.o ./Libraries/iLLD/TC27D/Tricore/_Impl/IfxVadc_cfg.o  ./Libraries/iLLD/TC27D/Tricore/Vadc/Std/IfxVadc.o  ./Libraries/iLLD/TC27D/Tricore/Vadc/Adc/IfxVadc_Adc.o  ./Libraries/iLLD/TC27D/Tricore/Stm/Std/IfxStm.o  ./Libraries/iLLD/TC27D/Tricore/Src/Std/IfxSrc.o  ./Libraries/iLLD/TC27D/Tricore/Scu/Std/IfxScuCcu.o ./Libraries/iLLD/TC27D/Tricore/Scu/Std/IfxScuEru.o ./Libraries/iLLD/TC27D/Tricore/Scu/Std/IfxScuWdt.o  ./Libraries/iLLD/TC27D/Tricore/Port/Std/IfxPort.o  ./Libraries/iLLD/TC27D/Tricore/Mtu/Std/IfxMtu.o  ./Libraries/iLLD/TC27D/Tricore/Gtm/Tom/Timer/IfxGtm_Tom_Timer.o  ./Libraries/iLLD/TC27D/Tricore/Gtm/Tom/PwmHl/IfxGtm_Tom_PwmHl.o  ./Libraries/iLLD/TC27D/Tricore/Gtm/Std/IfxGtm.o ./Libraries/iLLD/TC27D/Tricore/Gtm/Std/IfxGtm_Atom.o ./Libraries/iLLD/TC27D/Tricore/Gtm/Std/IfxGtm_Cmu.o ./Libraries/iLLD/TC27D/Tricore/Gtm/Std/IfxGtm_Dpll.o ./Libraries/iLLD/TC27D/Tricore/Gtm/Std/IfxGtm_Tbu.o ./Libraries/iLLD/TC27D/Tricore/Gtm/Std/IfxGtm_Tim.o ./Libraries/iLLD/TC27D/Tricore/Gtm/Std/IfxGtm_Tom.o  ./Libraries/iLLD/TC27D/Tricore/Cpu/Trap/IfxCpu_Trap.o  ./Libraries/iLLD/TC27D/Tricore/Cpu/Std/IfxCpu.o  ./Libraries/iLLD/TC27D/Tricore/Cpu/Irq/IfxCpu_Irq.o  ./Libraries/iLLD/TC27D/Tricore/Cpu/CStart/IfxCpu_CStart0.o ./Libraries/iLLD/TC27D/Tricore/Cpu/CStart/IfxCpu_CStart1.o ./Libraries/iLLD/TC27D/Tricore/Cpu/CStart/IfxCpu_CStart2.o  ./Libraries/iLLD/TC27D/Tricore/Asclin/Std/IfxAsclin.o  ./Libraries/iLLD/TC27D/Tricore/Asclin/Asc/IfxAsclin_Asc.o  ./Libraries/Service/CpuGeneric/StdIf/IfxStdIf_DPipe.o ./Libraries/Service/CpuGeneric/StdIf/IfxStdIf_Pos.o ./Libraries/Service/CpuGeneric/StdIf/IfxStdIf_PwmHl.o ./Libraries/Service/CpuGeneric/StdIf/IfxStdIf_Timer.o  ./Libraries/Infra/Platform/Tricore/Compilers/CompilerDcc.o ./Libraries/Infra/Platform/Tricore/Compilers/CompilerGcc.o ./Libraries/Infra/Platform/Tricore/Compilers/CompilerGhs.o ./Libraries/Infra/Platform/Tricore/Compilers/CompilerGnuc.o ./Libraries/Infra/Platform/Tricore/Compilers/CompilerTasking.o  ./GPIO/GPIO.o  ./Encoder/Encoder.o  ./Configurations/Debug/sync_on_halt.o  ./ADC/ADC.o  ./Cpu0_Main.o ./Cpu1_Main.o ./Cpu2_Main.o 
c:/infineon/aurix-studio-1.10.2/tools/compilers/tricore-gcc11/bin/../lib/gcc/tricore-elf/11.3.1/../../../../tricore-elf/bin/ld.exe: warning: 06_PWM_GTM.elf has a LOAD segment with RWX permissions
Finished building target: 06_PWM_GTM.elf
 
Invoking: AURIX Object Copy
tricore-elf-objcopy -O ihex "06_PWM_GTM.elf" "06_PWM_GTM.hex"
Finished building: 06_PWM_GTM.hex
 
Invoking: AURIX Print Size
tricore-elf-size  --format=berkeley "06_PWM_GTM.elf"
   text	   data	    bss	    dec	    hex	filename
  22716	     68	  38268	  61052	   ee7c	06_PWM_GTM.elf
Finished building: 06_PWM_GTM.siz
 
Invoking: AURIX Create Listing
tricore-elf-objdump -h -S "06_PWM_GTM.elf" > "06_PWM_GTM.lst"
Finished building: 06_PWM_GTM.lst
 
